#
# There is insufficient memory for the Java Runtime Environment to continue.
# Native memory allocation (malloc) failed to allocate 1333616 bytes. Error detail: Chunk::new
# Possible reasons:
#   The system is out of physical RAM or swap space
#   This process is running with CompressedOops enabled, and the Java Heap may be blocking the growth of the native heap
# Possible solutions:
#   Reduce memory load on the system
#   Increase physical memory or swap space
#   Check if swap backing store is full
#   Decrease Java heap size (-Xmx/-Xms)
#   Decrease number of Java threads
#   Decrease Java thread stack sizes (-Xss)
#   Set larger code cache with -XX:ReservedCodeCacheSize=
#   JVM is running with Unscaled Compressed Oops mode in which the Java heap is
#     placed in the first 4GB address space. The Java Heap base address is the
#     maximum limit for the native heap growth. Please use -XX:HeapBaseMinAddress
#     to set the Java Heap base and to place the Java Heap above 4GB virtual address.
# This output file may be truncated or incomplete.
#
#  Out of Memory Error (arena.cpp:168), pid=21068, tid=14880
#
# JRE version: OpenJDK Runtime Environment Temurin-21.0.10+7 (21.0.10+7) (build 21.0.10+7-LTS)
# Java VM: OpenJDK 64-Bit Server VM Temurin-21.0.10+7 (21.0.10+7-LTS, mixed mode, sharing, tiered, compressed oops, compressed class ptrs, parallel gc, windows-amd64)
# No core dump will be written. Minidumps are not enabled by default on client versions of Windows
#

---------------  S U M M A R Y ------------

Command Line: --add-modules=ALL-SYSTEM --add-opens=java.base/java.util=ALL-UNNAMED --add-opens=java.base/java.lang=ALL-UNNAMED --add-opens=java.base/sun.nio.fs=ALL-UNNAMED -Declipse.application=org.eclipse.jdt.ls.core.id1 -Dosgi.bundles.defaultStartLevel=4 -Declipse.product=org.eclipse.jdt.ls.core.product -Djava.import.generatesMetadataFilesAtProjectRoot=false -DDetectVMInstallationsJob.disabled=true -Dfile.encoding=utf8 -XX:+UseParallelGC -XX:GCTimeRatio=4 -XX:AdaptiveSizePolicyWeight=90 -Dsun.zip.disableMemoryMapping=true -Xmx2G -Xms100m -Xlog:disable -javaagent:c:\Users\QUANG HIEU\.vscode\extensions\redhat.java-1.53.0-win32-x64\lombok\lombok-1.18.39-4050.jar -XX:+HeapDumpOnOutOfMemoryError -XX:HeapDumpPath=c:\Users\QUANG HIEU\AppData\Roaming\Code\User\workspaceStorage\2878347c96f63767afd4af9a55f75101\redhat.java -Daether.dependencyCollector.impl=bf c:\Users\QUANG HIEU\.vscode\extensions\redhat.java-1.53.0-win32-x64\server\plugins\org.eclipse.equinox.launcher_1.7.100.v20251111-0406.jar -configuration c:\Users\QUANG HIEU\AppData\Roaming\Code\User\globalStorage\redhat.java\1.53.0\config_win -data c:\Users\QUANG HIEU\AppData\Roaming\Code\User\workspaceStorage\2878347c96f63767afd4af9a55f75101\redhat.java\jdt_ws --pipe=\\.\pipe\lsp-bdca79748b2a2cd7d686fee850217b45-sock

Host: 11th Gen Intel(R) Core(TM) i7-11800H @ 2.30GHz, 16 cores, 15G,  Windows 11 , 64 bit Build 26100 (10.0.26100.8115)
Time: Thu Apr  2 21:50:16 2026 SE Asia Standard Time elapsed time: 495.664355 seconds (0d 0h 8m 15s)

---------------  T H R E A D  ---------------

Current thread (0x000001fefdb49620):  JavaThread "C2 CompilerThread0" daemon [_thread_in_native, id=14880, stack(0x00000013ac200000,0x00000013ac300000) (1024K)]


Current CompileTask:
C2:495664 13547   !   4       com.google.gson.internal.bind.ReflectiveTypeAdapterFactory$2::write (140 bytes)

Stack: [0x00000013ac200000,0x00000013ac300000]
Native frames: (J=compiled Java code, j=interpreted, Vv=VM code, C=native code)
V  [jvm.dll+0x6d7a39]
V  [jvm.dll+0x8b4b26]
V  [jvm.dll+0x8b70de]
V  [jvm.dll+0x8b77c3]
V  [jvm.dll+0x284346]
V  [jvm.dll+0xc66ed]
V  [jvm.dll+0xc6c31]
V  [jvm.dll+0x3bec01]
V  [jvm.dll+0x38b162]
V  [jvm.dll+0x38a5aa]
V  [jvm.dll+0x24c560]
V  [jvm.dll+0x24bb40]
V  [jvm.dll+0x1cb34e]
V  [jvm.dll+0x25b85d]
V  [jvm.dll+0x259dea]
V  [jvm.dll+0x3f857e]
V  [jvm.dll+0x85f59d]
V  [jvm.dll+0x6d626d]
C  [ucrtbase.dll+0x37b0]
C  [KERNEL32.DLL+0x2e8d7]
C  [ntdll.dll+0x8c3fc]


---------------  P R O C E S S  ---------------

Threads class SMR info:
_java_thread_list=0x000001fe87d219d0, length=61, elements={
0x000001fea4bef470, 0x000001fea4c97400, 0x000001fea4c97f60, 0x000001fea4c9a820,
0x000001fea4c9b480, 0x000001fea4ca1a90, 0x000001fea4ca6b00, 0x000001fefdb49620,
0x000001fea4cae2b0, 0x000001fefdd354a0, 0x000001feff41d190, 0x000001fe84226150,
0x000001fefdc01a20, 0x000001feff989460, 0x000001feffab7d80, 0x000001fe842fe320,
0x000001fe84d6e5a0, 0x000001fefdd5cfd0, 0x000001fe8538ac90, 0x000001fe85389f70,
0x000001fe8538b9b0, 0x000001fe8538c040, 0x000001fe8538b320, 0x000001fe8538d3f0,
0x000001fe8538a600, 0x000001fe85b214e0, 0x000001fe85b22200, 0x000001fe85b207c0,
0x000001fe85b20e50, 0x000001fe85b21b70, 0x000001fe85b22890, 0x000001fe85b22f20,
0x000001fe85b1faa0, 0x000001fe85b235b0, 0x000001fe85b20130, 0x000001fe85b270c0,
0x000001fe85b23c40, 0x000001fe85b24ff0, 0x000001fe85b25d10, 0x000001fe85b25680,
0x000001fe85b263a0, 0x000001fe85b26a30, 0x000001fe88b55e90, 0x000001fe88b530a0,
0x000001fe88b53730, 0x000001fe88b57240, 0x000001fe88b53dc0, 0x000001fe88b578d0,
0x000001fe88b54450, 0x000001fe88b59310, 0x000001fe88b57f60, 0x000001fe85f6b860,
0x000001fe85f6dfc0, 0x000001fe85f6bef0, 0x000001fe85f6c580, 0x000001fe85f6cc10,
0x000001fe85f6d2a0, 0x000001fe85f6e650, 0x000001fe891426f0, 0x000001fe89143b60,
0x000001fe89141280
}

Java Threads: ( => current thread )
  0x000001fea4bef470 JavaThread "main"                              [_thread_blocked, id=28648, stack(0x00000013ab800000,0x00000013ab900000) (1024K)]
  0x000001fea4c97400 JavaThread "Reference Handler"          daemon [_thread_blocked, id=26468, stack(0x00000013abc00000,0x00000013abd00000) (1024K)]
  0x000001fea4c97f60 JavaThread "Finalizer"                  daemon [_thread_blocked, id=11388, stack(0x00000013abd00000,0x00000013abe00000) (1024K)]
  0x000001fea4c9a820 JavaThread "Signal Dispatcher"          daemon [_thread_blocked, id=27652, stack(0x00000013abe00000,0x00000013abf00000) (1024K)]
  0x000001fea4c9b480 JavaThread "Attach Listener"            daemon [_thread_blocked, id=28560, stack(0x00000013abf00000,0x00000013ac000000) (1024K)]
  0x000001fea4ca1a90 JavaThread "Service Thread"             daemon [_thread_blocked, id=18452, stack(0x00000013ac000000,0x00000013ac100000) (1024K)]
  0x000001fea4ca6b00 JavaThread "Monitor Deflation Thread"   daemon [_thread_blocked, id=7732, stack(0x00000013ac100000,0x00000013ac200000) (1024K)]
=>0x000001fefdb49620 JavaThread "C2 CompilerThread0"         daemon [_thread_in_native, id=14880, stack(0x00000013ac200000,0x00000013ac300000) (1024K)]
  0x000001fea4cae2b0 JavaThread "C1 CompilerThread0"         daemon [_thread_blocked, id=28176, stack(0x00000013ac300000,0x00000013ac400000) (1024K)]
  0x000001fefdd354a0 JavaThread "Common-Cleaner"             daemon [_thread_blocked, id=21856, stack(0x00000013ac800000,0x00000013ac900000) (1024K)]
  0x000001feff41d190 JavaThread "Notification Thread"        daemon [_thread_blocked, id=24184, stack(0x00000013ac700000,0x00000013ac800000) (1024K)]
  0x000001fe84226150 JavaThread "Active Thread: Equinox Container: bde8e081-4dac-4f18-8dfb-904d5613a334"        [_thread_blocked, id=28656, stack(0x00000013ac500000,0x00000013ac600000) (1024K)]
  0x000001fefdc01a20 JavaThread "Refresh Thread: Equinox Container: bde8e081-4dac-4f18-8dfb-904d5613a334" daemon [_thread_blocked, id=26116, stack(0x00000013ac400000,0x00000013ac500000) (1024K)]
  0x000001feff989460 JavaThread "Framework Event Dispatcher: Equinox Container: bde8e081-4dac-4f18-8dfb-904d5613a334" daemon [_thread_blocked, id=19640, stack(0x00000013acf00000,0x00000013ad000000) (1024K)]
  0x000001feffab7d80 JavaThread "Start Level: Equinox Container: bde8e081-4dac-4f18-8dfb-904d5613a334" daemon [_thread_blocked, id=6268, stack(0x00000013ad000000,0x00000013ad100000) (1024K)]
  0x000001fe842fe320 JavaThread "Bundle File Closer"         daemon [_thread_blocked, id=22092, stack(0x00000013ad300000,0x00000013ad400000) (1024K)]
  0x000001fe84d6e5a0 JavaThread "SCR Component Actor"        daemon [_thread_blocked, id=4104, stack(0x00000013ad800000,0x00000013ad900000) (1024K)]
  0x000001fefdd5cfd0 JavaThread "Worker-JM"                         [_thread_blocked, id=29008, stack(0x00000013adc00000,0x00000013add00000) (1024K)]
  0x000001fe8538ac90 JavaThread "JNA Cleaner"                daemon [_thread_blocked, id=25024, stack(0x00000013ada00000,0x00000013adb00000) (1024K)]
  0x000001fe85389f70 JavaThread "Worker-0"                          [_thread_blocked, id=29636, stack(0x00000013adb00000,0x00000013adc00000) (1024K)]
  0x000001fe8538b9b0 JavaThread "Java indexing"              daemon [_thread_blocked, id=25964, stack(0x00000013ae000000,0x00000013ae100000) (1024K)]
  0x000001fe8538c040 JavaThread "Thread-1"                   daemon [_thread_in_native, id=14820, stack(0x00000013ae500000,0x00000013ae600000) (1024K)]
  0x000001fe8538b320 JavaThread "Thread-2"                   daemon [_thread_in_native, id=25544, stack(0x00000013ae600000,0x00000013ae700000) (1024K)]
  0x000001fe8538d3f0 JavaThread "Thread-3"                   daemon [_thread_in_native, id=14980, stack(0x00000013ae700000,0x00000013ae800000) (1024K)]
  0x000001fe8538a600 JavaThread "Thread-4"                   daemon [_thread_in_native, id=8180, stack(0x00000013ae800000,0x00000013ae900000) (1024K)]
  0x000001fe85b214e0 JavaThread "Thread-5"                   daemon [_thread_in_native, id=26912, stack(0x00000013ae900000,0x00000013aea00000) (1024K)]
  0x000001fe85b22200 JavaThread "Thread-6"                   daemon [_thread_in_native, id=2852, stack(0x00000013aea00000,0x00000013aeb00000) (1024K)]
  0x000001fe85b207c0 JavaThread "Thread-7"                   daemon [_thread_in_native, id=9020, stack(0x00000013aeb00000,0x00000013aec00000) (1024K)]
  0x000001fe85b20e50 JavaThread "Thread-8"                   daemon [_thread_in_native, id=12552, stack(0x00000013aec00000,0x00000013aed00000) (1024K)]
  0x000001fe85b21b70 JavaThread "Thread-9"                   daemon [_thread_in_native, id=26024, stack(0x00000013aed00000,0x00000013aee00000) (1024K)]
  0x000001fe85b22890 JavaThread "Thread-10"                  daemon [_thread_in_native, id=23376, stack(0x00000013aee00000,0x00000013aef00000) (1024K)]
  0x000001fe85b22f20 JavaThread "Thread-11"                  daemon [_thread_in_native, id=28668, stack(0x00000013aef00000,0x00000013af000000) (1024K)]
  0x000001fe85b1faa0 JavaThread "Thread-12"                  daemon [_thread_in_native, id=13536, stack(0x00000013af000000,0x00000013af100000) (1024K)]
  0x000001fe85b235b0 JavaThread "Thread-13"                  daemon [_thread_in_native, id=10116, stack(0x00000013af100000,0x00000013af200000) (1024K)]
  0x000001fe85b20130 JavaThread "Thread-14"                  daemon [_thread_in_native, id=28836, stack(0x00000013af200000,0x00000013af300000) (1024K)]
  0x000001fe85b270c0 JavaThread "Thread-15"                  daemon [_thread_in_native, id=4840, stack(0x00000013af300000,0x00000013af400000) (1024K)]
  0x000001fe85b23c40 JavaThread "Thread-16"                  daemon [_thread_in_native, id=10368, stack(0x00000013af400000,0x00000013af500000) (1024K)]
  0x000001fe85b24ff0 JavaThread "Thread-17"                  daemon [_thread_in_native, id=10684, stack(0x00000013af500000,0x00000013af600000) (1024K)]
  0x000001fe85b25d10 JavaThread "pool-2-thread-1"                   [_thread_blocked, id=4780, stack(0x00000013af700000,0x00000013af800000) (1024K)]
  0x000001fe85b25680 JavaThread "Worker-5"                          [_thread_blocked, id=29208, stack(0x00000013af900000,0x00000013afa00000) (1024K)]
  0x000001fe85b263a0 JavaThread "WorkspaceEventsHandler"            [_thread_blocked, id=23488, stack(0x00000013afa00000,0x00000013afb00000) (1024K)]
  0x000001fe85b26a30 JavaThread "pool-1-thread-1"                   [_thread_blocked, id=29668, stack(0x00000013afb00000,0x00000013afc00000) (1024K)]
  0x000001fe88b55e90 JavaThread "ForkJoinPool.commonPool-worker-4" daemon [_thread_blocked, id=7024, stack(0x00000013afd00000,0x00000013afe00000) (1024K)]
  0x000001fe88b530a0 JavaThread "ForkJoinPool.commonPool-worker-6" daemon [_thread_blocked, id=29456, stack(0x00000013aff00000,0x00000013b0000000) (1024K)]
  0x000001fe88b53730 JavaThread "ForkJoinPool.commonPool-worker-8" daemon [_thread_blocked, id=28876, stack(0x00000013b0100000,0x00000013b0200000) (1024K)]
  0x000001fe88b57240 JavaThread "ForkJoinPool.commonPool-worker-9" daemon [_thread_blocked, id=3176, stack(0x00000013b0200000,0x00000013b0300000) (1024K)]
  0x000001fe88b53dc0 JavaThread "ForkJoinPool.commonPool-worker-10" daemon [_thread_blocked, id=9084, stack(0x00000013b0300000,0x00000013b0400000) (1024K)]
  0x000001fe88b578d0 JavaThread "ForkJoinPool.commonPool-worker-11" daemon [_thread_blocked, id=29040, stack(0x00000013b0400000,0x00000013b0500000) (1024K)]
  0x000001fe88b54450 JavaThread "ForkJoinPool.commonPool-worker-12" daemon [_thread_blocked, id=29304, stack(0x00000013b0500000,0x00000013b0600000) (1024K)]
  0x000001fe88b59310 JavaThread "ForkJoinPool.commonPool-worker-13" daemon [_thread_blocked, id=14872, stack(0x00000013b0600000,0x00000013b0700000) (1024K)]
  0x000001fe88b57f60 JavaThread "ForkJoinPool.commonPool-worker-14" daemon [_thread_blocked, id=29644, stack(0x00000013b0700000,0x00000013b0800000) (1024K)]
  0x000001fe85f6b860 JavaThread "Cleaner-0"                  daemon [_thread_blocked, id=19784, stack(0x00000013b0e00000,0x00000013b0f00000) (1024K)]
  0x000001fe85f6dfc0 JavaThread "Java Debug Server"          daemon [_thread_in_native, id=25956, stack(0x00000013b0f00000,0x00000013b1000000) (1024K)]
  0x000001fe85f6bef0 JavaThread "pool-4-thread-1"                   [_thread_in_native, id=29688, stack(0x00000013b1000000,0x00000013b1100000) (1024K)]
  0x000001fe85f6c580 JavaThread "RxSchedulerPurge-1"         daemon [_thread_blocked, id=27116, stack(0x00000013b1100000,0x00000013b1200000) (1024K)]
  0x000001fe85f6cc10 JavaThread "RxCachedWorkerPoolEvictor-1" daemon [_thread_blocked, id=25724, stack(0x00000013b1200000,0x00000013b1300000) (1024K)]
  0x000001fe85f6d2a0 JavaThread "RxNewThreadScheduler-1"     daemon [_thread_blocked, id=2384, stack(0x00000013b0c00000,0x00000013b0d00000) (1024K)]
  0x000001fe85f6e650 JavaThread "process reaper (pid 29396)" daemon [_thread_in_native, id=5432, stack(0x00000013ab190000,0x00000013ab1b0000) (128K)]
  0x000001fe891426f0 JavaThread "C1 CompilerThread1"         daemon [_thread_blocked, id=26956, stack(0x00000013ab500000,0x00000013ab600000) (1024K)]
  0x000001fe89143b60 JavaThread "C1 CompilerThread2"         daemon [_thread_blocked, id=24056, stack(0x00000013ab600000,0x00000013ab700000) (1024K)]
  0x000001fe89141280 JavaThread "C2 CompilerThread1"         daemon [_thread_blocked, id=22160, stack(0x00000013ad400000,0x00000013ad500000) (1024K)]
Total: 61

Other Threads:
  0x000001febb684100 VMThread "VM Thread"                           [id=18256, stack(0x00000013abb00000,0x00000013abc00000) (1024K)]
  0x000001fea4c5b560 WatcherThread "VM Periodic Task Thread"        [id=1276, stack(0x00000013aba00000,0x00000013abb00000) (1024K)]
  0x000001fea4c0eb00 WorkerThread "GC Thread#0"                     [id=27688, stack(0x00000013ab900000,0x00000013aba00000) (1024K)]
  0x000001feff72b850 WorkerThread "GC Thread#1"                     [id=4308, stack(0x00000013ac900000,0x00000013aca00000) (1024K)]
  0x000001feff84a230 WorkerThread "GC Thread#2"                     [id=8912, stack(0x00000013aca00000,0x00000013acb00000) (1024K)]
  0x000001feff72bc00 WorkerThread "GC Thread#3"                     [id=26508, stack(0x00000013acb00000,0x00000013acc00000) (1024K)]
  0x000001feff683280 WorkerThread "GC Thread#4"                     [id=10092, stack(0x00000013acc00000,0x00000013acd00000) (1024K)]
  0x000001feff683630 WorkerThread "GC Thread#5"                     [id=22192, stack(0x00000013acd00000,0x00000013ace00000) (1024K)]
  0x000001feff9d1910 WorkerThread "GC Thread#6"                     [id=12848, stack(0x00000013ace00000,0x00000013acf00000) (1024K)]
  0x000001feff9d2070 WorkerThread "GC Thread#7"                     [id=27340, stack(0x00000013ac600000,0x00000013ac700000) (1024K)]
  0x000001feff9d1560 WorkerThread "GC Thread#8"                     [id=29036, stack(0x00000013ab700000,0x00000013ab800000) (1024K)]
  0x000001feff9d2420 WorkerThread "GC Thread#9"                     [id=25136, stack(0x00000013ad100000,0x00000013ad200000) (1024K)]
  0x000001feff9d27d0 WorkerThread "GC Thread#10"                    [id=28992, stack(0x00000013ad200000,0x00000013ad300000) (1024K)]
  0x000001feff9d2f30 WorkerThread "GC Thread#11"                    [id=9628, stack(0x00000013ad600000,0x00000013ad700000) (1024K)]
  0x000001fe8425b6a0 WorkerThread "GC Thread#12"                    [id=17000, stack(0x00000013ad700000,0x00000013ad800000) (1024K)]
Total: 15

Threads with active compile tasks:
C2 CompilerThread0  495688 13547   !   4       com.google.gson.internal.bind.ReflectiveTypeAdapterFactory$2::write (140 bytes)
Total: 1

VM state: not at safepoint (normal execution)

VM Mutex/Monitor currently owned by a thread: None

Heap address: 0x0000000080000000, size: 2048 MB, Compressed Oops mode: 32-bit

CDS archive(s) mapped at: [0x000001febc000000-0x000001febcba0000-0x000001febcba0000), size 12189696, SharedBaseAddress: 0x000001febc000000, ArchiveRelocationMode: 1.
Compressed class space mapped at: 0x000001febd000000-0x000001fefd000000, reserved size: 1073741824
Narrow klass base: 0x000001febc000000, Narrow klass shift: 0, Narrow klass range: 0x100000000

GC Precious Log:
 CardTable entry size: 512
 CPUs: 16 total, 16 available
 Memory: 16085M
 Large Page Support: Disabled
 NUMA Support: Disabled
 Compressed Oops: Enabled (32-bit)
 Alignments: Space 512K, Generation 512K, Heap 2M
 Heap Min Capacity: 100M
 Heap Initial Capacity: 100M
 Heap Max Capacity: 2G
 Pre-touch: Disabled
 Parallel Workers: 13

Heap:
 PSYoungGen      total 18944K, used 12959K [0x00000000d5580000, 0x00000000d6a00000, 0x0000000100000000)
  eden space 17920K, 68% used [0x00000000d5580000,0x00000000d6185d90,0x00000000d6700000)
  from space 1024K, 63% used [0x00000000d6900000,0x00000000d69a2260,0x00000000d6a00000)
  to   space 1024K, 0% used [0x00000000d6800000,0x00000000d6800000,0x00000000d6900000)
 ParOldGen       total 115200K, used 115160K [0x0000000080000000, 0x0000000087080000, 0x00000000d5580000)
  object space 115200K, 99% used [0x0000000080000000,0x00000000870763d0,0x0000000087080000)
 Metaspace       used 72592K, committed 74240K, reserved 1179648K
  class space    used 7592K, committed 8320K, reserved 1048576K

Card table byte_map: [0x000001fea45b0000,0x000001fea49c0000] _byte_map_base: 0x000001fea41b0000

Marking Bits: (ParMarkBitMap*) 0x00007fffb5903450
 Begin Bits: [0x000001feb70a0000, 0x000001feb90a0000)
 End Bits:   [0x000001feb90a0000, 0x000001febb0a0000)

Polling page: 0x000001fea2e70000

Metaspace:

Usage:
  Non-class:     63.48 MB used.
      Class:      7.41 MB used.
       Both:     70.89 MB used.

Virtual space:
  Non-class space:      128.00 MB reserved,      64.38 MB ( 50%) committed,  2 nodes.
      Class space:        1.00 GB reserved,       8.12 MB ( <1%) committed,  1 nodes.
             Both:        1.12 GB reserved,      72.50 MB (  6%) committed. 

Chunk freelists:
   Non-Class:  14.70 MB
       Class:  7.76 MB
        Both:  22.46 MB

MaxMetaspaceSize: unlimited
CompressedClassSpaceSize: 1.00 GB
Initial GC threshold: 21.00 MB
Current GC threshold: 97.31 MB
CDS: on
 - commit_granule_bytes: 65536.
 - commit_granule_words: 8192.
 - virtual_space_node_default_size: 8388608.
 - enlarge_chunks_in_place: 1.
 - use_allocation_guard: 0.


Internal statistics:

num_allocs_failed_limit: 9.
num_arena_births: 1424.
num_arena_deaths: 14.
num_vsnodes_births: 3.
num_vsnodes_deaths: 0.
num_space_committed: 1160.
num_space_uncommitted: 0.
num_chunks_returned_to_freelist: 23.
num_chunks_taken_from_freelist: 4868.
num_chunk_merges: 12.
num_chunk_splits: 3008.
num_chunks_enlarged: 1720.
num_inconsistent_stats: 0.

CodeHeap 'non-profiled nmethods': size=119168Kb used=10417Kb max_used=10417Kb free=108750Kb
 bounds [0x000001feaf990000, 0x000001feb03c0000, 0x000001feb6df0000]
CodeHeap 'profiled nmethods': size=119104Kb used=30132Kb max_used=30132Kb free=88972Kb
 bounds [0x000001fea7df0000, 0x000001fea9b60000, 0x000001feaf240000]
CodeHeap 'non-nmethods': size=7488Kb used=2609Kb max_used=3340Kb free=4878Kb
 bounds [0x000001feaf240000, 0x000001feaf590000, 0x000001feaf990000]
CodeCache: size=245760Kb, used=43158Kb, max_used=43889Kb, free=202600Kb
 total_blobs=13483, nmethods=12688, adapters=697, full_count=0
Compilation: enabled, stopped_count=0, restarted_count=0

Compilation events (20 events):
Event: 494.556 Thread 0x000001fe89143b60 13553       3       org.eclipse.core.internal.resources.Container::getFile (22 bytes)
Event: 494.556 Thread 0x000001fe891426f0 nmethod 13552 0x000001fea9b5a410 code [0x000001fea9b5a5c0, 0x000001fea9b5a718]
Event: 494.557 Thread 0x000001fe89141280 nmethod 13538 0x000001feb03b3190 code [0x000001feb03b3340, 0x000001feb03b35c8]
Event: 494.557 Thread 0x000001fe89141280 13548       4       com.google.gson.internal.bind.TypeAdapters$15::write (10 bytes)
Event: 494.557 Thread 0x000001fe891426f0 13554       1       org.eclipse.jdt.core.SourceRange::getLength (5 bytes)
Event: 494.557 Thread 0x000001fe89143b60 nmethod 13553 0x000001fea9b5a790 code [0x000001fea9b5a960, 0x000001fea9b5acd8]
Event: 494.557 Thread 0x000001fe89143b60 13555       1       org.eclipse.jdt.internal.core.AnnotatableInfo::getNameSourceEnd (5 bytes)
Event: 494.557 Thread 0x000001fe891426f0 nmethod 13554 0x000001feb03b3810 code [0x000001feb03b39a0, 0x000001feb03b3a68]
Event: 494.557 Thread 0x000001fe89143b60 nmethod 13555 0x000001feb03b3b10 code [0x000001feb03b3ca0, 0x000001feb03b3d68]
Event: 494.560 Thread 0x000001fe891426f0 13559       3       com.google.gson.stream.JsonWriter::value (173 bytes)
Event: 494.561 Thread 0x000001fe891426f0 nmethod 13559 0x000001fea9b5ae90 code [0x000001fea9b5b2a0, 0x000001fea9b5c870]
Event: 494.563 Thread 0x000001fe89141280 nmethod 13548 0x000001feb03b3e10 code [0x000001feb03b4080, 0x000001feb03b4600]
Event: 494.563 Thread 0x000001fe89141280 13556       4       com.google.gson.reflect.TypeToken::<init> (41 bytes)
Event: 494.587 Thread 0x000001fe89141280 nmethod 13556 0x000001feb03b4c10 code [0x000001feb03b4f40, 0x000001feb03b6070]
Event: 494.587 Thread 0x000001fe89141280 13557   !   4       com.google.gson.Gson::getAdapter (267 bytes)
Event: 494.632 Thread 0x000001fe89141280 nmethod 13557 0x000001feb03b6b90 code [0x000001feb03b7100, 0x000001feb03b9278]
Event: 494.632 Thread 0x000001fe89141280 13558       4       com.google.gson.stream.JsonWriter::beforeName (49 bytes)
Event: 494.634 Thread 0x000001fe89141280 nmethod 13558 0x000001feb03baf90 code [0x000001feb03bb160, 0x000001feb03bb400]
Event: 494.635 Thread 0x000001fe89141280 13549       4       com.google.gson.internal.bind.TypeAdapters$15::write (7 bytes)
Event: 494.640 Thread 0x000001fe89141280 nmethod 13549 0x000001feb03bb710 code [0x000001feb03bb980, 0x000001feb03bbeb0]

GC Heap History (20 events):
Event: 73.718 GC heap before
{Heap before GC invocations=158 (full 3):
 PSYoungGen      total 20992K, used 20672K [0x00000000d5580000, 0x00000000d6e00000, 0x0000000100000000)
  eden space 17920K, 100% used [0x00000000d5580000,0x00000000d6700000,0x00000000d6700000)
  from space 3072K, 89% used [0x00000000d6b00000,0x00000000d6db0030,0x00000000d6e00000)
  to   space 3072K, 0% used [0x00000000d6800000,0x00000000d6800000,0x00000000d6b00000)
 ParOldGen       total 100864K, used 100576K [0x0000000080000000, 0x0000000086280000, 0x00000000d5580000)
  object space 100864K, 99% used [0x0000000080000000,0x0000000086238180,0x0000000086280000)
 Metaspace       used 62561K, committed 64064K, reserved 1114112K
  class space    used 6583K, committed 7232K, reserved 1048576K
}
Event: 73.723 GC heap after
{Heap after GC invocations=158 (full 3):
 PSYoungGen      total 20992K, used 3063K [0x00000000d5580000, 0x00000000d7600000, 0x0000000100000000)
  eden space 17920K, 0% used [0x00000000d5580000,0x00000000d5580000,0x00000000d6700000)
  from space 3072K, 99% used [0x00000000d6800000,0x00000000d6afdf50,0x00000000d6b00000)
  to   space 7680K, 0% used [0x00000000d6e80000,0x00000000d6e80000,0x00000000d7600000)
 ParOldGen       total 104448K, used 104167K [0x0000000080000000, 0x0000000086600000, 0x00000000d5580000)
  object space 104448K, 99% used [0x0000000080000000,0x00000000865b9cc8,0x0000000086600000)
 Metaspace       used 62561K, committed 64064K, reserved 1114112K
  class space    used 6583K, committed 7232K, reserved 1048576K
}
Event: 73.822 GC heap before
{Heap before GC invocations=159 (full 3):
 PSYoungGen      total 20992K, used 20983K [0x00000000d5580000, 0x00000000d7600000, 0x0000000100000000)
  eden space 17920K, 100% used [0x00000000d5580000,0x00000000d6700000,0x00000000d6700000)
  from space 3072K, 99% used [0x00000000d6800000,0x00000000d6afdf50,0x00000000d6b00000)
  to   space 7680K, 0% used [0x00000000d6e80000,0x00000000d6e80000,0x00000000d7600000)
 ParOldGen       total 104448K, used 104167K [0x0000000080000000, 0x0000000086600000, 0x00000000d5580000)
  object space 104448K, 99% used [0x0000000080000000,0x00000000865b9cc8,0x0000000086600000)
 Metaspace       used 62996K, committed 64448K, reserved 1114112K
  class space    used 6620K, committed 7232K, reserved 1048576K
}
Event: 73.827 GC heap after
{Heap after GC invocations=159 (full 3):
 PSYoungGen      total 19456K, used 1520K [0x00000000d5580000, 0x00000000d7000000, 0x0000000100000000)
  eden space 17920K, 0% used [0x00000000d5580000,0x00000000d5580000,0x00000000d6700000)
  from space 1536K, 98% used [0x00000000d6e80000,0x00000000d6ffc030,0x00000000d7000000)
  to   space 3584K, 0% used [0x00000000d6900000,0x00000000d6900000,0x00000000d6c80000)
 ParOldGen       total 107520K, used 107048K [0x0000000080000000, 0x0000000086900000, 0x00000000d5580000)
  object space 107520K, 99% used [0x0000000080000000,0x000000008688a230,0x0000000086900000)
 Metaspace       used 62996K, committed 64448K, reserved 1114112K
  class space    used 6620K, committed 7232K, reserved 1048576K
}
Event: 74.076 GC heap before
{Heap before GC invocations=160 (full 3):
 PSYoungGen      total 19456K, used 19419K [0x00000000d5580000, 0x00000000d7000000, 0x0000000100000000)
  eden space 17920K, 99% used [0x00000000d5580000,0x00000000d66fad90,0x00000000d6700000)
  from space 1536K, 98% used [0x00000000d6e80000,0x00000000d6ffc030,0x00000000d7000000)
  to   space 3584K, 0% used [0x00000000d6900000,0x00000000d6900000,0x00000000d6c80000)
 ParOldGen       total 107520K, used 107048K [0x0000000080000000, 0x0000000086900000, 0x00000000d5580000)
  object space 107520K, 99% used [0x0000000080000000,0x000000008688a230,0x0000000086900000)
 Metaspace       used 63767K, committed 65280K, reserved 1114112K
  class space    used 6715K, committed 7360K, reserved 1048576K
}
Event: 74.078 GC heap after
{Heap after GC invocations=160 (full 3):
 PSYoungGen      total 20992K, used 2610K [0x00000000d5580000, 0x00000000d6f00000, 0x0000000100000000)
  eden space 17920K, 0% used [0x00000000d5580000,0x00000000d5580000,0x00000000d6700000)
  from space 3072K, 84% used [0x00000000d6900000,0x00000000d6b8c808,0x00000000d6c00000)
  to   space 3072K, 0% used [0x00000000d6c00000,0x00000000d6c00000,0x00000000d6f00000)
 ParOldGen       total 108544K, used 108449K [0x0000000080000000, 0x0000000086a00000, 0x00000000d5580000)
  object space 108544K, 99% used [0x0000000080000000,0x00000000869e8400,0x0000000086a00000)
 Metaspace       used 63767K, committed 65280K, reserved 1114112K
  class space    used 6715K, committed 7360K, reserved 1048576K
}
Event: 74.170 GC heap before
{Heap before GC invocations=161 (full 3):
 PSYoungGen      total 20992K, used 20530K [0x00000000d5580000, 0x00000000d6f00000, 0x0000000100000000)
  eden space 17920K, 100% used [0x00000000d5580000,0x00000000d6700000,0x00000000d6700000)
  from space 3072K, 84% used [0x00000000d6900000,0x00000000d6b8c808,0x00000000d6c00000)
  to   space 3072K, 0% used [0x00000000d6c00000,0x00000000d6c00000,0x00000000d6f00000)
 ParOldGen       total 108544K, used 108449K [0x0000000080000000, 0x0000000086a00000, 0x00000000d5580000)
  object space 108544K, 99% used [0x0000000080000000,0x00000000869e8400,0x0000000086a00000)
 Metaspace       used 63987K, committed 65472K, reserved 1114112K
  class space    used 6733K, committed 7360K, reserved 1048576K
}
Event: 74.171 GC heap after
{Heap after GC invocations=161 (full 3):
 PSYoungGen      total 19456K, used 1033K [0x00000000d5580000, 0x00000000d6d80000, 0x0000000100000000)
  eden space 17920K, 0% used [0x00000000d5580000,0x00000000d5580000,0x00000000d6700000)
  from space 1536K, 67% used [0x00000000d6c00000,0x00000000d6d02700,0x00000000d6d80000)
  to   space 2048K, 0% used [0x00000000d6980000,0x00000000d6980000,0x00000000d6b80000)
 ParOldGen       total 110080K, used 109993K [0x0000000080000000, 0x0000000086b80000, 0x00000000d5580000)
  object space 110080K, 99% used [0x0000000080000000,0x0000000086b6a420,0x0000000086b80000)
 Metaspace       used 63987K, committed 65472K, reserved 1114112K
  class space    used 6733K, committed 7360K, reserved 1048576K
}
Event: 74.252 GC heap before
{Heap before GC invocations=162 (full 3):
 PSYoungGen      total 19456K, used 18953K [0x00000000d5580000, 0x00000000d6d80000, 0x0000000100000000)
  eden space 17920K, 100% used [0x00000000d5580000,0x00000000d6700000,0x00000000d6700000)
  from space 1536K, 67% used [0x00000000d6c00000,0x00000000d6d02700,0x00000000d6d80000)
  to   space 2048K, 0% used [0x00000000d6980000,0x00000000d6980000,0x00000000d6b80000)
 ParOldGen       total 110080K, used 109993K [0x0000000080000000, 0x0000000086b80000, 0x00000000d5580000)
  object space 110080K, 99% used [0x0000000080000000,0x0000000086b6a420,0x0000000086b80000)
 Metaspace       used 64645K, committed 66112K, reserved 1114112K
  class space    used 6781K, committed 7424K, reserved 1048576K
}
Event: 74.254 GC heap after
{Heap after GC invocations=162 (full 3):
 PSYoungGen      total 18944K, used 906K [0x00000000d5580000, 0x00000000d6c80000, 0x0000000100000000)
  eden space 17920K, 0% used [0x00000000d5580000,0x00000000d5580000,0x00000000d6700000)
  from space 1024K, 88% used [0x00000000d6980000,0x00000000d6a62910,0x00000000d6a80000)
  to   space 1536K, 0% used [0x00000000d6b00000,0x00000000d6b00000,0x00000000d6c80000)
 ParOldGen       total 110080K, used 110057K [0x0000000080000000, 0x0000000086b80000, 0x00000000d5580000)
  object space 110080K, 99% used [0x0000000080000000,0x0000000086b7a420,0x0000000086b80000)
 Metaspace       used 64645K, committed 66112K, reserved 1114112K
  class space    used 6781K, committed 7424K, reserved 1048576K
}
Event: 74.461 GC heap before
{Heap before GC invocations=163 (full 3):
 PSYoungGen      total 18944K, used 18826K [0x00000000d5580000, 0x00000000d6c80000, 0x0000000100000000)
  eden space 17920K, 100% used [0x00000000d5580000,0x00000000d6700000,0x00000000d6700000)
  from space 1024K, 88% used [0x00000000d6980000,0x00000000d6a62910,0x00000000d6a80000)
  to   space 1536K, 0% used [0x00000000d6b00000,0x00000000d6b00000,0x00000000d6c80000)
 ParOldGen       total 110080K, used 110057K [0x0000000080000000, 0x0000000086b80000, 0x00000000d5580000)
  object space 110080K, 99% used [0x0000000080000000,0x0000000086b7a420,0x0000000086b80000)
 Metaspace       used 65795K, committed 67328K, reserved 1114112K
  class space    used 6868K, committed 7552K, reserved 1048576K
}
Event: 74.462 GC heap after
{Heap after GC invocations=163 (full 3):
 PSYoungGen      total 19456K, used 1524K [0x00000000d5580000, 0x00000000d6c80000, 0x0000000100000000)
  eden space 17920K, 0% used [0x00000000d5580000,0x00000000d5580000,0x00000000d6700000)
  from space 1536K, 99% used [0x00000000d6b00000,0x00000000d6c7d240,0x00000000d6c80000)
  to   space 2560K, 0% used [0x00000000d6780000,0x00000000d6780000,0x00000000d6a00000)
 ParOldGen       total 111104K, used 110826K [0x0000000080000000, 0x0000000086c80000, 0x00000000d5580000)
  object space 111104K, 99% used [0x0000000080000000,0x0000000086c3ab30,0x0000000086c80000)
 Metaspace       used 65795K, committed 67328K, reserved 1114112K
  class space    used 6868K, committed 7552K, reserved 1048576K
}
Event: 74.956 GC heap before
{Heap before GC invocations=164 (full 3):
 PSYoungGen      total 19456K, used 19438K [0x00000000d5580000, 0x00000000d6c80000, 0x0000000100000000)
  eden space 17920K, 99% used [0x00000000d5580000,0x00000000d66fe7e8,0x00000000d6700000)
  from space 1536K, 99% used [0x00000000d6b00000,0x00000000d6c7d240,0x00000000d6c80000)
  to   space 2560K, 0% used [0x00000000d6780000,0x00000000d6780000,0x00000000d6a00000)
 ParOldGen       total 111104K, used 110826K [0x0000000080000000, 0x0000000086c80000, 0x00000000d5580000)
  object space 111104K, 99% used [0x0000000080000000,0x0000000086c3ab30,0x0000000086c80000)
 Metaspace       used 67187K, committed 68672K, reserved 1114112K
  class space    used 6979K, committed 7616K, reserved 1048576K
}
Event: 74.959 GC heap after
{Heap after GC invocations=164 (full 3):
 PSYoungGen      total 19968K, used 1632K [0x00000000d5580000, 0x00000000d6b80000, 0x0000000100000000)
  eden space 17920K, 0% used [0x00000000d5580000,0x00000000d5580000,0x00000000d6700000)
  from space 2048K, 79% used [0x00000000d6780000,0x00000000d6918238,0x00000000d6980000)
  to   space 2048K, 0% used [0x00000000d6980000,0x00000000d6980000,0x00000000d6b80000)
 ParOldGen       total 112640K, used 112283K [0x0000000080000000, 0x0000000086e00000, 0x00000000d5580000)
  object space 112640K, 99% used [0x0000000080000000,0x0000000086da6cd0,0x0000000086e00000)
 Metaspace       used 67187K, committed 68672K, reserved 1114112K
  class space    used 6979K, committed 7616K, reserved 1048576K
}
Event: 75.449 GC heap before
{Heap before GC invocations=165 (full 3):
 PSYoungGen      total 19968K, used 19552K [0x00000000d5580000, 0x00000000d6b80000, 0x0000000100000000)
  eden space 17920K, 100% used [0x00000000d5580000,0x00000000d6700000,0x00000000d6700000)
  from space 2048K, 79% used [0x00000000d6780000,0x00000000d6918238,0x00000000d6980000)
  to   space 2048K, 0% used [0x00000000d6980000,0x00000000d6980000,0x00000000d6b80000)
 ParOldGen       total 112640K, used 112283K [0x0000000080000000, 0x0000000086e00000, 0x00000000d5580000)
  object space 112640K, 99% used [0x0000000080000000,0x0000000086da6cd0,0x0000000086e00000)
 Metaspace       used 68224K, committed 69760K, reserved 1114112K
  class space    used 7055K, committed 7744K, reserved 1048576K
}
Event: 75.452 GC heap after
{Heap after GC invocations=165 (full 3):
 PSYoungGen      total 19456K, used 1280K [0x00000000d5580000, 0x00000000d6b00000, 0x0000000100000000)
  eden space 17920K, 0% used [0x00000000d5580000,0x00000000d5580000,0x00000000d6700000)
  from space 1536K, 83% used [0x00000000d6980000,0x00000000d6ac0000,0x00000000d6b00000)
  to   space 1536K, 0% used [0x00000000d6800000,0x00000000d6800000,0x00000000d6980000)
 ParOldGen       total 113664K, used 113583K [0x0000000080000000, 0x0000000086f00000, 0x00000000d5580000)
  object space 113664K, 99% used [0x0000000080000000,0x0000000086eebf30,0x0000000086f00000)
 Metaspace       used 68224K, committed 69760K, reserved 1114112K
  class space    used 7055K, committed 7744K, reserved 1048576K
}
Event: 75.900 GC heap before
{Heap before GC invocations=166 (full 3):
 PSYoungGen      total 19456K, used 19200K [0x00000000d5580000, 0x00000000d6b00000, 0x0000000100000000)
  eden space 17920K, 100% used [0x00000000d5580000,0x00000000d6700000,0x00000000d6700000)
  from space 1536K, 83% used [0x00000000d6980000,0x00000000d6ac0000,0x00000000d6b00000)
  to   space 1536K, 0% used [0x00000000d6800000,0x00000000d6800000,0x00000000d6980000)
 ParOldGen       total 113664K, used 113583K [0x0000000080000000, 0x0000000086f00000, 0x00000000d5580000)
  object space 113664K, 99% used [0x0000000080000000,0x0000000086eebf30,0x0000000086f00000)
 Metaspace       used 69730K, committed 71296K, reserved 1114112K
  class space    used 7195K, committed 7872K, reserved 1048576K
}
Event: 75.902 GC heap after
{Heap after GC invocations=166 (full 3):
 PSYoungGen      total 18944K, used 721K [0x00000000d5580000, 0x00000000d6a00000, 0x0000000100000000)
  eden space 17920K, 0% used [0x00000000d5580000,0x00000000d5580000,0x00000000d6700000)
  from space 1024K, 70% used [0x00000000d6800000,0x00000000d68b45c8,0x00000000d6900000)
  to   space 1024K, 0% used [0x00000000d6900000,0x00000000d6900000,0x00000000d6a00000)
 ParOldGen       total 114688K, used 114671K [0x0000000080000000, 0x0000000087000000, 0x00000000d5580000)
  object space 114688K, 99% used [0x0000000080000000,0x0000000086ffbf30,0x0000000087000000)
 Metaspace       used 69730K, committed 71296K, reserved 1114112K
  class space    used 7195K, committed 7872K, reserved 1048576K
}
Event: 76.182 GC heap before
{Heap before GC invocations=167 (full 3):
 PSYoungGen      total 18944K, used 18641K [0x00000000d5580000, 0x00000000d6a00000, 0x0000000100000000)
  eden space 17920K, 100% used [0x00000000d5580000,0x00000000d6700000,0x00000000d6700000)
  from space 1024K, 70% used [0x00000000d6800000,0x00000000d68b45c8,0x00000000d6900000)
  to   space 1024K, 0% used [0x00000000d6900000,0x00000000d6900000,0x00000000d6a00000)
 ParOldGen       total 114688K, used 114671K [0x0000000080000000, 0x0000000087000000, 0x00000000d5580000)
  object space 114688K, 99% used [0x0000000080000000,0x0000000086ffbf30,0x0000000087000000)
 Metaspace       used 71666K, committed 73280K, reserved 1114112K
  class space    used 7494K, committed 8192K, reserved 1048576K
}
Event: 76.183 GC heap after
{Heap after GC invocations=167 (full 3):
 PSYoungGen      total 18944K, used 648K [0x00000000d5580000, 0x00000000d6a00000, 0x0000000100000000)
  eden space 17920K, 0% used [0x00000000d5580000,0x00000000d5580000,0x00000000d6700000)
  from space 1024K, 63% used [0x00000000d6900000,0x00000000d69a2260,0x00000000d6a00000)
  to   space 1024K, 0% used [0x00000000d6800000,0x00000000d6800000,0x00000000d6900000)
 ParOldGen       total 115200K, used 115160K [0x0000000080000000, 0x0000000087080000, 0x00000000d5580000)
  object space 115200K, 99% used [0x0000000080000000,0x00000000870763d0,0x0000000087080000)
 Metaspace       used 71666K, committed 73280K, reserved 1114112K
  class space    used 7494K, committed 8192K, reserved 1048576K
}

Dll operation events (11 events):
Event: 1.021 Loaded shared library c:\Users\QUANG HIEU\.vscode\extensions\redhat.java-1.53.0-win32-x64\jre\21.0.10-win32-x86_64\bin\java.dll
Event: 2.401 Loaded shared library c:\Users\QUANG HIEU\.vscode\extensions\redhat.java-1.53.0-win32-x64\jre\21.0.10-win32-x86_64\bin\zip.dll
Event: 2.568 Loaded shared library C:\Users\QUANG HIEU\.vscode\extensions\redhat.java-1.53.0-win32-x64\jre\21.0.10-win32-x86_64\bin\instrument.dll
Event: 2.912 Loaded shared library C:\Users\QUANG HIEU\.vscode\extensions\redhat.java-1.53.0-win32-x64\jre\21.0.10-win32-x86_64\bin\net.dll
Event: 3.093 Loaded shared library C:\Users\QUANG HIEU\.vscode\extensions\redhat.java-1.53.0-win32-x64\jre\21.0.10-win32-x86_64\bin\nio.dll
Event: 3.123 Loaded shared library C:\Users\QUANG HIEU\.vscode\extensions\redhat.java-1.53.0-win32-x64\jre\21.0.10-win32-x86_64\bin\zip.dll
Event: 3.238 Loaded shared library C:\Users\QUANG HIEU\.vscode\extensions\redhat.java-1.53.0-win32-x64\jre\21.0.10-win32-x86_64\bin\jimage.dll
Event: 4.013 Loaded shared library c:\Users\QUANG HIEU\.vscode\extensions\redhat.java-1.53.0-win32-x64\jre\21.0.10-win32-x86_64\bin\verify.dll
Event: 23.615 Loaded shared library C:\Users\QUANG HIEU\AppData\Roaming\Code\User\globalStorage\redhat.java\1.53.0\config_win\org.eclipse.equinox.launcher\org.eclipse.equinox.launcher.win32.win32.x86_64_1.3.0.v20260203-2149\eclipse_11919.dll
Event: 44.641 Loaded shared library C:\Users\QUANG HIEU\AppData\Local\Temp\jna-2136273467\jna7618774035828447521.dll
Event: 75.830 Loaded shared library C:\Users\QUANG HIEU\.vscode\extensions\redhat.java-1.53.0-win32-x64\jre\21.0.10-win32-x86_64\bin\extnet.dll

Deoptimization events (20 events):
Event: 494.524 Thread 0x000001fe88b530a0 DEOPT PACKING pc=0x000001fea862d404 sp=0x00000013afffe280
Event: 494.524 Thread 0x000001fe88b530a0 DEOPT UNPACKING pc=0x000001feaf2978e2 sp=0x00000013afffd738 mode 0
Event: 494.527 Thread 0x000001fe88b530a0 DEOPT PACKING pc=0x000001fea862d404 sp=0x00000013afffe280
Event: 494.527 Thread 0x000001fe88b530a0 DEOPT UNPACKING pc=0x000001feaf2978e2 sp=0x00000013afffd738 mode 0
Event: 494.532 Thread 0x000001fe88b530a0 DEOPT PACKING pc=0x000001fea862d404 sp=0x00000013afffe280
Event: 494.532 Thread 0x000001fe88b530a0 DEOPT UNPACKING pc=0x000001feaf2978e2 sp=0x00000013afffd738 mode 0
Event: 494.534 Thread 0x000001fe88b530a0 DEOPT PACKING pc=0x000001fea862d404 sp=0x00000013afffe280
Event: 494.534 Thread 0x000001fe88b530a0 DEOPT UNPACKING pc=0x000001feaf2978e2 sp=0x00000013afffd738 mode 0
Event: 494.537 Thread 0x000001fe88b530a0 DEOPT PACKING pc=0x000001fea862d404 sp=0x00000013afffe280
Event: 494.537 Thread 0x000001fe88b530a0 DEOPT UNPACKING pc=0x000001feaf2978e2 sp=0x00000013afffd738 mode 0
Event: 494.539 Thread 0x000001fe88b530a0 DEOPT PACKING pc=0x000001fea862d404 sp=0x00000013afffe280
Event: 494.539 Thread 0x000001fe88b530a0 DEOPT UNPACKING pc=0x000001feaf2978e2 sp=0x00000013afffd738 mode 0
Event: 494.548 Thread 0x000001fe88b53730 Uncommon trap: trap_request=0xffffff45 fr.pc=0x000001feafd6da88 relative=0x00000000000000e8
Event: 494.548 Thread 0x000001fe88b53730 Uncommon trap: reason=unstable_if action=reinterpret pc=0x000001feafd6da88 method=java.util.stream.SpinedBuffer.accept(Ljava/lang/Object;)V @ 9 c2
Event: 494.549 Thread 0x000001fe88b53730 DEOPT PACKING pc=0x000001feafd6da88 sp=0x00000013b01fe620
Event: 494.549 Thread 0x000001fe88b53730 DEOPT UNPACKING pc=0x000001feaf296da2 sp=0x00000013b01fe5c8 mode 2
Event: 494.554 Thread 0x000001fe88b530a0 Uncommon trap: trap_request=0xffffffde fr.pc=0x000001feafe09f18 relative=0x0000000000000078
Event: 494.554 Thread 0x000001fe88b530a0 Uncommon trap: reason=class_check action=maybe_recompile pc=0x000001feafe09f18 method=java.util.LinkedHashMap.afterNodeInsertion(Z)V @ 15 c2
Event: 494.554 Thread 0x000001fe88b530a0 DEOPT PACKING pc=0x000001feafe09f18 sp=0x00000013afffe9f0
Event: 494.554 Thread 0x000001fe88b530a0 DEOPT UNPACKING pc=0x000001feaf296da2 sp=0x00000013afffe968 mode 2

Classes loaded (20 events):
Event: 76.267 Loading class java/util/concurrent/CompletableFuture$UniRelay
Event: 76.267 Loading class java/util/concurrent/CompletableFuture$UniRelay done
Event: 77.073 Loading class java/util/concurrent/ScheduledThreadPoolExecutor$DelayedWorkQueue$Itr
Event: 77.073 Loading class java/util/concurrent/ScheduledThreadPoolExecutor$DelayedWorkQueue$Itr done
Event: 77.505 Loading class java/lang/ProcessBuilder
Event: 77.506 Loading class java/lang/ProcessBuilder done
Event: 77.506 Loading class java/lang/ProcessImpl
Event: 77.507 Loading class java/lang/ProcessImpl done
Event: 77.553 Loading class java/lang/ProcessImpl$2
Event: 77.553 Loading class java/lang/ProcessImpl$2 done
Event: 77.554 Loading class java/lang/Process$PipeInputStream
Event: 77.554 Loading class java/lang/Process$PipeInputStream done
Event: 77.559 Loading class jdk/internal/event/ProcessStartEvent
Event: 77.559 Loading class jdk/internal/event/ProcessStartEvent done
Event: 80.435 Loading class java/lang/ProcessHandleImpl$ExitCompletion
Event: 80.435 Loading class java/lang/ProcessHandleImpl$ExitCompletion done
Event: 80.435 Loading class java/lang/ProcessHandleImpl$1
Event: 80.436 Loading class java/lang/ProcessHandleImpl$1 done
Event: 80.436 Loading class java/util/concurrent/CompletableFuture$UniHandle
Event: 80.437 Loading class java/util/concurrent/CompletableFuture$UniHandle done

Classes unloaded (7 events):
Event: 46.585 Thread 0x000001febb684100 Unloading class 0x000001febd1acc00 'java/lang/invoke/LambdaForm$MH+0x000001febd1acc00'
Event: 46.585 Thread 0x000001febb684100 Unloading class 0x000001febd1ac800 'java/lang/invoke/LambdaForm$MH+0x000001febd1ac800'
Event: 46.585 Thread 0x000001febb684100 Unloading class 0x000001febd1ac400 'java/lang/invoke/LambdaForm$MH+0x000001febd1ac400'
Event: 46.585 Thread 0x000001febb684100 Unloading class 0x000001febd1ac000 'java/lang/invoke/LambdaForm$MH+0x000001febd1ac000'
Event: 46.585 Thread 0x000001febb684100 Unloading class 0x000001febd1abc00 'java/lang/invoke/LambdaForm$BMH+0x000001febd1abc00'
Event: 46.585 Thread 0x000001febb684100 Unloading class 0x000001febd1ab800 'java/lang/invoke/LambdaForm$DMH+0x000001febd1ab800'
Event: 46.585 Thread 0x000001febb684100 Unloading class 0x000001febd1aa400 'java/lang/invoke/LambdaForm$DMH+0x000001febd1aa400'

Classes redefined (0 events):
No events

Internal exceptions (20 events):
Event: 78.633 Thread 0x000001fe85f70db0 Exception <a 'sun/nio/fs/WindowsException'{0x00000000d5a99620}> (0x00000000d5a99620) 
thrown [s\src\hotspot\share\prims\jni.cpp, line 520]
Event: 78.727 Thread 0x000001fe85f70db0 Exception <a 'sun/nio/fs/WindowsException'{0x00000000d5aab918}> (0x00000000d5aab918) 
thrown [s\src\hotspot\share\prims\jni.cpp, line 520]
Event: 78.821 Thread 0x000001fe85f70db0 Exception <a 'sun/nio/fs/WindowsException'{0x00000000d5abdc00}> (0x00000000d5abdc00) 
thrown [s\src\hotspot\share\prims\jni.cpp, line 520]
Event: 78.925 Thread 0x000001fe85f70db0 Exception <a 'sun/nio/fs/WindowsException'{0x00000000d5acff38}> (0x00000000d5acff38) 
thrown [s\src\hotspot\share\prims\jni.cpp, line 520]
Event: 79.021 Thread 0x000001fe85f70db0 Exception <a 'sun/nio/fs/WindowsException'{0x00000000d5ae2260}> (0x00000000d5ae2260) 
thrown [s\src\hotspot\share\prims\jni.cpp, line 520]
Event: 79.113 Thread 0x000001fe85f70db0 Exception <a 'sun/nio/fs/WindowsException'{0x00000000d5af4558}> (0x00000000d5af4558) 
thrown [s\src\hotspot\share\prims\jni.cpp, line 520]
Event: 79.207 Thread 0x000001fe85f70db0 Exception <a 'sun/nio/fs/WindowsException'{0x00000000d5b06840}> (0x00000000d5b06840) 
thrown [s\src\hotspot\share\prims\jni.cpp, line 520]
Event: 79.300 Thread 0x000001fe85f70db0 Exception <a 'sun/nio/fs/WindowsException'{0x00000000d5b18b40}> (0x00000000d5b18b40) 
thrown [s\src\hotspot\share\prims\jni.cpp, line 520]
Event: 79.408 Thread 0x000001fe85f70db0 Exception <a 'sun/nio/fs/WindowsException'{0x00000000d5b2b078}> (0x00000000d5b2b078) 
thrown [s\src\hotspot\share\prims\jni.cpp, line 520]
Event: 79.499 Thread 0x000001fe85f70db0 Exception <a 'sun/nio/fs/WindowsException'{0x00000000d5b3d630}> (0x00000000d5b3d630) 
thrown [s\src\hotspot\share\prims\jni.cpp, line 520]
Event: 79.596 Thread 0x000001fe85f70db0 Exception <a 'sun/nio/fs/WindowsException'{0x00000000d5b4f870}> (0x00000000d5b4f870) 
thrown [s\src\hotspot\share\prims\jni.cpp, line 520]
Event: 79.697 Thread 0x000001fe85f70db0 Exception <a 'sun/nio/fs/WindowsException'{0x00000000d5b63958}> (0x00000000d5b63958) 
thrown [s\src\hotspot\share\prims\jni.cpp, line 520]
Event: 79.794 Thread 0x000001fe85f70db0 Exception <a 'sun/nio/fs/WindowsException'{0x00000000d5b75828}> (0x00000000d5b75828) 
thrown [s\src\hotspot\share\prims\jni.cpp, line 520]
Event: 79.904 Thread 0x000001fe85f70db0 Exception <a 'sun/nio/fs/WindowsException'{0x00000000d5b8a0a8}> (0x00000000d5b8a0a8) 
thrown [s\src\hotspot\share\prims\jni.cpp, line 520]
Event: 80.015 Thread 0x000001fe85f70db0 Exception <a 'sun/nio/fs/WindowsException'{0x00000000d5b9f740}> (0x00000000d5b9f740) 
thrown [s\src\hotspot\share\prims\jni.cpp, line 520]
Event: 80.119 Thread 0x000001fe85f70db0 Exception <a 'sun/nio/fs/WindowsException'{0x00000000d5bb2070}> (0x00000000d5bb2070) 
thrown [s\src\hotspot\share\prims\jni.cpp, line 520]
Event: 80.294 Thread 0x000001fe85f70db0 Exception <a 'sun/nio/fs/WindowsException'{0x00000000d5bc8cf0}> (0x00000000d5bc8cf0) 
thrown [s\src\hotspot\share\prims\jni.cpp, line 520]
Event: 80.438 Thread 0x000001fe85f70db0 Exception <a 'java/lang/NoSuchMethodError'{0x00000000d5c21088}: 'long java.lang.invoke.Invokers$Holder.invokeExact_MT(java.lang.Object, java.lang.Object, java.lang.Object)'> (0x00000000d5c21088) 
thrown [s\src\hotspot\share\interpreter\linkResolver.cpp, line 773]
Event: 494.481 Thread 0x000001fe85b26a30 Exception <a 'java/lang/IncompatibleClassChangeError'{0x00000000d5d86c40}: Found class java.lang.Object, but interface was expected> (0x00000000d5d86c40) 
thrown [s\src\hotspot\share\interpreter\linkResolver.cpp, line 840]
Event: 494.512 Thread 0x000001fe88b53730 Exception <a 'java/lang/NoSuchMethodError'{0x00000000d5e02b38}: 'java.lang.Object java.lang.invoke.DirectMethodHandle$Holder.invokeSpecial(java.lang.Object, java.lang.Object, java.lang.Object, java.lang.Object, int, java.lang.Object, java.lang.Object)'> (0x00000000d5e02b38) 
thrown [s\src\hotspot\share\interpreter\linkResolver.cpp, line 773]

ZGC Phase Switch (0 events):
No events

VM Operations (20 events):
Event: 301.758 Executing non-safepoint VM operation: RendezvousGCThreads
Event: 301.758 Executing non-safepoint VM operation: RendezvousGCThreads done
Event: 305.811 Executing safepoint VM operation: Cleanup
Event: 305.811 Executing safepoint VM operation: Cleanup done
Event: 345.081 Executing safepoint VM operation: Cleanup
Event: 345.081 Executing safepoint VM operation: Cleanup done
Event: 361.839 Executing non-safepoint VM operation: HandshakeAllThreads (HandshakeForDeflation)
Event: 361.839 Executing non-safepoint VM operation: HandshakeAllThreads (HandshakeForDeflation) done
Event: 361.839 Executing non-safepoint VM operation: RendezvousGCThreads
Event: 361.839 Executing non-safepoint VM operation: RendezvousGCThreads done
Event: 421.853 Executing non-safepoint VM operation: HandshakeAllThreads (HandshakeForDeflation)
Event: 421.853 Executing non-safepoint VM operation: HandshakeAllThreads (HandshakeForDeflation) done
Event: 421.853 Executing non-safepoint VM operation: RendezvousGCThreads
Event: 421.853 Executing non-safepoint VM operation: RendezvousGCThreads done
Event: 481.922 Executing non-safepoint VM operation: HandshakeAllThreads (HandshakeForDeflation)
Event: 481.922 Executing non-safepoint VM operation: HandshakeAllThreads (HandshakeForDeflation) done
Event: 481.922 Executing non-safepoint VM operation: RendezvousGCThreads
Event: 481.922 Executing non-safepoint VM operation: RendezvousGCThreads done
Event: 495.046 Executing safepoint VM operation: Cleanup
Event: 495.046 Executing safepoint VM operation: Cleanup done

Memory protections (0 events):
No events

Nmethod flushes (20 events):
Event: 62.511 Thread 0x000001febb684100 flushing  nmethod 0x000001fea876c510
Event: 62.511 Thread 0x000001febb684100 flushing  nmethod 0x000001fea876d510
Event: 62.511 Thread 0x000001febb684100 flushing  nmethod 0x000001fea8770810
Event: 62.511 Thread 0x000001febb684100 flushing  nmethod 0x000001fea8771e10
Event: 62.511 Thread 0x000001febb684100 flushing  nmethod 0x000001fea8773590
Event: 62.511 Thread 0x000001febb684100 flushing  nmethod 0x000001fea87a1310
Event: 62.511 Thread 0x000001febb684100 flushing osr nmethod 0x000001fea87e7990
Event: 62.511 Thread 0x000001febb684100 flushing  nmethod 0x000001fea880e810
Event: 62.511 Thread 0x000001febb684100 flushing  nmethod 0x000001fea8827890
Event: 62.511 Thread 0x000001febb684100 flushing  nmethod 0x000001fea8828b90
Event: 62.511 Thread 0x000001febb684100 flushing  nmethod 0x000001fea8845990
Event: 62.511 Thread 0x000001febb684100 flushing  nmethod 0x000001fea8845f90
Event: 62.511 Thread 0x000001febb684100 flushing  nmethod 0x000001fea8846690
Event: 62.511 Thread 0x000001febb684100 flushing  nmethod 0x000001fea8846f10
Event: 62.511 Thread 0x000001febb684100 flushing  nmethod 0x000001fea8847510
Event: 62.511 Thread 0x000001febb684100 flushing  nmethod 0x000001fea8849610
Event: 62.511 Thread 0x000001febb684100 flushing  nmethod 0x000001fea8878690
Event: 62.511 Thread 0x000001febb684100 flushing osr nmethod 0x000001fea88ab110
Event: 62.511 Thread 0x000001febb684100 flushing  nmethod 0x000001fea88d2e10
Event: 62.511 Thread 0x000001febb684100 flushing  nmethod 0x000001fea88f5810

Events (20 events):
Event: 77.427 Thread 0x000001fe85f6d930 Thread exited: 0x000001fe85f6d930
Event: 77.428 Thread 0x000001fe85905960 Thread exited: 0x000001fe85905960
Event: 77.745 Thread 0x000001fe85906030 Thread exited: 0x000001fe85906030
Event: 78.080 Thread 0x000001fe85903750 Thread exited: 0x000001fe85903750
Event: 78.080 Thread 0x000001fe859044f0 Thread exited: 0x000001fe859044f0
Event: 80.436 Thread 0x000001fe85f70db0 Thread added: 0x000001fe85f6e650
Event: 80.440 Thread 0x000001fe85f70db0 Thread exited: 0x000001fe85f70db0
Event: 134.827 Thread 0x000001fe8538c6d0 Thread exited: 0x000001fe8538c6d0
Event: 134.827 Thread 0x000001fe85b24960 Thread exited: 0x000001fe85b24960
Event: 134.833 Thread 0x000001fe85b242d0 Thread exited: 0x000001fe85b242d0
Event: 135.980 Thread 0x000001fe8538cd60 Thread exited: 0x000001fe8538cd60
Event: 137.007 Thread 0x000001fe88b52a10 Thread exited: 0x000001fe88b52a10
Event: 197.011 Thread 0x000001fe88b599a0 Thread exited: 0x000001fe88b599a0
Event: 257.014 Thread 0x000001fe88b55170 Thread exited: 0x000001fe88b55170
Event: 317.015 Thread 0x000001fe88b56520 Thread exited: 0x000001fe88b56520
Event: 377.031 Thread 0x000001fe88b56bb0 Thread exited: 0x000001fe88b56bb0
Event: 437.043 Thread 0x000001fe88b55800 Thread exited: 0x000001fe88b55800
Event: 494.483 Thread 0x000001fefdb49620 Thread added: 0x000001fe891426f0
Event: 494.484 Thread 0x000001fefdb49620 Thread added: 0x000001fe89143b60
Event: 494.526 Thread 0x000001fe89143b60 Thread added: 0x000001fe89141280


Dynamic libraries:
0x00007ff776650000 - 0x00007ff77665e000 	c:\Users\QUANG HIEU\.vscode\extensions\redhat.java-1.53.0-win32-x64\jre\21.0.10-win32-x86_64\bin\java.exe
0x00007ff896720000 - 0x00007ff896987000 	C:\WINDOWS\SYSTEM32\ntdll.dll
0x00007ff894ac0000 - 0x00007ff894b89000 	C:\WINDOWS\System32\KERNEL32.DLL
0x00007ff8940b0000 - 0x00007ff8944a4000 	C:\WINDOWS\System32\KERNELBASE.dll
0x00007ff893c10000 - 0x00007ff893d5b000 	C:\WINDOWS\System32\ucrtbase.dll
0x00007ff8585a0000 - 0x00007ff8585b8000 	c:\Users\QUANG HIEU\.vscode\extensions\redhat.java-1.53.0-win32-x64\jre\21.0.10-win32-x86_64\bin\jli.dll
0x00007ff852100000 - 0x00007ff85211e000 	c:\Users\QUANG HIEU\.vscode\extensions\redhat.java-1.53.0-win32-x64\jre\21.0.10-win32-x86_64\bin\VCRUNTIME140.dll
0x00007ff896400000 - 0x00007ff8965c5000 	C:\WINDOWS\System32\USER32.dll
0x00007ff893080000 - 0x00007ff8930a7000 	C:\WINDOWS\System32\win32u.dll
0x00007ff894730000 - 0x00007ff89475b000 	C:\WINDOWS\System32\GDI32.dll
0x00007ff893f80000 - 0x00007ff8940aa000 	C:\WINDOWS\System32\gdi32full.dll
0x00007ff893b60000 - 0x00007ff893c03000 	C:\WINDOWS\System32\msvcp_win.dll
0x00007ff880aa0000 - 0x00007ff880d33000 	C:\WINDOWS\WinSxS\amd64_microsoft.windows.common-controls_6595b64144ccf1df_6.0.26100.8115_none_3e075c82e3354f9c\COMCTL32.dll
0x00007ff894630000 - 0x00007ff8946d9000 	C:\WINDOWS\System32\msvcrt.dll
0x00007ff8946e0000 - 0x00007ff894712000 	C:\WINDOWS\System32\IMM32.DLL
0x00007ff86ace0000 - 0x00007ff86acec000 	c:\Users\QUANG HIEU\.vscode\extensions\redhat.java-1.53.0-win32-x64\jre\21.0.10-win32-x86_64\bin\vcruntime140_1.dll
0x00007fffe2650000 - 0x00007fffe26dd000 	c:\Users\QUANG HIEU\.vscode\extensions\redhat.java-1.53.0-win32-x64\jre\21.0.10-win32-x86_64\bin\msvcp140.dll
0x00007fffb4c40000 - 0x00007fffb59e1000 	c:\Users\QUANG HIEU\.vscode\extensions\redhat.java-1.53.0-win32-x64\jre\21.0.10-win32-x86_64\bin\server\jvm.dll
0x00007ff894a00000 - 0x00007ff894ab6000 	C:\WINDOWS\System32\ADVAPI32.dll
0x00007ff894770000 - 0x00007ff894817000 	C:\WINDOWS\System32\sechost.dll
0x00007ff894fa0000 - 0x00007ff8950b8000 	C:\WINDOWS\System32\RPCRT4.dll
0x00007ff8945a0000 - 0x00007ff894620000 	C:\WINDOWS\System32\WS2_32.dll
0x00007ff892e50000 - 0x00007ff892eae000 	C:\WINDOWS\SYSTEM32\POWRPROF.dll
0x00007ff886400000 - 0x00007ff886436000 	C:\WINDOWS\SYSTEM32\WINMM.dll
0x00007ff88a470000 - 0x00007ff88a47b000 	C:\WINDOWS\SYSTEM32\VERSION.dll
0x00007ff892e30000 - 0x00007ff892e44000 	C:\WINDOWS\SYSTEM32\UMPDC.dll
0x00007ff891d40000 - 0x00007ff891d5b000 	C:\WINDOWS\SYSTEM32\kernel.appcore.dll
0x00007ff88c8a0000 - 0x00007ff88c8aa000 	c:\Users\QUANG HIEU\.vscode\extensions\redhat.java-1.53.0-win32-x64\jre\21.0.10-win32-x86_64\bin\jimage.dll
0x00007ff891060000 - 0x00007ff8912a2000 	C:\WINDOWS\SYSTEM32\DBGHELP.DLL
0x00007ff895550000 - 0x00007ff8958d2000 	C:\WINDOWS\System32\combase.dll
0x00007ff895a00000 - 0x00007ff895ad7000 	C:\WINDOWS\System32\OLEAUT32.dll
0x00007ff85d830000 - 0x00007ff85d86b000 	C:\WINDOWS\SYSTEM32\dbgcore.DLL
0x00007ff893d60000 - 0x00007ff893e05000 	C:\WINDOWS\System32\bcryptPrimitives.dll
0x00007ff862410000 - 0x00007ff86241f000 	c:\Users\QUANG HIEU\.vscode\extensions\redhat.java-1.53.0-win32-x64\jre\21.0.10-win32-x86_64\bin\instrument.dll
0x00007ff851760000 - 0x00007ff851780000 	c:\Users\QUANG HIEU\.vscode\extensions\redhat.java-1.53.0-win32-x64\jre\21.0.10-win32-x86_64\bin\java.dll
0x00007ff895ae0000 - 0x00007ff896246000 	C:\WINDOWS\System32\SHELL32.dll
0x00007ff893e10000 - 0x00007ff893f7a000 	C:\WINDOWS\System32\wintypes.dll
0x00007ff8932f0000 - 0x00007ff893b55000 	C:\WINDOWS\System32\windows.storage.dll
0x00007ff8965d0000 - 0x00007ff8966c7000 	C:\WINDOWS\System32\SHCORE.dll
0x00007ff8962d0000 - 0x00007ff896336000 	C:\WINDOWS\System32\shlwapi.dll
0x00007ff892ee0000 - 0x00007ff892f09000 	C:\WINDOWS\SYSTEM32\profapi.dll
0x00007ff850890000 - 0x00007ff8508a8000 	c:\Users\QUANG HIEU\.vscode\extensions\redhat.java-1.53.0-win32-x64\jre\21.0.10-win32-x86_64\bin\zip.dll
0x00007ff85f4c0000 - 0x00007ff85f4d0000 	C:\Users\QUANG HIEU\.vscode\extensions\redhat.java-1.53.0-win32-x64\jre\21.0.10-win32-x86_64\bin\net.dll
0x00007ff88b050000 - 0x00007ff88b17d000 	C:\WINDOWS\SYSTEM32\WINHTTP.dll
0x00007ff892290000 - 0x00007ff8922fc000 	C:\WINDOWS\system32\mswsock.dll
0x00007ff850870000 - 0x00007ff850886000 	C:\Users\QUANG HIEU\.vscode\extensions\redhat.java-1.53.0-win32-x64\jre\21.0.10-win32-x86_64\bin\nio.dll
0x00007ff85f3f0000 - 0x00007ff85f400000 	c:\Users\QUANG HIEU\.vscode\extensions\redhat.java-1.53.0-win32-x64\jre\21.0.10-win32-x86_64\bin\verify.dll
0x00007ff850de0000 - 0x00007ff850e25000 	C:\Users\QUANG HIEU\AppData\Roaming\Code\User\globalStorage\redhat.java\1.53.0\config_win\org.eclipse.equinox.launcher\org.eclipse.equinox.launcher.win32.win32.x86_64_1.3.0.v20260203-2149\eclipse_11919.dll
0x00007ff894e00000 - 0x00007ff894f97000 	C:\WINDOWS\System32\ole32.dll
0x00007ff892720000 - 0x00007ff89273b000 	C:\WINDOWS\SYSTEM32\CRYPTSP.dll
0x00007ff891ca0000 - 0x00007ff891cd9000 	C:\WINDOWS\system32\rsaenh.dll
0x00007ff892340000 - 0x00007ff892373000 	C:\WINDOWS\SYSTEM32\USERENV.dll
0x00007ff892f10000 - 0x00007ff892f3a000 	C:\WINDOWS\SYSTEM32\bcrypt.dll
0x00007ff8924f0000 - 0x00007ff8924fc000 	C:\WINDOWS\SYSTEM32\CRYPTBASE.dll
0x00007ff891640000 - 0x00007ff891672000 	C:\WINDOWS\SYSTEM32\IPHLPAPI.DLL
0x00007ff894720000 - 0x00007ff89472a000 	C:\WINDOWS\System32\NSI.dll
0x00007ff85e9f0000 - 0x00007ff85ea39000 	C:\Users\QUANG HIEU\AppData\Local\Temp\jna-2136273467\jna7618774035828447521.dll
0x00007ff894540000 - 0x00007ff894548000 	C:\WINDOWS\System32\PSAPI.DLL
0x00007ff88afc0000 - 0x00007ff88afdd000 	C:\WINDOWS\SYSTEM32\dhcpcsvc6.DLL
0x00007ff88af70000 - 0x00007ff88af95000 	C:\WINDOWS\SYSTEM32\dhcpcsvc.DLL
0x00007ff88ae40000 - 0x00007ff88ae49000 	C:\Users\QUANG HIEU\.vscode\extensions\redhat.java-1.53.0-win32-x64\jre\21.0.10-win32-x86_64\bin\extnet.dll

JVMTI agents:
c:\Users\QUANG HIEU\.vscode\extensions\redhat.java-1.53.0-win32-x64\lombok\lombok-1.18.39-4050.jar path:c:\Users\QUANG HIEU\.vscode\extensions\redhat.java-1.53.0-win32-x64\jre\21.0.10-win32-x86_64\bin\instrument.dll, loaded, initialized, instrumentlib options:none

dbghelp: loaded successfully - version: 4.0.5 - missing functions: none
symbol engine: initialized successfully - sym options: 0x614 - pdb path: .;c:\Users\QUANG HIEU\.vscode\extensions\redhat.java-1.53.0-win32-x64\jre\21.0.10-win32-x86_64\bin;C:\WINDOWS\SYSTEM32;C:\WINDOWS\WinSxS\amd64_microsoft.windows.common-controls_6595b64144ccf1df_6.0.26100.8115_none_3e075c82e3354f9c;c:\Users\QUANG HIEU\.vscode\extensions\redhat.java-1.53.0-win32-x64\jre\21.0.10-win32-x86_64\bin\server;C:\Users\QUANG HIEU\AppData\Roaming\Code\User\globalStorage\redhat.java\1.53.0\config_win\org.eclipse.equinox.launcher\org.eclipse.equinox.launcher.win32.win32.x86_64_1.3.0.v20260203-2149;C:\Users\QUANG HIEU\AppData\Local\Temp\jna-2136273467

VM Arguments:
jvm_args: --add-modules=ALL-SYSTEM --add-opens=java.base/java.util=ALL-UNNAMED --add-opens=java.base/java.lang=ALL-UNNAMED --add-opens=java.base/sun.nio.fs=ALL-UNNAMED -Declipse.application=org.eclipse.jdt.ls.core.id1 -Dosgi.bundles.defaultStartLevel=4 -Declipse.product=org.eclipse.jdt.ls.core.product -Djava.import.generatesMetadataFilesAtProjectRoot=false -DDetectVMInstallationsJob.disabled=true -Dfile.encoding=utf8 -XX:+UseParallelGC -XX:GCTimeRatio=4 -XX:AdaptiveSizePolicyWeight=90 -Dsun.zip.disableMemoryMapping=true -Xmx2G -Xms100m -Xlog:disable -javaagent:c:\Users\QUANG HIEU\.vscode\extensions\redhat.java-1.53.0-win32-x64\lombok\lombok-1.18.39-4050.jar -XX:+HeapDumpOnOutOfMemoryError -XX:HeapDumpPath=c:\Users\QUANG HIEU\AppData\Roaming\Code\User\workspaceStorage\2878347c96f63767afd4af9a55f75101\redhat.java -Daether.dependencyCollector.impl=bf 
java_command: c:\Users\QUANG HIEU\.vscode\extensions\redhat.java-1.53.0-win32-x64\server\plugins\org.eclipse.equinox.launcher_1.7.100.v20251111-0406.jar -configuration c:\Users\QUANG HIEU\AppData\Roaming\Code\User\globalStorage\redhat.java\1.53.0\config_win -data c:\Users\QUANG HIEU\AppData\Roaming\Code\User\workspaceStorage\2878347c96f63767afd4af9a55f75101\redhat.java\jdt_ws --pipe=\\.\pipe\lsp-bdca79748b2a2cd7d686fee850217b45-sock
java_class_path (initial): c:\Users\QUANG HIEU\.vscode\extensions\redhat.java-1.53.0-win32-x64\server\plugins\org.eclipse.equinox.launcher_1.7.100.v20251111-0406.jar
Launcher Type: SUN_STANDARD

[Global flags]
    uintx AdaptiveSizePolicyWeight                 = 90                                        {product} {command line}
     intx CICompilerCount                          = 12                                        {product} {ergonomic}
    uintx GCTimeRatio                              = 4                                         {product} {command line}
     bool HeapDumpOnOutOfMemoryError               = true                                   {manageable} {command line}
    ccstr HeapDumpPath                             = c:\Users\QUANG HIEU\AppData\Roaming\Code\User\workspaceStorage\2878347c96f63767afd4af9a55f75101\redhat.java         {manageable} {command line}
   size_t InitialHeapSize                          = 104857600                                 {product} {command line}
   size_t MaxHeapSize                              = 2147483648                                {product} {command line}
   size_t MaxNewSize                               = 715653120                                 {product} {ergonomic}
   size_t MinHeapDeltaBytes                        = 524288                                    {product} {ergonomic}
   size_t MinHeapSize                              = 104857600                                 {product} {command line}
   size_t NewSize                                  = 34603008                                  {product} {ergonomic}
    uintx NonNMethodCodeHeapSize                   = 7602480                                {pd product} {ergonomic}
    uintx NonProfiledCodeHeapSize                  = 122027880                              {pd product} {ergonomic}
   size_t OldSize                                  = 70254592                                  {product} {ergonomic}
    uintx ProfiledCodeHeapSize                     = 122027880                              {pd product} {ergonomic}
    uintx ReservedCodeCacheSize                    = 251658240                              {pd product} {ergonomic}
     bool SegmentedCodeCache                       = true                                      {product} {ergonomic}
   size_t SoftMaxHeapSize                          = 2147483648                             {manageable} {ergonomic}
     bool UseCompressedOops                        = true                           {product lp64_product} {ergonomic}
     bool UseLargePagesIndividualAllocation        = false                                  {pd product} {ergonomic}
     bool UseParallelGC                            = true                                      {product} {command line}

Logging:
Log output configuration:
 #0: stdout all=off uptime,level,tags foldmultilines=false
 #1: stderr all=off uptime,level,tags foldmultilines=false

Release file:
JAVA_VERSION="21.0.10" 
MODULES="java.base java.compiler java.datatransfer java.xml java.prefs java.desktop java.instrument java.logging java.management java.security.sasl java.naming java.rmi java.management.rmi java.net.http java.scripting java.security.jgss java.transaction.xa java.sql java.sql.rowset java.xml.crypto java.se java.smartcardio jdk.accessibility jdk.internal.jvmstat jdk.attach jdk.charsets jdk.internal.opt jdk.zipfs jdk.compiler jdk.crypto.ec jdk.crypto.cryptoki jdk.crypto.mscapi jdk.dynalink jdk.internal.ed jdk.editpad jdk.hotspot.agent jdk.httpserver jdk.internal.le jdk.internal.vm.ci jdk.internal.vm.compiler jdk.internal.vm.compiler.management jdk.jartool jdk.javadoc jdk.jcmd jdk.management jdk.management.agent jdk.jconsole jdk.jdeps jdk.jdwp.agent jdk.jdi jdk.jfr jdk.jshell jdk.jsobject jdk.jstatd jdk.localedata jdk.management.jfr jdk.naming.dns jdk.naming.rmi jdk.net jdk.nio.mapmode jdk.random jdk.sctp jdk.security.auth jdk.security.jgss jdk.unsupported jdk.unsupported.desktop jdk.xml.dom" 

Environment Variables:
JAVA_HOME=C:\Program Files\Java\jdk-21
PATH=C:\Users\QUANG HIEU\AppData\Local\Programs\Microsoft VS Code;C:\Program Files\Common Files\Oracle\Java\javapath;C:\Windows\system32;C:\Windows;C:\Windows\System32\Wbem;C:\Windows\System32\WindowsPowerShell\v1.0\;C:\Windows\System32\OpenSSH\;C:\WINDOWS\system32;C:\WINDOWS;C:\WINDOWS\System32\Wbem;C:\WINDOWS\System32\WindowsPowerShell\v1.0\;C:\WINDOWS\System32\OpenSSH\;C:\Program Files\Microsoft SQL Server\Client SDK\ODBC\170\Tools\Binn\;C:\Program Files (x86)\NVIDIA Corporation\PhysX\Common;E:\Git\cmd;C:\Program Files (x86)\Microsoft SQL Server\160\Tools\Binn\;C:\Program Files\Microsoft SQL Server\160\Tools\Binn\;C:\Program Files\Microsoft SQL Server\160\DTS\Binn\;C:\Program Files (x86)\Microsoft SQL Server\160\DTS\Binn\;C:\WINDOWS\system32;C:\WINDOWS;C:\WINDOWS\System32\Wbem;C:\WINDOWS\System32\WindowsPowerShell\v1.0\;C:\WINDOWS\System32\OpenSSH\;C:\7-Zip;E:\CSE485Web\laragon\bin\php\php-8.4.1;E:\CSE485Web\laragon;C:\Program Files\Microsoft SQL Server\130\Tools\Binn\;C:\Program Files\Microsoft SQL Server\150\Tools\Binn\;C:\Program Files\dotnet\;c:\Users\QUANG HIEU\AppData\Local\Programs\cursor\resources\app\bin;E:\CSE441_Android\apache-maven-3.9.11-bin\apache-maven-3.9.11\bin;E:\CSE441_Android\flutter_windows_3.32.8-stable\flutter\bin;C:\Program Files\Java\jdk-21\bin;D:\exercism-3.5.7-windows-64bit;C:\Program Files (x86)\Windows Kits\10\Windows Performance Toolkit\;C:\Program Files\NVIDIA Corporation\NVIDIA App\NvDLISR;C:\Program Files\nodejs\;C:\Program Files\Docker\Docker\resources\bin;C:\Users\QUANG HIEU\AppData\Local\Python\bin;E:\flutter\bin;C:\Users\QUANG HIEU\AppData\Local\Programs\Python\Launcher\;C:\Users\QUANG HIEU\AppData\Local\Yarn\config\global\node_modules\.bin;C:\Users\QUANG HIEU\AppData\Roaming\Composer\vendor\bin;E:\CSE485Web\laragon\bin;E:\CSE485Web\laragon\bin\apache\httpd-2.4.54-win64-VS16\bin;E:\CSE485Web\laragon\bin\composer;E:\CSE485Web\laragon\bin\git\bin;E:\CSE485Web\laragon\bin\git\cmd;E:\CSE485Web\laragon\bin\git\mingw64\bin;E:\CSE485Web\laragon\bin\git\usr\bin;E:\CSE485Web\laragon\bin\laragon\utils;E:\CSE485Web\laragon\bin\mysql\mysql-8.0.30-winx64\bin;E:\CSE485Web\laragon\bin\nginx\nginx-1.22.0;E:\CSE485Web\laragon\bin\ngrok;E:\CSE485Web\laragon\bin\nodejs\node-v18;E:\CSE485Web\laragon\bin\notepad++;E:\CSE485Web\laragon\bin\php\php-8.1.10-Win32-vs16-x64;E:\CSE485Web\laragon\bin\python\python-3.10;E:\CSE485Web\laragon\bin\python\python-3.10\Scripts;E:\CSE485Web\laragon\bin\redis\redis-x64-5.0.14.1;E:\CSE485Web\laragon\bin\telnet;E:\CSE485Web\laragon\usr\bin;C:\Users\QUANG HIE;C:\Users\QUANG HIEU\AppData\Local\Programs\Microsoft VS Code\bin;C:\Users\QUANG HIEU\.dotnet\tools;E:\Trash;C:\Users\QUANG HIEU\IntelliJ IDEA 2025.2.1\bin;C:\Users\QUANG HIEU\AppData\Roaming\npm;C:\Users\QUANG HIEU\AppData\Local\JetBrains\Toolbox\scripts;
USERNAME=QUANG HIEU
OS=Windows_NT
PROCESSOR_IDENTIFIER=Intel64 Family 6 Model 141 Stepping 1, GenuineIntel
TMP=C:\Users\QUANGH~1\AppData\Local\Temp
TEMP=C:\Users\QUANGH~1\AppData\Local\Temp




Periodic native trim disabled

---------------  S Y S T E M  ---------------

OS:
 Windows 11 , 64 bit Build 26100 (10.0.26100.8115)
OS uptime: 0 days 0:15 hours
Hyper-V role detected

CPU: total 16 (initial active 16) (8 cores per cpu, 2 threads per core) family 6 model 141 stepping 1 microcode 0x26, cx8, cmov, fxsr, ht, mmx, 3dnowpref, sse, sse2, sse3, ssse3, sse4.1, sse4.2, popcnt, lzcnt, tsc, tscinvbit, avx, avx2, aes, erms, clmul, bmi1, bmi2, adx, avx512f, avx512dq, avx512cd, avx512bw, avx512vl, sha, fma, vzeroupper, avx512_vpopcntdq, avx512_vpclmulqdq, avx512_vaes, avx512_vnni, clflush, clflushopt, clwb, avx512_vbmi2, avx512_vbmi, hv, rdtscp, rdpid, fsrm, gfni, avx512_bitalg, f16c, cet_ibt, cet_ss, avx512_ifma
Processor Information for the first 16 processors :
  Max Mhz: 2301, Current Mhz: 2300, Mhz Limit: 2277

Memory: 4k page, system-wide physical 16085M (663M free)
TotalPageFile size 32469M (AvailPageFile size 47M)
current process WorkingSet (physical memory assigned to process): 111M, peak: 548M
current process commit charge ("private bytes"): 460M, peak: 644M

vm_info: OpenJDK 64-Bit Server VM (21.0.10+7-LTS) for windows-amd64 JRE (21.0.10+7-LTS), built on 2026-01-20T00:00:00Z by "admin" with MS VC++ 17.12 (VS2022)

END.
