#
# There is insufficient memory for the Java Runtime Environment to continue.
# Native memory allocation (malloc) failed to allocate 1820816 bytes. Error detail: Chunk::new
# Possible reasons:
#   The system is out of physical RAM or swap space
#   This process is running with CompressedOops enabled, and the Java Heap may be blocking the growth of the native heap
# Possible solutions:
#   Reduce memory load on the system
#   Increase physical memory or swap space
#   Check if swap backing store is full
#   Decrease Java heap size (-Xmx/-Xms)
#   Decrease number of Java threads
#   Decrease Java thread stack sizes (-Xss)
#   Set larger code cache with -XX:ReservedCodeCacheSize=
#   JVM is running with Unscaled Compressed Oops mode in which the Java heap is
#     placed in the first 4GB address space. The Java Heap base address is the
#     maximum limit for the native heap growth. Please use -XX:HeapBaseMinAddress
#     to set the Java Heap base and to place the Java Heap above 4GB virtual address.
# This output file may be truncated or incomplete.
#
#  Out of Memory Error (arena.cpp:168), pid=18104, tid=25472
#
# JRE version: OpenJDK Runtime Environment Temurin-21.0.10+7 (21.0.10+7) (build 21.0.10+7-LTS)
# Java VM: OpenJDK 64-Bit Server VM Temurin-21.0.10+7 (21.0.10+7-LTS, mixed mode, sharing, tiered, compressed oops, compressed class ptrs, parallel gc, windows-amd64)
# No core dump will be written. Minidumps are not enabled by default on client versions of Windows
#

---------------  S U M M A R Y ------------

Command Line: --add-modules=ALL-SYSTEM --add-opens=java.base/java.util=ALL-UNNAMED --add-opens=java.base/java.lang=ALL-UNNAMED --add-opens=java.base/sun.nio.fs=ALL-UNNAMED -Declipse.application=org.eclipse.jdt.ls.core.id1 -Dosgi.bundles.defaultStartLevel=4 -Declipse.product=org.eclipse.jdt.ls.core.product -Djava.import.generatesMetadataFilesAtProjectRoot=false -DDetectVMInstallationsJob.disabled=true -Dfile.encoding=utf8 -XX:+UseParallelGC -XX:GCTimeRatio=4 -XX:AdaptiveSizePolicyWeight=90 -Dsun.zip.disableMemoryMapping=true -Xmx2G -Xms100m -Xlog:disable -javaagent:c:\Users\QUANG HIEU\.vscode\extensions\redhat.java-1.54.0-win32-x64\lombok\lombok-1.18.39-4050.jar -XX:+HeapDumpOnOutOfMemoryError -XX:HeapDumpPath=c:\Users\QUANG HIEU\AppData\Roaming\Code\User\workspaceStorage\2878347c96f63767afd4af9a55f75101\redhat.java -Daether.dependencyCollector.impl=bf c:\Users\QUANG HIEU\.vscode\extensions\redhat.java-1.54.0-win32-x64\server\plugins\org.eclipse.equinox.launcher_1.7.100.v20251111-0406.jar -configuration c:\Users\QUANG HIEU\AppData\Roaming\Code\User\globalStorage\redhat.java\1.54.0\config_win -data c:\Users\QUANG HIEU\AppData\Roaming\Code\User\workspaceStorage\2878347c96f63767afd4af9a55f75101\redhat.java\jdt_ws --pipe=\\.\pipe\lsp-b11bb037338dc75504855fdf8862ce03-sock

Host: 11th Gen Intel(R) Core(TM) i7-11800H @ 2.30GHz, 16 cores, 15G,  Windows 11 , 64 bit Build 26100 (10.0.26100.8246)
Time: Wed Apr 29 15:13:43 2026 SE Asia Standard Time elapsed time: 13.117224 seconds (0d 0h 0m 13s)

---------------  T H R E A D  ---------------

Current thread (0x0000021e735bc430):  JavaThread "C2 CompilerThread1" daemon [_thread_in_native, id=25472, stack(0x0000004235400000,0x0000004235500000) (1024K)]


Current CompileTask:
C2:13117 9439   !   4       org.eclipse.osgi.internal.loader.classpath.ClasspathManager::defineClass (636 bytes)

Stack: [0x0000004235400000,0x0000004235500000]
Native frames: (J=compiled Java code, j=interpreted, Vv=VM code, C=native code)
V  [jvm.dll+0x6d7a39]
V  [jvm.dll+0x8b4b26]
V  [jvm.dll+0x8b70de]
V  [jvm.dll+0x8b77c3]
V  [jvm.dll+0x284346]
V  [jvm.dll+0xc66ed]
V  [jvm.dll+0xc6c31]
V  [jvm.dll+0x3bec01]
V  [jvm.dll+0x38b162]
V  [jvm.dll+0x38a5aa]
V  [jvm.dll+0x24c560]
V  [jvm.dll+0x24bb40]
V  [jvm.dll+0x1cb34e]
V  [jvm.dll+0x25b85d]
V  [jvm.dll+0x259dea]
V  [jvm.dll+0x3f857e]
V  [jvm.dll+0x85f59d]
V  [jvm.dll+0x6d626d]
C  [ucrtbase.dll+0x37b0]
C  [KERNEL32.DLL+0x2e8d7]
C  [ntdll.dll+0x8c3fc]


---------------  P R O C E S S  ---------------

Threads class SMR info:
_java_thread_list=0x0000021e77b8a9e0, length=93, elements={
0x0000021e54a6dfa0, 0x0000021e54b11680, 0x0000021e54b13c40, 0x0000021e54b18570,
0x0000021e54b1d530, 0x0000021e54b21590, 0x0000021e54b27da0, 0x0000021e6c7f53b0,
0x0000021e6c7f6830, 0x0000021e54addd10, 0x0000021e54ade570, 0x0000021e6c892740,
0x0000021e54b28430, 0x0000021e54b29e70, 0x0000021e54b28ac0, 0x0000021e54b2b220,
0x0000021e54b2ab90, 0x0000021e54b29150, 0x0000021e54b297e0, 0x0000021e54b2a500,
0x0000021e735bc430, 0x0000021e738c0280, 0x0000021e738be840, 0x0000021e738beed0,
0x0000021e738c0fa0, 0x0000021e7387a8b0, 0x0000021e738bf560, 0x0000021e753265b0,
0x0000021e738bfbf0, 0x0000021e75a0b730, 0x0000021e75324e80, 0x0000021e738be1b0,
0x0000021e738c1cc0, 0x0000021e738c2350, 0x0000021e738c3700, 0x0000021e738c29e0,
0x0000021e738c3070, 0x0000021e738c3d90, 0x0000021e738c0910, 0x0000021e738c5140,
0x0000021e738c4420, 0x0000021e738c4ab0, 0x0000021e738c57d0, 0x0000021e74a35b40,
0x0000021e74a32d50, 0x0000021e74a326c0, 0x0000021e74a361d0, 0x0000021e74a354b0,
0x0000021e74a333e0, 0x0000021e74a34100, 0x0000021e74a34790, 0x0000021e74a36860,
0x0000021e74a38930, 0x0000021e74a34e20, 0x0000021e74a39ce0, 0x0000021e75c3cf60,
0x0000021e75c3bbb0, 0x0000021e75c3b520, 0x0000021e75c3ae90, 0x0000021e75c3d5f0,
0x0000021e75c3c240, 0x0000021e75c3c8d0, 0x0000021e75c3a170, 0x0000021e75c3dc80,
0x0000021e75c3a800, 0x0000021e75c41100, 0x0000021e75c3e310, 0x0000021e75c3e9a0,
0x0000021e75c3f030, 0x0000021e75c41790, 0x0000021e75c3f6c0, 0x0000021e75c3fd50,
0x0000021e75c403e0, 0x0000021e75c40a70, 0x0000021e78a15270, 0x0000021e78a14be0,
0x0000021e78a15f90, 0x0000021e78a15900, 0x0000021e78a13ec0, 0x0000021e78a16620,
0x0000021e78a14550, 0x0000021e78a16cb0, 0x0000021e78a13830, 0x0000021e76923b60,
0x0000021e769227b0, 0x0000021e769241f0, 0x0000021e76922e40, 0x0000021e76924880,
0x0000021e76924f10, 0x0000021e769234d0, 0x0000021e76922120, 0x0000021e76926fe0,
0x0000021e76927d00
}

Java Threads: ( => current thread )
  0x0000021e54a6dfa0 JavaThread "main"                              [_thread_blocked, id=17948, stack(0x0000004234400000,0x0000004234500000) (1024K)]
  0x0000021e54b11680 JavaThread "Reference Handler"          daemon [_thread_blocked, id=32236, stack(0x0000004234800000,0x0000004234900000) (1024K)]
  0x0000021e54b13c40 JavaThread "Finalizer"                  daemon [_thread_blocked, id=31092, stack(0x0000004234900000,0x0000004234a00000) (1024K)]
  0x0000021e54b18570 JavaThread "Signal Dispatcher"          daemon [_thread_blocked, id=32876, stack(0x0000004234a00000,0x0000004234b00000) (1024K)]
  0x0000021e54b1d530 JavaThread "Attach Listener"            daemon [_thread_blocked, id=29856, stack(0x0000004234b00000,0x0000004234c00000) (1024K)]
  0x0000021e54b21590 JavaThread "Service Thread"             daemon [_thread_blocked, id=33200, stack(0x0000004234c00000,0x0000004234d00000) (1024K)]
  0x0000021e54b27da0 JavaThread "Monitor Deflation Thread"   daemon [_thread_blocked, id=34716, stack(0x0000004234d00000,0x0000004234e00000) (1024K)]
  0x0000021e6c7f53b0 JavaThread "C2 CompilerThread0"         daemon [_thread_in_native, id=34724, stack(0x0000004234e00000,0x0000004234f00000) (1024K)]
  0x0000021e6c7f6830 JavaThread "C1 CompilerThread0"         daemon [_thread_in_native, id=34728, stack(0x0000004234f00000,0x0000004235000000) (1024K)]
  0x0000021e54addd10 JavaThread "C1 CompilerThread1"         daemon [_thread_in_vm, id=14688, stack(0x0000004235000000,0x0000004235100000) (1024K)]
  0x0000021e54ade570 JavaThread "C1 CompilerThread2"         daemon [_thread_in_native, id=9688, stack(0x0000004235100000,0x0000004235200000) (1024K)]
  0x0000021e6c892740 JavaThread "C1 CompilerThread3"         daemon [_thread_in_native, id=33104, stack(0x0000004235200000,0x0000004235300000) (1024K)]
  0x0000021e54b28430 JavaThread "Common-Cleaner"             daemon [_thread_blocked, id=10216, stack(0x0000004235500000,0x0000004235600000) (1024K)]
  0x0000021e54b29e70 JavaThread "Notification Thread"        daemon [_thread_blocked, id=12952, stack(0x0000004235600000,0x0000004235700000) (1024K)]
  0x0000021e54b28ac0 JavaThread "Active Thread: Equinox Container: 191e3063-b05b-4e09-b110-13104db5f33b"        [_thread_blocked, id=33532, stack(0x0000004235f00000,0x0000004236000000) (1024K)]
  0x0000021e54b2b220 JavaThread "Refresh Thread: Equinox Container: 191e3063-b05b-4e09-b110-13104db5f33b" daemon [_thread_blocked, id=30784, stack(0x0000004236100000,0x0000004236200000) (1024K)]
  0x0000021e54b2ab90 JavaThread "Framework Event Dispatcher: Equinox Container: 191e3063-b05b-4e09-b110-13104db5f33b" daemon [_thread_blocked, id=24012, stack(0x0000004236200000,0x0000004236300000) (1024K)]
  0x0000021e54b29150 JavaThread "Start Level: Equinox Container: 191e3063-b05b-4e09-b110-13104db5f33b" daemon [_thread_blocked, id=32996, stack(0x0000004236300000,0x0000004236400000) (1024K)]
  0x0000021e54b297e0 JavaThread "Bundle File Closer"         daemon [_thread_blocked, id=34652, stack(0x0000004236700000,0x0000004236800000) (1024K)]
  0x0000021e54b2a500 JavaThread "SCR Component Actor"        daemon [_thread_blocked, id=11676, stack(0x0000004235300000,0x0000004235400000) (1024K)]
=>0x0000021e735bc430 JavaThread "C2 CompilerThread1"         daemon [_thread_in_native, id=25472, stack(0x0000004235400000,0x0000004235500000) (1024K)]
  0x0000021e738c0280 JavaThread "Worker-JM"                         [_thread_blocked, id=24480, stack(0x0000004235e00000,0x0000004235f00000) (1024K)]
  0x0000021e738be840 JavaThread "JNA Cleaner"                daemon [_thread_blocked, id=34636, stack(0x0000004236b00000,0x0000004236c00000) (1024K)]
  0x0000021e738beed0 JavaThread "Worker-0"                          [_thread_blocked, id=33984, stack(0x0000004236c00000,0x0000004236d00000) (1024K)]
  0x0000021e738c0fa0 JavaThread "Worker-1: Initialize workspace"        [_thread_blocked, id=34640, stack(0x0000004236d00000,0x0000004236e00000) (1024K)]
  0x0000021e7387a8b0 JavaThread "C2 CompilerThread2"         daemon [_thread_in_native, id=30084, stack(0x0000004235d00000,0x0000004235e00000) (1024K)]
  0x0000021e738bf560 JavaThread "Java indexing"              daemon [_thread_blocked, id=30828, stack(0x0000004236a00000,0x0000004236b00000) (1024K)]
  0x0000021e753265b0 JavaThread "C2 CompilerThread3"         daemon [_thread_in_native, id=32788, stack(0x0000004236e00000,0x0000004236f00000) (1024K)]
  0x0000021e738bfbf0 JavaThread "Worker-2: Publish Diagnostics"        [_thread_in_native, id=33580, stack(0x0000004237100000,0x0000004237200000) (1024K)]
  0x0000021e75a0b730 JavaThread "C2 CompilerThread4"         daemon [_thread_in_native, id=11384, stack(0x0000004237200000,0x0000004237300000) (1024K)]
  0x0000021e75324e80 JavaThread "C2 CompilerThread5"         daemon [_thread_in_native, id=15840, stack(0x0000004237300000,0x0000004237400000) (1024K)]
  0x0000021e738be1b0 JavaThread "Worker-3: Building"                [_thread_in_Java, id=33824, stack(0x0000004237400000,0x0000004237500000) (1024K)]
  0x0000021e738c1cc0 JavaThread "Thread-1"                   daemon [_thread_in_native, id=34520, stack(0x0000004237500000,0x0000004237600000) (1024K)]
  0x0000021e738c2350 JavaThread "Thread-2"                   daemon [_thread_in_native, id=4348, stack(0x0000004237600000,0x0000004237700000) (1024K)]
  0x0000021e738c3700 JavaThread "Thread-3"                   daemon [_thread_in_native, id=33540, stack(0x0000004237700000,0x0000004237800000) (1024K)]
  0x0000021e738c29e0 JavaThread "Thread-4"                   daemon [_thread_in_native, id=12376, stack(0x0000004237800000,0x0000004237900000) (1024K)]
  0x0000021e738c3070 JavaThread "Thread-5"                   daemon [_thread_in_native, id=31912, stack(0x0000004237900000,0x0000004237a00000) (1024K)]
  0x0000021e738c3d90 JavaThread "Thread-6"                   daemon [_thread_in_native, id=34332, stack(0x0000004237a00000,0x0000004237b00000) (1024K)]
  0x0000021e738c0910 JavaThread "Thread-7"                   daemon [_thread_in_native, id=29496, stack(0x0000004237b00000,0x0000004237c00000) (1024K)]
  0x0000021e738c5140 JavaThread "Thread-8"                   daemon [_thread_in_native, id=7768, stack(0x0000004237c00000,0x0000004237d00000) (1024K)]
  0x0000021e738c4420 JavaThread "Thread-9"                   daemon [_thread_in_native, id=32600, stack(0x0000004237d00000,0x0000004237e00000) (1024K)]
  0x0000021e738c4ab0 JavaThread "Thread-10"                  daemon [_thread_in_native, id=8376, stack(0x0000004237e00000,0x0000004237f00000) (1024K)]
  0x0000021e738c57d0 JavaThread "Thread-11"                  daemon [_thread_in_native, id=6344, stack(0x0000004237f00000,0x0000004238000000) (1024K)]
  0x0000021e74a35b40 JavaThread "Thread-12"                  daemon [_thread_in_native, id=19108, stack(0x0000004238000000,0x0000004238100000) (1024K)]
  0x0000021e74a32d50 JavaThread "Thread-13"                  daemon [_thread_in_native, id=2392, stack(0x0000004238100000,0x0000004238200000) (1024K)]
  0x0000021e74a326c0 JavaThread "Thread-14"                  daemon [_thread_in_native, id=17804, stack(0x0000004238200000,0x0000004238300000) (1024K)]
  0x0000021e74a361d0 JavaThread "Thread-15"                  daemon [_thread_in_native, id=33916, stack(0x0000004238300000,0x0000004238400000) (1024K)]
  0x0000021e74a354b0 JavaThread "Thread-16"                  daemon [_thread_in_native, id=32356, stack(0x0000004238400000,0x0000004238500000) (1024K)]
  0x0000021e74a333e0 JavaThread "Thread-17"                  daemon [_thread_in_native, id=32888, stack(0x0000004238500000,0x0000004238600000) (1024K)]
  0x0000021e74a34100 JavaThread "pool-2-thread-1"                   [_thread_blocked, id=32204, stack(0x0000004238600000,0x0000004238700000) (1024K)]
  0x0000021e74a34790 JavaThread "WorkspaceEventsHandler"            [_thread_blocked, id=33604, stack(0x0000004238700000,0x0000004238800000) (1024K)]
  0x0000021e74a36860 JavaThread "pool-1-thread-1"                   [_thread_blocked, id=33800, stack(0x0000004238800000,0x0000004238900000) (1024K)]
  0x0000021e74a38930 JavaThread "ForkJoinPool.commonPool-worker-1" daemon [_thread_in_Java, id=12300, stack(0x0000004238a00000,0x0000004238b00000) (1024K)]
  0x0000021e74a34e20 JavaThread "Worker-4"                          [_thread_blocked, id=28480, stack(0x0000004238900000,0x0000004238a00000) (1024K)]
  0x0000021e74a39ce0 JavaThread "Worker-5"                          [_thread_blocked, id=31948, stack(0x0000004238b00000,0x0000004238c00000) (1024K)]
  0x0000021e75c3cf60 JavaThread "Worker-6"                          [_thread_blocked, id=9288, stack(0x0000004238c00000,0x0000004238d00000) (1024K)]
  0x0000021e75c3bbb0 JavaThread "ForkJoinPool.commonPool-worker-2" daemon [_thread_in_vm, id=34124, stack(0x0000004238d00000,0x0000004238e00000) (1024K)]
  0x0000021e75c3b520 JavaThread "ForkJoinPool.commonPool-worker-3" daemon [_thread_blocked, id=4012, stack(0x0000004238e00000,0x0000004238f00000) (1024K)]
  0x0000021e75c3ae90 JavaThread "ForkJoinPool.commonPool-worker-4" daemon [_thread_in_vm, id=9140, stack(0x0000004238f00000,0x0000004239000000) (1024K)]
  0x0000021e75c3d5f0 JavaThread "ForkJoinPool.commonPool-worker-5" daemon [_thread_in_Java, id=31792, stack(0x0000004239000000,0x0000004239100000) (1024K)]
  0x0000021e75c3c240 JavaThread "ForkJoinPool.commonPool-worker-6" daemon [_thread_blocked, id=32716, stack(0x0000004239100000,0x0000004239200000) (1024K)]
  0x0000021e75c3c8d0 JavaThread "ForkJoinPool.commonPool-worker-7" daemon [_thread_blocked, id=17688, stack(0x0000004239200000,0x0000004239300000) (1024K)]
  0x0000021e75c3a170 JavaThread "ForkJoinPool.commonPool-worker-8" daemon [_thread_blocked, id=24824, stack(0x0000004239300000,0x0000004239400000) (1024K)]
  0x0000021e75c3dc80 JavaThread "LocalFile Deleter"          daemon [_thread_blocked, id=23696, stack(0x0000004239400000,0x0000004239500000) (1024K)]
  0x0000021e75c3a800 JavaThread "LocalFile Deleter"          daemon [_thread_blocked, id=10096, stack(0x0000004239500000,0x0000004239600000) (1024K)]
  0x0000021e75c41100 JavaThread "LocalFile Deleter"          daemon [_thread_blocked, id=3356, stack(0x0000004239600000,0x0000004239700000) (1024K)]
  0x0000021e75c3e310 JavaThread "LocalFile Deleter"          daemon [_thread_blocked, id=8784, stack(0x0000004239700000,0x0000004239800000) (1024K)]
  0x0000021e75c3e9a0 JavaThread "LocalFile Deleter"          daemon [_thread_blocked, id=33328, stack(0x0000004239800000,0x0000004239900000) (1024K)]
  0x0000021e75c3f030 JavaThread "LocalFile Deleter"          daemon [_thread_blocked, id=23812, stack(0x0000004239900000,0x0000004239a00000) (1024K)]
  0x0000021e75c41790 JavaThread "LocalFile Deleter"          daemon [_thread_blocked, id=27356, stack(0x0000004239a00000,0x0000004239b00000) (1024K)]
  0x0000021e75c3f6c0 JavaThread "LocalFile Deleter"          daemon [_thread_blocked, id=17148, stack(0x0000004239b00000,0x0000004239c00000) (1024K)]
  0x0000021e75c3fd50 JavaThread "LocalFile Deleter"          daemon [_thread_blocked, id=7156, stack(0x0000004239c00000,0x0000004239d00000) (1024K)]
  0x0000021e75c403e0 JavaThread "LocalFile Deleter"          daemon [_thread_blocked, id=4288, stack(0x0000004239d00000,0x0000004239e00000) (1024K)]
  0x0000021e75c40a70 JavaThread "LocalFile Deleter"          daemon [_thread_blocked, id=33832, stack(0x0000004239e00000,0x0000004239f00000) (1024K)]
  0x0000021e78a15270 JavaThread "LocalFile Deleter"          daemon [_thread_blocked, id=33232, stack(0x0000004239f00000,0x000000423a000000) (1024K)]
  0x0000021e78a14be0 JavaThread "LocalFile Deleter"          daemon [_thread_blocked, id=22836, stack(0x000000423a000000,0x000000423a100000) (1024K)]
  0x0000021e78a15f90 JavaThread "LocalFile Deleter"          daemon [_thread_blocked, id=34740, stack(0x000000423a100000,0x000000423a200000) (1024K)]
  0x0000021e78a15900 JavaThread "LocalFile Deleter"          daemon [_thread_blocked, id=13980, stack(0x000000423a200000,0x000000423a300000) (1024K)]
  0x0000021e78a13ec0 JavaThread "LocalFile Deleter"          daemon [_thread_blocked, id=33848, stack(0x000000423a300000,0x000000423a400000) (1024K)]
  0x0000021e78a16620 JavaThread "Compiler Source File Reader" daemon [_thread_blocked, id=27060, stack(0x000000423a400000,0x000000423a500000) (1024K)]
  0x0000021e78a14550 JavaThread "Compiler Source File Reader" daemon [_thread_blocked, id=33512, stack(0x000000423a500000,0x000000423a600000) (1024K)]
  0x0000021e78a16cb0 JavaThread "Compiler Source File Reader" daemon [_thread_blocked, id=27156, stack(0x000000423a600000,0x000000423a700000) (1024K)]
  0x0000021e78a13830 JavaThread "Compiler Source File Reader" daemon [_thread_blocked, id=22524, stack(0x000000423a700000,0x000000423a800000) (1024K)]
  0x0000021e76923b60 JavaThread "Compiler Source File Reader" daemon [_thread_blocked, id=17600, stack(0x000000423a800000,0x000000423a900000) (1024K)]
  0x0000021e769227b0 JavaThread "Compiler Source File Reader" daemon [_thread_blocked, id=32620, stack(0x000000423a900000,0x000000423aa00000) (1024K)]
  0x0000021e769241f0 JavaThread "Compiler Source File Reader" daemon [_thread_blocked, id=11824, stack(0x000000423aa00000,0x000000423ab00000) (1024K)]
  0x0000021e76922e40 JavaThread "Compiler Source File Reader" daemon [_thread_blocked, id=13940, stack(0x000000423ab00000,0x000000423ac00000) (1024K)]
  0x0000021e76924880 JavaThread "Compiler Source File Reader" daemon [_thread_blocked, id=30052, stack(0x000000423ac00000,0x000000423ad00000) (1024K)]
  0x0000021e76924f10 JavaThread "Compiler Source File Reader" daemon [_thread_blocked, id=24428, stack(0x000000423ad00000,0x000000423ae00000) (1024K)]
  0x0000021e769234d0 JavaThread "Compiler Source File Reader" daemon [_thread_in_native, id=32832, stack(0x000000423ae00000,0x000000423af00000) (1024K)]
  0x0000021e76922120 JavaThread "Compiler Source File Reader" daemon [_thread_blocked, id=22940, stack(0x000000423af00000,0x000000423b000000) (1024K)]
  0x0000021e76926fe0 JavaThread "Compiler Source File Reader" daemon [_thread_blocked, id=34620, stack(0x000000423b000000,0x000000423b100000) (1024K)]
  0x0000021e76927d00 JavaThread "Compiler Source File Reader" daemon [_thread_blocked, id=22548, stack(0x000000423b100000,0x000000423b200000) (1024K)]
Total: 93

Other Threads:
  0x0000021e54a04900 VMThread "VM Thread"                           [id=26632, stack(0x0000004234700000,0x0000004234800000) (1024K)]
  0x0000021e54ad9d30 WatcherThread "VM Periodic Task Thread"        [id=30216, stack(0x0000004234600000,0x0000004234700000) (1024K)]
  0x0000021e54a8cd30 WorkerThread "GC Thread#0"                     [id=8028, stack(0x0000004234500000,0x0000004234600000) (1024K)]
  0x0000021e732db010 WorkerThread "GC Thread#1"                     [id=33472, stack(0x0000004235700000,0x0000004235800000) (1024K)]
  0x0000021e6e655eb0 WorkerThread "GC Thread#2"                     [id=34732, stack(0x0000004235800000,0x0000004235900000) (1024K)]
  0x0000021e6e656260 WorkerThread "GC Thread#3"                     [id=4368, stack(0x0000004235900000,0x0000004235a00000) (1024K)]
  0x0000021e6e656610 WorkerThread "GC Thread#4"                     [id=32660, stack(0x0000004235a00000,0x0000004235b00000) (1024K)]
  0x0000021e6e6569c0 WorkerThread "GC Thread#5"                     [id=1764, stack(0x0000004235b00000,0x0000004235c00000) (1024K)]
  0x0000021e6e46c160 WorkerThread "GC Thread#6"                     [id=32968, stack(0x0000004235c00000,0x0000004235d00000) (1024K)]
  0x0000021e6e37b560 WorkerThread "GC Thread#7"                     [id=32164, stack(0x0000004236000000,0x0000004236100000) (1024K)]
  0x0000021e734656b0 WorkerThread "GC Thread#8"                     [id=33000, stack(0x0000004236400000,0x0000004236500000) (1024K)]
  0x0000021e7381bda0 WorkerThread "GC Thread#9"                     [id=34260, stack(0x0000004236500000,0x0000004236600000) (1024K)]
  0x0000021e73442160 WorkerThread "GC Thread#10"                    [id=34628, stack(0x0000004236600000,0x0000004236700000) (1024K)]
  0x0000021e738c7430 WorkerThread "GC Thread#11"                    [id=16660, stack(0x0000004236800000,0x0000004236900000) (1024K)]
  0x0000021e738c77e0 WorkerThread "GC Thread#12"                    [id=12196, stack(0x0000004236900000,0x0000004236a00000) (1024K)]
Total: 15

Threads with active compile tasks:
C2 CompilerThread0  13132 9603       4       java.lang.reflect.Field::get (39 bytes)
C1 CompilerThread0  13133 10451       2       org.eclipse.core.internal.dtree.NodeComparison::asReverseComparison (67 bytes)
C1 CompilerThread1  13133 10453       1       org.eclipse.core.internal.events.ResourceDelta::setStatus (6 bytes)
C1 CompilerThread2  13134 10501       2       org.eclipse.core.internal.resources.Resource::getFileExtension (41 bytes)
C1 CompilerThread3  13134 10442       2       org.eclipse.core.internal.events.ResourceComparator::compare (383 bytes)
C2 CompilerThread1  13134 9439   !   4       org.eclipse.osgi.internal.loader.classpath.ClasspathManager::defineClass (636 bytes)
C2 CompilerThread2  13134 10401       4       org.eclipse.jdt.internal.compiler.util.CharDeduplication::sharedCopyOfRange (190 bytes)
C2 CompilerThread3  13134 10156 %     4       org.eclipse.jdt.internal.compiler.lookup.BinaryTypeBinding::createMethod @ 166 (1666 bytes)
C2 CompilerThread4  13135 10380       4       org.eclipse.jdt.internal.compiler.lookup.SplitPackageBinding::getIncarnation (44 bytes)
C2 CompilerThread5  13135 10423       4       java.util.HashMap::putVal (300 bytes)
Total: 10

VM state: not at safepoint (normal execution)

VM Mutex/Monitor currently owned by a thread: None

Heap address: 0x0000000080000000, size: 2048 MB, Compressed Oops mode: 32-bit

CDS archive(s) mapped at: [0x0000021e00000000-0x0000021e00ba0000-0x0000021e00ba0000), size 12189696, SharedBaseAddress: 0x0000021e00000000, ArchiveRelocationMode: 1.
Compressed class space mapped at: 0x0000021e01000000-0x0000021e41000000, reserved size: 1073741824
Narrow klass base: 0x0000021e00000000, Narrow klass shift: 0, Narrow klass range: 0x100000000

GC Precious Log:
 CardTable entry size: 512
 CPUs: 16 total, 16 available
 Memory: 16085M
 Large Page Support: Disabled
 NUMA Support: Disabled
 Compressed Oops: Enabled (32-bit)
 Alignments: Space 512K, Generation 512K, Heap 2M
 Heap Min Capacity: 100M
 Heap Initial Capacity: 100M
 Heap Max Capacity: 2G
 Pre-touch: Disabled
 Parallel Workers: 13

Heap:
 PSYoungGen      total 26624K, used 8494K [0x00000000d5580000, 0x00000000d7480000, 0x0000000100000000)
  eden space 21504K, 25% used [0x00000000d5580000,0x00000000d5ae0510,0x00000000d6a80000)
  from space 5120K, 58% used [0x00000000d6f80000,0x00000000d726b678,0x00000000d7480000)
  to   space 5120K, 0% used [0x00000000d6a80000,0x00000000d6a80000,0x00000000d6f80000)
 ParOldGen       total 76800K, used 76768K [0x0000000080000000, 0x0000000084b00000, 0x00000000d5580000)
  object space 76800K, 99% used [0x0000000080000000,0x0000000084af8140,0x0000000084b00000)
 Metaspace       used 63939K, committed 65344K, reserved 1114112K
  class space    used 6771K, committed 7424K, reserved 1048576K

Card table byte_map: [0x0000021e54410000,0x0000021e54820000] _byte_map_base: 0x0000021e54010000

Marking Bits: (ParMarkBitMap*) 0x00007ff959773450
 Begin Bits: [0x0000021e66f20000, 0x0000021e68f20000)
 End Bits:   [0x0000021e68f20000, 0x0000021e6af20000)

Polling page: 0x0000021e52820000

Metaspace:

Usage:
  Non-class:     55.83 MB used.
      Class:      6.61 MB used.
       Both:     62.44 MB used.

Virtual space:
  Non-class space:       64.00 MB reserved,      56.56 MB ( 88%) committed,  1 nodes.
      Class space:        1.00 GB reserved,       7.25 MB ( <1%) committed,  1 nodes.
             Both:        1.06 GB reserved,      63.81 MB (  6%) committed. 

Chunk freelists:
   Non-Class:  6.82 MB
       Class:  8.61 MB
        Both:  15.42 MB

MaxMetaspaceSize: unlimited
CompressedClassSpaceSize: 1.00 GB
Initial GC threshold: 21.00 MB
Current GC threshold: 97.31 MB
CDS: on
 - commit_granule_bytes: 65536.
 - commit_granule_words: 8192.
 - virtual_space_node_default_size: 8388608.
 - enlarge_chunks_in_place: 1.
 - use_allocation_guard: 0.


Internal statistics:

num_allocs_failed_limit: 9.
num_arena_births: 1190.
num_arena_deaths: 14.
num_vsnodes_births: 2.
num_vsnodes_deaths: 0.
num_space_committed: 1021.
num_space_uncommitted: 0.
num_chunks_returned_to_freelist: 23.
num_chunks_taken_from_freelist: 4367.
num_chunk_merges: 11.
num_chunk_splits: 2570.
num_chunks_enlarged: 1289.
num_inconsistent_stats: 0.

CodeHeap 'non-profiled nmethods': size=119168Kb used=5655Kb max_used=5655Kb free=113512Kb
 bounds [0x0000021e5f810000, 0x0000021e5fda0000, 0x0000021e66c70000]
CodeHeap 'profiled nmethods': size=119104Kb used=21550Kb max_used=21550Kb free=97553Kb
 bounds [0x0000021e57c70000, 0x0000021e59180000, 0x0000021e5f0c0000]
CodeHeap 'non-nmethods': size=7488Kb used=3142Kb max_used=3203Kb free=4345Kb
 bounds [0x0000021e5f0c0000, 0x0000021e5f3f0000, 0x0000021e5f810000]
CodeCache: size=245760Kb, used=30347Kb, max_used=30408Kb, free=215410Kb
 total_blobs=10298, nmethods=9541, adapters=659, full_count=0
Compilation: enabled, stopped_count=0, restarted_count=0

Compilation events (20 events):
Event: 12.084 Thread 0x0000021e54addd10 nmethod 10418 0x0000021e59162690 code [0x0000021e591628e0, 0x0000021e59162de8]
Event: 12.084 Thread 0x0000021e75324e80 10423       4       java.util.HashMap::putVal (300 bytes)
Event: 12.084 Thread 0x0000021e6c892740 10427       2       org.eclipse.jdt.internal.core.util.LRUCache::updateTimestamp (36 bytes)
Event: 12.084 Thread 0x0000021e6c7f6830 nmethod 10412 0x0000021e59163110 code [0x0000021e591632e0, 0x0000021e59163570]
Event: 12.084 Thread 0x0000021e6c892740 nmethod 10427 0x0000021e59163710 code [0x0000021e591638c0, 0x0000021e59163a68]
Event: 12.084 Thread 0x0000021e54addd10 10429       2       org.eclipse.jdt.internal.compiler.lookup.MethodScope::referenceType (18 bytes)
Event: 12.084 Thread 0x0000021e6c7f6830 10430       2       org.eclipse.jdt.internal.compiler.lookup.MethodBinding::isNative (15 bytes)
Event: 12.085 Thread 0x0000021e6c892740 10411       2       lombok.core.handlers.InclusionExclusionUtils$Included::<init> (26 bytes)
Event: 12.085 Thread 0x0000021e6c7f6830 nmethod 10430 0x0000021e59163b90 code [0x0000021e59163d40, 0x0000021e59163e88]
Event: 12.085 Thread 0x0000021e54addd10 nmethod 10429 0x0000021e59163f10 code [0x0000021e591640c0, 0x0000021e59164320]
Event: 12.085 Thread 0x0000021e6c892740 nmethod 10411 0x0000021e59164490 code [0x0000021e59164620, 0x0000021e59164760]
Event: 12.085 Thread 0x0000021e6c7f6830 10431       3       org.eclipse.jdt.internal.core.builder.NameEnvironment$$Lambda/0x0000021e0174d138::<init> (10 bytes)
Event: 12.085 Thread 0x0000021e54addd10 10432       3       org.eclipse.jdt.internal.core.builder.ClasspathLocation::findClass (25 bytes)
Event: 12.085 Thread 0x0000021e6c892740 10434       2       org.eclipse.jdt.internal.compiler.ast.ParameterizedSingleTypeReference::<init> (77 bytes)
Event: 12.086 Thread 0x0000021e6c7f6830 nmethod 10431 0x0000021e59164810 code [0x0000021e591649c0, 0x0000021e59164b48]
Event: 12.086 Thread 0x0000021e7387a8b0 nmethod 9911 0x0000021e5fd92b10 code [0x0000021e5fd92d60, 0x0000021e5fd934c0]
Event: 12.086 Thread 0x0000021e6c7f6830 10420       2       lombok.core.handlers.HandlerUtil::stripLinesWithTagFromJavadoc (64 bytes)
Event: 12.086 Thread 0x0000021e54addd10 nmethod 10432 0x0000021e59164c10 code [0x0000021e59164de0, 0x0000021e59165090]
Event: 12.086 Thread 0x0000021e6c892740 nmethod 10434 0x0000021e59165190 code [0x0000021e59165340, 0x0000021e591655a0]
Event: 12.086 Thread 0x0000021e54addd10 10433       2       lombok.core.AnnotationValues$1::<init> (10 bytes)

GC Heap History (20 events):
Event: 10.229 GC heap after
{Heap after GC invocations=55 (full 2):
 PSYoungGen      total 20992K, used 1081K [0x00000000d5580000, 0x00000000d6c80000, 0x0000000100000000)
  eden space 19456K, 0% used [0x00000000d5580000,0x00000000d5580000,0x00000000d6880000)
  from space 1536K, 70% used [0x00000000d6880000,0x00000000d698e748,0x00000000d6a00000)
  to   space 2048K, 0% used [0x00000000d6a80000,0x00000000d6a80000,0x00000000d6c80000)
 ParOldGen       total 68608K, used 67926K [0x0000000080000000, 0x0000000084300000, 0x00000000d5580000)
  object space 68608K, 99% used [0x0000000080000000,0x0000000084255800,0x0000000084300000)
 Metaspace       used 56465K, committed 57856K, reserved 1114112K
  class space    used 6073K, committed 6656K, reserved 1048576K
}
Event: 10.274 GC heap before
{Heap before GC invocations=56 (full 2):
 PSYoungGen      total 20992K, used 20537K [0x00000000d5580000, 0x00000000d6c80000, 0x0000000100000000)
  eden space 19456K, 100% used [0x00000000d5580000,0x00000000d6880000,0x00000000d6880000)
  from space 1536K, 70% used [0x00000000d6880000,0x00000000d698e748,0x00000000d6a00000)
  to   space 2048K, 0% used [0x00000000d6a80000,0x00000000d6a80000,0x00000000d6c80000)
 ParOldGen       total 68608K, used 67928K [0x0000000080000000, 0x0000000084300000, 0x00000000d5580000)
  object space 68608K, 99% used [0x0000000080000000,0x0000000084256130,0x0000000084300000)
 Metaspace       used 57361K, committed 58688K, reserved 1114112K
  class space    used 6158K, committed 6720K, reserved 1048576K
}
Event: 10.275 GC heap after
{Heap after GC invocations=56 (full 2):
 PSYoungGen      total 19968K, used 368K [0x00000000d5580000, 0x00000000d6b00000, 0x0000000100000000)
  eden space 19456K, 0% used [0x00000000d5580000,0x00000000d5580000,0x00000000d6880000)
  from space 512K, 71% used [0x00000000d6a80000,0x00000000d6adc0d8,0x00000000d6b00000)
  to   space 1024K, 0% used [0x00000000d6900000,0x00000000d6900000,0x00000000d6a00000)
 ParOldGen       total 68608K, used 68048K [0x0000000080000000, 0x0000000084300000, 0x00000000d5580000)
  object space 68608K, 99% used [0x0000000080000000,0x00000000842742e0,0x0000000084300000)
 Metaspace       used 57361K, committed 58688K, reserved 1114112K
  class space    used 6158K, committed 6720K, reserved 1048576K
}
Event: 10.493 GC heap before
{Heap before GC invocations=57 (full 2):
 PSYoungGen      total 19968K, used 18705K [0x00000000d5580000, 0x00000000d6b00000, 0x0000000100000000)
  eden space 19456K, 94% used [0x00000000d5580000,0x00000000d67686a0,0x00000000d6880000)
  from space 512K, 71% used [0x00000000d6a80000,0x00000000d6adc0d8,0x00000000d6b00000)
  to   space 1024K, 0% used [0x00000000d6900000,0x00000000d6900000,0x00000000d6a00000)
 ParOldGen       total 68608K, used 68048K [0x0000000080000000, 0x0000000084300000, 0x00000000d5580000)
  object space 68608K, 99% used [0x0000000080000000,0x00000000842742e0,0x0000000084300000)
 Metaspace       used 58461K, committed 59776K, reserved 1114112K
  class space    used 6270K, committed 6848K, reserved 1048576K
}
Event: 10.494 GC heap after
{Heap after GC invocations=57 (full 2):
 PSYoungGen      total 20480K, used 1015K [0x00000000d5580000, 0x00000000d6f80000, 0x0000000100000000)
  eden space 19456K, 0% used [0x00000000d5580000,0x00000000d5580000,0x00000000d6880000)
  from space 1024K, 99% used [0x00000000d6900000,0x00000000d69fde88,0x00000000d6a00000)
  to   space 3584K, 0% used [0x00000000d6c00000,0x00000000d6c00000,0x00000000d6f80000)
 ParOldGen       total 70144K, used 69766K [0x0000000080000000, 0x0000000084480000, 0x00000000d5580000)
  object space 70144K, 99% used [0x0000000080000000,0x0000000084421b10,0x0000000084480000)
 Metaspace       used 58461K, committed 59776K, reserved 1114112K
  class space    used 6270K, committed 6848K, reserved 1048576K
}
Event: 10.494 GC heap before
{Heap before GC invocations=58 (full 3):
 PSYoungGen      total 20480K, used 1015K [0x00000000d5580000, 0x00000000d6f80000, 0x0000000100000000)
  eden space 19456K, 0% used [0x00000000d5580000,0x00000000d5580000,0x00000000d6880000)
  from space 1024K, 99% used [0x00000000d6900000,0x00000000d69fde88,0x00000000d6a00000)
  to   space 3584K, 0% used [0x00000000d6c00000,0x00000000d6c00000,0x00000000d6f80000)
 ParOldGen       total 70144K, used 69766K [0x0000000080000000, 0x0000000084480000, 0x00000000d5580000)
  object space 70144K, 99% used [0x0000000080000000,0x0000000084421b10,0x0000000084480000)
 Metaspace       used 58461K, committed 59776K, reserved 1114112K
  class space    used 6270K, committed 6848K, reserved 1048576K
}
Event: 10.562 GC heap after
{Heap after GC invocations=58 (full 3):
 PSYoungGen      total 20480K, used 0K [0x00000000d5580000, 0x00000000d6f80000, 0x0000000100000000)
  eden space 19456K, 0% used [0x00000000d5580000,0x00000000d5580000,0x00000000d6880000)
  from space 1024K, 0% used [0x00000000d6900000,0x00000000d6900000,0x00000000d6a00000)
  to   space 3584K, 0% used [0x00000000d6c00000,0x00000000d6c00000,0x00000000d6f80000)
 ParOldGen       total 70144K, used 61658K [0x0000000080000000, 0x0000000084480000, 0x00000000d5580000)
  object space 70144K, 87% used [0x0000000080000000,0x0000000083c36b80,0x0000000084480000)
 Metaspace       used 58461K, committed 59776K, reserved 1114112K
  class space    used 6270K, committed 6848K, reserved 1048576K
}
Event: 10.707 GC heap before
{Heap before GC invocations=59 (full 3):
 PSYoungGen      total 20480K, used 19455K [0x00000000d5580000, 0x00000000d6f80000, 0x0000000100000000)
  eden space 19456K, 99% used [0x00000000d5580000,0x00000000d687fff0,0x00000000d6880000)
  from space 1024K, 0% used [0x00000000d6900000,0x00000000d6900000,0x00000000d6a00000)
  to   space 3584K, 0% used [0x00000000d6c00000,0x00000000d6c00000,0x00000000d6f80000)
 ParOldGen       total 70144K, used 61764K [0x0000000080000000, 0x0000000084480000, 0x00000000d5580000)
  object space 70144K, 88% used [0x0000000080000000,0x0000000083c51158,0x0000000084480000)
 Metaspace       used 59693K, committed 61120K, reserved 1114112K
  class space    used 6381K, committed 6976K, reserved 1048576K
}
Event: 10.708 GC heap after
{Heap after GC invocations=59 (full 3):
 PSYoungGen      total 23040K, used 2943K [0x00000000d5580000, 0x00000000d6f80000, 0x0000000100000000)
  eden space 19456K, 0% used [0x00000000d5580000,0x00000000d5580000,0x00000000d6880000)
  from space 3584K, 82% used [0x00000000d6c00000,0x00000000d6edfe80,0x00000000d6f80000)
  to   space 3584K, 0% used [0x00000000d6880000,0x00000000d6880000,0x00000000d6c00000)
 ParOldGen       total 70144K, used 61772K [0x0000000080000000, 0x0000000084480000, 0x00000000d5580000)
  object space 70144K, 88% used [0x0000000080000000,0x0000000083c53158,0x0000000084480000)
 Metaspace       used 59693K, committed 61120K, reserved 1114112K
  class space    used 6381K, committed 6976K, reserved 1048576K
}
Event: 10.772 GC heap before
{Heap before GC invocations=60 (full 3):
 PSYoungGen      total 23040K, used 22399K [0x00000000d5580000, 0x00000000d6f80000, 0x0000000100000000)
  eden space 19456K, 100% used [0x00000000d5580000,0x00000000d6880000,0x00000000d6880000)
  from space 3584K, 82% used [0x00000000d6c00000,0x00000000d6edfe80,0x00000000d6f80000)
  to   space 3584K, 0% used [0x00000000d6880000,0x00000000d6880000,0x00000000d6c00000)
 ParOldGen       total 70144K, used 61772K [0x0000000080000000, 0x0000000084480000, 0x00000000d5580000)
  object space 70144K, 88% used [0x0000000080000000,0x0000000083c53158,0x0000000084480000)
 Metaspace       used 60685K, committed 62080K, reserved 1114112K
  class space    used 6452K, committed 7040K, reserved 1048576K
}
Event: 10.774 GC heap after
{Heap after GC invocations=60 (full 3):
 PSYoungGen      total 20992K, used 1109K [0x00000000d5580000, 0x00000000d6c80000, 0x0000000100000000)
  eden space 19456K, 0% used [0x00000000d5580000,0x00000000d5580000,0x00000000d6880000)
  from space 1536K, 72% used [0x00000000d6880000,0x00000000d6995790,0x00000000d6a00000)
  to   space 2048K, 0% used [0x00000000d6a80000,0x00000000d6a80000,0x00000000d6c80000)
 ParOldGen       total 70144K, used 64342K [0x0000000080000000, 0x0000000084480000, 0x00000000d5580000)
  object space 70144K, 91% used [0x0000000080000000,0x0000000083ed5ad0,0x0000000084480000)
 Metaspace       used 60685K, committed 62080K, reserved 1114112K
  class space    used 6452K, committed 7040K, reserved 1048576K
}
Event: 11.871 GC heap before
{Heap before GC invocations=61 (full 3):
 PSYoungGen      total 20992K, used 20565K [0x00000000d5580000, 0x00000000d6c80000, 0x0000000100000000)
  eden space 19456K, 100% used [0x00000000d5580000,0x00000000d6880000,0x00000000d6880000)
  from space 1536K, 72% used [0x00000000d6880000,0x00000000d6995790,0x00000000d6a00000)
  to   space 2048K, 0% used [0x00000000d6a80000,0x00000000d6a80000,0x00000000d6c80000)
 ParOldGen       total 70144K, used 64342K [0x0000000080000000, 0x0000000084480000, 0x00000000d5580000)
  object space 70144K, 91% used [0x0000000080000000,0x0000000083ed5af8,0x0000000084480000)
 Metaspace       used 61665K, committed 63104K, reserved 1114112K
  class space    used 6551K, committed 7168K, reserved 1048576K
}
Event: 11.874 GC heap after
{Heap after GC invocations=61 (full 3):
 PSYoungGen      total 19968K, used 2042K [0x00000000d5580000, 0x00000000d6f80000, 0x0000000100000000)
  eden space 17920K, 0% used [0x00000000d5580000,0x00000000d5580000,0x00000000d6700000)
  from space 2048K, 99% used [0x00000000d6a80000,0x00000000d6c7eb50,0x00000000d6c80000)
  to   space 3584K, 0% used [0x00000000d6700000,0x00000000d6700000,0x00000000d6a80000)
 ParOldGen       total 70144K, used 65320K [0x0000000080000000, 0x0000000084480000, 0x00000000d5580000)
  object space 70144K, 93% used [0x0000000080000000,0x0000000083fca3a8,0x0000000084480000)
 Metaspace       used 61665K, committed 63104K, reserved 1114112K
  class space    used 6551K, committed 7168K, reserved 1048576K
}
Event: 11.917 GC heap before
{Heap before GC invocations=62 (full 3):
 PSYoungGen      total 19968K, used 19962K [0x00000000d5580000, 0x00000000d6f80000, 0x0000000100000000)
  eden space 17920K, 100% used [0x00000000d5580000,0x00000000d6700000,0x00000000d6700000)
  from space 2048K, 99% used [0x00000000d6a80000,0x00000000d6c7eb50,0x00000000d6c80000)
  to   space 3584K, 0% used [0x00000000d6700000,0x00000000d6700000,0x00000000d6a80000)
 ParOldGen       total 70144K, used 65322K [0x0000000080000000, 0x0000000084480000, 0x00000000d5580000)
  object space 70144K, 93% used [0x0000000080000000,0x0000000083fcaa98,0x0000000084480000)
 Metaspace       used 61970K, committed 63424K, reserved 1114112K
  class space    used 6577K, committed 7232K, reserved 1048576K
}
Event: 11.918 GC heap after
{Heap after GC invocations=62 (full 3):
 PSYoungGen      total 20480K, used 2274K [0x00000000d5580000, 0x00000000d6c00000, 0x0000000100000000)
  eden space 17920K, 0% used [0x00000000d5580000,0x00000000d5580000,0x00000000d6700000)
  from space 2560K, 88% used [0x00000000d6700000,0x00000000d69389f8,0x00000000d6980000)
  to   space 2560K, 0% used [0x00000000d6980000,0x00000000d6980000,0x00000000d6c00000)
 ParOldGen       total 70144K, used 67051K [0x0000000080000000, 0x0000000084480000, 0x00000000d5580000)
  object space 70144K, 95% used [0x0000000080000000,0x000000008417acd0,0x0000000084480000)
 Metaspace       used 61970K, committed 63424K, reserved 1114112K
  class space    used 6577K, committed 7232K, reserved 1048576K
}
Event: 11.974 GC heap before
{Heap before GC invocations=63 (full 3):
 PSYoungGen      total 20480K, used 20194K [0x00000000d5580000, 0x00000000d6c00000, 0x0000000100000000)
  eden space 17920K, 100% used [0x00000000d5580000,0x00000000d6700000,0x00000000d6700000)
  from space 2560K, 88% used [0x00000000d6700000,0x00000000d69389f8,0x00000000d6980000)
  to   space 2560K, 0% used [0x00000000d6980000,0x00000000d6980000,0x00000000d6c00000)
 ParOldGen       total 70144K, used 67051K [0x0000000080000000, 0x0000000084480000, 0x00000000d5580000)
  object space 70144K, 95% used [0x0000000080000000,0x000000008417acd0,0x0000000084480000)
 Metaspace       used 62399K, committed 63872K, reserved 1114112K
  class space    used 6613K, committed 7296K, reserved 1048576K
}
Event: 11.975 GC heap after
{Heap after GC invocations=63 (full 3):
 PSYoungGen      total 19456K, used 1136K [0x00000000d5580000, 0x00000000d6b00000, 0x0000000100000000)
  eden space 17920K, 0% used [0x00000000d5580000,0x00000000d5580000,0x00000000d6700000)
  from space 1536K, 73% used [0x00000000d6980000,0x00000000d6a9c010,0x00000000d6b00000)
  to   space 2048K, 0% used [0x00000000d6700000,0x00000000d6700000,0x00000000d6900000)
 ParOldGen       total 70144K, used 69069K [0x0000000080000000, 0x0000000084480000, 0x00000000d5580000)
  object space 70144K, 98% used [0x0000000080000000,0x00000000843736d0,0x0000000084480000)
 Metaspace       used 62399K, committed 63872K, reserved 1114112K
  class space    used 6613K, committed 7296K, reserved 1048576K
}
Event: 12.039 GC heap before
{Heap before GC invocations=64 (full 3):
 PSYoungGen      total 19456K, used 19056K [0x00000000d5580000, 0x00000000d6b00000, 0x0000000100000000)
  eden space 17920K, 100% used [0x00000000d5580000,0x00000000d6700000,0x00000000d6700000)
  from space 1536K, 73% used [0x00000000d6980000,0x00000000d6a9c010,0x00000000d6b00000)
  to   space 2048K, 0% used [0x00000000d6700000,0x00000000d6700000,0x00000000d6900000)
 ParOldGen       total 70144K, used 69069K [0x0000000080000000, 0x0000000084480000, 0x00000000d5580000)
  object space 70144K, 98% used [0x0000000080000000,0x00000000843736d0,0x0000000084480000)
 Metaspace       used 62922K, committed 64384K, reserved 1114112K
  class space    used 6681K, committed 7360K, reserved 1048576K
}
Event: 12.041 GC heap after
{Heap after GC invocations=64 (full 3):
 PSYoungGen      total 19968K, used 2034K [0x00000000d5580000, 0x00000000d7800000, 0x0000000100000000)
  eden space 17920K, 0% used [0x00000000d5580000,0x00000000d5580000,0x00000000d6700000)
  from space 2048K, 99% used [0x00000000d6700000,0x00000000d68fcbc0,0x00000000d6900000)
  to   space 8704K, 0% used [0x00000000d6f80000,0x00000000d6f80000,0x00000000d7800000)
 ParOldGen       total 74752K, used 74623K [0x0000000080000000, 0x0000000084900000, 0x00000000d5580000)
  object space 74752K, 99% used [0x0000000080000000,0x00000000848dfdb0,0x0000000084900000)
 Metaspace       used 62922K, committed 64384K, reserved 1114112K
  class space    used 6681K, committed 7360K, reserved 1048576K
}
Event: 12.091 GC heap before
{Heap before GC invocations=65 (full 3):
 PSYoungGen      total 19968K, used 19954K [0x00000000d5580000, 0x00000000d7800000, 0x0000000100000000)
  eden space 17920K, 100% used [0x00000000d5580000,0x00000000d6700000,0x00000000d6700000)
  from space 2048K, 99% used [0x00000000d6700000,0x00000000d68fcbc0,0x00000000d6900000)
  to   space 8704K, 0% used [0x00000000d6f80000,0x00000000d6f80000,0x00000000d7800000)
 ParOldGen       total 74752K, used 74623K [0x0000000080000000, 0x0000000084900000, 0x00000000d5580000)
  object space 74752K, 99% used [0x0000000080000000,0x00000000848dfdb0,0x0000000084900000)
 Metaspace       used 63699K, committed 65088K, reserved 1114112K
  class space    used 6748K, committed 7360K, reserved 1048576K
}

Dll operation events (10 events):
Event: 0.029 Loaded shared library c:\Users\QUANG HIEU\.vscode\extensions\redhat.java-1.54.0-win32-x64\jre\21.0.10-win32-x86_64\bin\java.dll
Event: 0.127 Loaded shared library c:\Users\QUANG HIEU\.vscode\extensions\redhat.java-1.54.0-win32-x64\jre\21.0.10-win32-x86_64\bin\zip.dll
Event: 0.145 Loaded shared library C:\Users\QUANG HIEU\.vscode\extensions\redhat.java-1.54.0-win32-x64\jre\21.0.10-win32-x86_64\bin\instrument.dll
Event: 0.150 Loaded shared library C:\Users\QUANG HIEU\.vscode\extensions\redhat.java-1.54.0-win32-x64\jre\21.0.10-win32-x86_64\bin\net.dll
Event: 0.152 Loaded shared library C:\Users\QUANG HIEU\.vscode\extensions\redhat.java-1.54.0-win32-x64\jre\21.0.10-win32-x86_64\bin\nio.dll
Event: 0.155 Loaded shared library C:\Users\QUANG HIEU\.vscode\extensions\redhat.java-1.54.0-win32-x64\jre\21.0.10-win32-x86_64\bin\zip.dll
Event: 0.171 Loaded shared library C:\Users\QUANG HIEU\.vscode\extensions\redhat.java-1.54.0-win32-x64\jre\21.0.10-win32-x86_64\bin\jimage.dll
Event: 0.230 Loaded shared library c:\Users\QUANG HIEU\.vscode\extensions\redhat.java-1.54.0-win32-x64\jre\21.0.10-win32-x86_64\bin\verify.dll
Event: 0.821 Loaded shared library C:\Users\QUANG HIEU\AppData\Roaming\Code\User\globalStorage\redhat.java\1.54.0\config_win\org.eclipse.equinox.launcher\org.eclipse.equinox.launcher.win32.win32.x86_64_1.3.0.v20260203-2149\eclipse_11919.dll
Event: 3.511 Loaded shared library C:\Users\QUANG HIEU\AppData\Local\Temp\jna-2136273467\jna7093282650294188254.dll

Deoptimization events (20 events):
Event: 12.027 Thread 0x0000021e75c3bbb0 DEOPT UNPACKING pc=0x0000021e5f116da2 sp=0x0000004238dfe0d0 mode 2
Event: 12.027 Thread 0x0000021e738bfbf0 Uncommon trap: reason=unstable_if action=reinterpret pc=0x0000021e5fafe6b8 method=java.util.Hashtable$Enumerator.nextElement()Ljava/lang/Object; @ 87 c2
Event: 12.027 Thread 0x0000021e738bfbf0 DEOPT PACKING pc=0x0000021e5fafe6b8 sp=0x00000042371feb10
Event: 12.027 Thread 0x0000021e738bfbf0 DEOPT UNPACKING pc=0x0000021e5f116da2 sp=0x00000042371fea98 mode 2
Event: 12.027 Thread 0x0000021e75c3bbb0 Uncommon trap: trap_request=0xffffffde fr.pc=0x0000021e5f9b30dc relative=0x00000000000009fc
Event: 12.027 Thread 0x0000021e75c3bbb0 Uncommon trap: reason=class_check action=maybe_recompile pc=0x0000021e5f9b30dc method=java.util.concurrent.ConcurrentHashMap.putVal(Ljava/lang/Object;Ljava/lang/Object;Z)Ljava/lang/Object; @ 159 c2
Event: 12.027 Thread 0x0000021e75c3bbb0 DEOPT PACKING pc=0x0000021e5f9b30dc sp=0x0000004238dfe460
Event: 12.027 Thread 0x0000021e75c3bbb0 DEOPT UNPACKING pc=0x0000021e5f116da2 sp=0x0000004238dfe3e0 mode 2
Event: 12.029 Thread 0x0000021e75c3bbb0 Uncommon trap: trap_request=0xffffff45 fr.pc=0x0000021e5fd78070 relative=0x0000000000000790
Event: 12.029 Thread 0x0000021e75c3bbb0 Uncommon trap: reason=unstable_if action=reinterpret pc=0x0000021e5fd78070 method=java.util.HashMap.putVal(ILjava/lang/Object;Ljava/lang/Object;ZZ)Ljava/lang/Object; @ 236 c2
Event: 12.030 Thread 0x0000021e75c3bbb0 DEOPT PACKING pc=0x0000021e5fd78070 sp=0x0000004238dfd6e0
Event: 12.030 Thread 0x0000021e75c3bbb0 DEOPT UNPACKING pc=0x0000021e5f116da2 sp=0x0000004238dfd658 mode 2
Event: 12.037 Thread 0x0000021e74a38930 Uncommon trap: trap_request=0xffffffde fr.pc=0x0000021e5f9b30dc relative=0x00000000000009fc
Event: 12.037 Thread 0x0000021e74a38930 Uncommon trap: reason=class_check action=maybe_recompile pc=0x0000021e5f9b30dc method=java.util.concurrent.ConcurrentHashMap.putVal(Ljava/lang/Object;Ljava/lang/Object;Z)Ljava/lang/Object; @ 159 c2
Event: 12.037 Thread 0x0000021e74a38930 DEOPT PACKING pc=0x0000021e5f9b30dc sp=0x0000004238afdc20
Event: 12.037 Thread 0x0000021e74a38930 DEOPT UNPACKING pc=0x0000021e5f116da2 sp=0x0000004238afdba0 mode 2
Event: 12.037 Thread 0x0000021e75c3bbb0 DEOPT PACKING pc=0x0000021e591187c8 sp=0x0000004238dfdb40
Event: 12.037 Thread 0x0000021e75c3bbb0 DEOPT UNPACKING pc=0x0000021e5f1178e2 sp=0x0000004238dfcfa0 mode 0
Event: 12.072 Thread 0x0000021e738bfbf0 DEOPT PACKING pc=0x0000021e58f3cf22 sp=0x00000042371fdd40
Event: 12.072 Thread 0x0000021e738bfbf0 DEOPT UNPACKING pc=0x0000021e5f1178e2 sp=0x00000042371fd168 mode 0

Classes loaded (20 events):
Event: 10.233 Loading class java/nio/charset/CharacterCodingException
Event: 10.233 Loading class java/nio/charset/CharacterCodingException done
Event: 10.233 Loading class java/io/SequenceInputStream
Event: 10.233 Loading class java/io/SequenceInputStream done
Event: 10.285 Loading class java/util/WeakHashMap$KeyIterator
Event: 10.285 Loading class java/util/WeakHashMap$KeyIterator done
Event: 10.299 Loading class java/util/concurrent/CompletableFuture$UniApply
Event: 10.299 Loading class java/util/concurrent/CompletableFuture$UniApply done
Event: 10.300 Loading class java/util/concurrent/CompletableFuture$UniExceptionally
Event: 10.300 Loading class java/util/concurrent/CompletableFuture$UniExceptionally done
Event: 10.467 Loading class sun/nio/fs/WindowsFileCopy
Event: 10.467 Loading class sun/nio/fs/WindowsFileCopy done
Event: 10.674 Loading class javax/xml/transform/TransformerConfigurationException
Event: 10.674 Loading class javax/xml/transform/TransformerConfigurationException done
Event: 10.741 Loading class java/lang/UnsupportedClassVersionError
Event: 10.741 Loading class java/lang/UnsupportedClassVersionError done
Event: 10.755 Loading class java/util/ImmutableCollections$SubList
Event: 10.755 Loading class java/util/ImmutableCollections$SubList done
Event: 10.769 Loading class java/util/Hashtable$KeySet
Event: 10.769 Loading class java/util/Hashtable$KeySet done

Classes unloaded (7 events):
Event: 3.777 Thread 0x0000021e54a04900 Unloading class 0x0000021e011a5000 'java/lang/invoke/LambdaForm$MH+0x0000021e011a5000'
Event: 3.777 Thread 0x0000021e54a04900 Unloading class 0x0000021e011a4c00 'java/lang/invoke/LambdaForm$MH+0x0000021e011a4c00'
Event: 3.777 Thread 0x0000021e54a04900 Unloading class 0x0000021e011a4800 'java/lang/invoke/LambdaForm$MH+0x0000021e011a4800'
Event: 3.777 Thread 0x0000021e54a04900 Unloading class 0x0000021e011a4400 'java/lang/invoke/LambdaForm$MH+0x0000021e011a4400'
Event: 3.777 Thread 0x0000021e54a04900 Unloading class 0x0000021e011a4000 'java/lang/invoke/LambdaForm$BMH+0x0000021e011a4000'
Event: 3.777 Thread 0x0000021e54a04900 Unloading class 0x0000021e011a3c00 'java/lang/invoke/LambdaForm$DMH+0x0000021e011a3c00'
Event: 3.777 Thread 0x0000021e54a04900 Unloading class 0x0000021e011a2800 'java/lang/invoke/LambdaForm$DMH+0x0000021e011a2800'

Classes redefined (0 events):
No events

Internal exceptions (20 events):
Event: 11.954 Thread 0x0000021e75c3e310 Exception <a 'sun/nio/fs/WindowsException'{0x00000000d61b2190}> (0x00000000d61b2190) 
thrown [s\src\hotspot\share\prims\jni.cpp, line 520]
Event: 11.954 Thread 0x0000021e75c3f030 Exception <a 'sun/nio/fs/WindowsException'{0x00000000d613d228}> (0x00000000d613d228) 
thrown [s\src\hotspot\share\prims\jni.cpp, line 520]
Event: 11.954 Thread 0x0000021e75c3fd50 Exception <a 'sun/nio/fs/WindowsException'{0x00000000d60072d0}> (0x00000000d60072d0) 
thrown [s\src\hotspot\share\prims\jni.cpp, line 520]
Event: 11.954 Thread 0x0000021e78a15900 Exception <a 'sun/nio/fs/WindowsException'{0x00000000d60c8710}> (0x00000000d60c8710) 
thrown [s\src\hotspot\share\prims\jni.cpp, line 520]
Event: 11.957 Thread 0x0000021e75c41100 Exception <a 'sun/nio/fs/WindowsException'{0x00000000d6038778}> (0x00000000d6038778) 
thrown [s\src\hotspot\share\prims\jni.cpp, line 520]
Event: 11.959 Thread 0x0000021e75c3fd50 Exception <a 'sun/nio/fs/WindowsException'{0x00000000d6318710}> (0x00000000d6318710) 
thrown [s\src\hotspot\share\prims\jni.cpp, line 520]
Event: 11.959 Thread 0x0000021e75c3e310 Exception <a 'sun/nio/fs/WindowsException'{0x00000000d61b5800}> (0x00000000d61b5800) 
thrown [s\src\hotspot\share\prims\jni.cpp, line 520]
Event: 11.959 Thread 0x0000021e78a15900 Exception <a 'sun/nio/fs/WindowsException'{0x00000000d6344c28}> (0x00000000d6344c28) 
thrown [s\src\hotspot\share\prims\jni.cpp, line 520]
Event: 11.961 Thread 0x0000021e75c41100 Exception <a 'sun/nio/fs/WindowsException'{0x00000000d603b0c8}> (0x00000000d603b0c8) 
thrown [s\src\hotspot\share\prims\jni.cpp, line 520]
Event: 11.961 Thread 0x0000021e78a15900 Exception <a 'sun/nio/fs/WindowsException'{0x00000000d6346740}> (0x00000000d6346740) 
thrown [s\src\hotspot\share\prims\jni.cpp, line 520]
Event: 11.962 Thread 0x0000021e75c3e9a0 Exception <a 'sun/nio/fs/WindowsException'{0x00000000d6075d28}> (0x00000000d6075d28) 
thrown [s\src\hotspot\share\prims\jni.cpp, line 520]
Event: 11.962 Thread 0x0000021e78a13ec0 Exception <a 'sun/nio/fs/WindowsException'{0x00000000d60a0358}> (0x00000000d60a0358) 
thrown [s\src\hotspot\share\prims\jni.cpp, line 520]
Event: 11.962 Thread 0x0000021e78a15900 Exception <a 'sun/nio/fs/WindowsException'{0x00000000d63493b0}> (0x00000000d63493b0) 
thrown [s\src\hotspot\share\prims\jni.cpp, line 520]
Event: 11.962 Thread 0x0000021e75c3fd50 Exception <a 'sun/nio/fs/WindowsException'{0x00000000d631bf68}> (0x00000000d631bf68) 
thrown [s\src\hotspot\share\prims\jni.cpp, line 520]
Event: 11.963 Thread 0x0000021e78a15270 Exception <a 'sun/nio/fs/WindowsException'{0x00000000d6401308}> (0x00000000d6401308) 
thrown [s\src\hotspot\share\prims\jni.cpp, line 520]
Event: 11.964 Thread 0x0000021e78a15900 Exception <a 'sun/nio/fs/WindowsException'{0x00000000d634bb68}> (0x00000000d634bb68) 
thrown [s\src\hotspot\share\prims\jni.cpp, line 520]
Event: 11.964 Thread 0x0000021e75c3e310 Exception <a 'sun/nio/fs/WindowsException'{0x00000000d6485398}> (0x00000000d6485398) 
thrown [s\src\hotspot\share\prims\jni.cpp, line 520]
Event: 11.965 Thread 0x0000021e78a15900 Exception <a 'sun/nio/fs/WindowsException'{0x00000000d64a1bd0}> (0x00000000d64a1bd0) 
thrown [s\src\hotspot\share\prims\jni.cpp, line 520]
Event: 11.965 Thread 0x0000021e75c41100 Exception <a 'sun/nio/fs/WindowsException'{0x00000000d6398808}> (0x00000000d6398808) 
thrown [s\src\hotspot\share\prims\jni.cpp, line 520]
Event: 12.075 Thread 0x0000021e738bfbf0 Exception <a 'java/lang/ArrayIndexOutOfBoundsException'{0x00000000d5f52770}> (0x00000000d5f52770) 
thrown [s\src\hotspot\share\runtime\sharedRuntime.cpp, line 625]

ZGC Phase Switch (0 events):
No events

VM Operations (20 events):
Event: 10.805 Executing non-safepoint VM operation: HandshakeAllThreads (Deoptimize) done
Event: 11.806 Executing safepoint VM operation: Cleanup
Event: 11.818 Executing safepoint VM operation: Cleanup done
Event: 11.851 Executing non-safepoint VM operation: HandshakeAllThreads (Deoptimize)
Event: 11.852 Executing non-safepoint VM operation: HandshakeAllThreads (Deoptimize) done
Event: 11.864 Executing non-safepoint VM operation: HandshakeAllThreads (Deoptimize)
Event: 11.865 Executing non-safepoint VM operation: HandshakeAllThreads (Deoptimize) done
Event: 11.867 Executing safepoint VM operation: ParallelGCFailedAllocation (Allocation Failure)
Event: 11.870 Executing safepoint VM operation: ParallelGCFailedAllocation (Allocation Failure) done
Event: 11.870 Executing safepoint VM operation: ParallelGCSystemGC (GCLocker Initiated GC)
Event: 11.874 Executing safepoint VM operation: ParallelGCSystemGC (GCLocker Initiated GC) done
Event: 11.914 Executing safepoint VM operation: ParallelGCFailedAllocation (Allocation Failure)
Event: 11.918 Executing safepoint VM operation: ParallelGCFailedAllocation (Allocation Failure) done
Event: 11.923 Executing non-safepoint VM operation: HandshakeAllThreads (Deoptimize)
Event: 11.928 Executing non-safepoint VM operation: HandshakeAllThreads (Deoptimize) done
Event: 11.973 Executing safepoint VM operation: ParallelGCFailedAllocation (Allocation Failure)
Event: 11.975 Executing safepoint VM operation: ParallelGCFailedAllocation (Allocation Failure) done
Event: 12.038 Executing safepoint VM operation: ParallelGCFailedAllocation (Allocation Failure)
Event: 12.041 Executing safepoint VM operation: ParallelGCFailedAllocation (Allocation Failure) done
Event: 12.087 Executing safepoint VM operation: ParallelGCFailedAllocation (Allocation Failure)

Memory protections (0 events):
No events

Nmethod flushes (20 events):
Event: 10.523 Thread 0x0000021e54a04900 flushing  nmethod 0x0000021e5869bd10
Event: 10.523 Thread 0x0000021e54a04900 flushing  nmethod 0x0000021e586a6510
Event: 10.523 Thread 0x0000021e54a04900 flushing  nmethod 0x0000021e586e2190
Event: 10.523 Thread 0x0000021e54a04900 flushing  nmethod 0x0000021e586e4910
Event: 10.523 Thread 0x0000021e54a04900 flushing  nmethod 0x0000021e586ee610
Event: 10.523 Thread 0x0000021e54a04900 flushing osr nmethod 0x0000021e586fb210
Event: 10.523 Thread 0x0000021e54a04900 flushing  nmethod 0x0000021e58714a10
Event: 10.523 Thread 0x0000021e54a04900 flushing  nmethod 0x0000021e58716510
Event: 10.523 Thread 0x0000021e54a04900 flushing  nmethod 0x0000021e58717e10
Event: 10.523 Thread 0x0000021e54a04900 flushing  nmethod 0x0000021e58718810
Event: 10.523 Thread 0x0000021e54a04900 flushing  nmethod 0x0000021e58719210
Event: 10.523 Thread 0x0000021e54a04900 flushing  nmethod 0x0000021e58721c10
Event: 10.523 Thread 0x0000021e54a04900 flushing  nmethod 0x0000021e58722e90
Event: 10.523 Thread 0x0000021e54a04900 flushing  nmethod 0x0000021e58723210
Event: 10.523 Thread 0x0000021e54a04900 flushing  nmethod 0x0000021e58723790
Event: 10.523 Thread 0x0000021e54a04900 flushing  nmethod 0x0000021e58723c90
Event: 10.523 Thread 0x0000021e54a04900 flushing  nmethod 0x0000021e58726a90
Event: 10.523 Thread 0x0000021e54a04900 flushing  nmethod 0x0000021e58728c90
Event: 10.523 Thread 0x0000021e54a04900 flushing  nmethod 0x0000021e58751f10
Event: 10.523 Thread 0x0000021e54a04900 flushing  nmethod 0x0000021e58752310

Events (20 events):
Event: 11.942 Thread 0x0000021e75c3e310 Thread added: 0x0000021e75c40a70
Event: 11.942 Thread 0x0000021e75c41790 Thread added: 0x0000021e78a15270
Event: 11.942 Thread 0x0000021e75c3e9a0 Thread added: 0x0000021e78a14be0
Event: 11.943 Thread 0x0000021e75c3f6c0 Thread added: 0x0000021e78a15f90
Event: 11.943 Thread 0x0000021e75c403e0 Thread added: 0x0000021e78a15900
Event: 11.943 Thread 0x0000021e75c3f030 Thread added: 0x0000021e78a13ec0
Event: 12.015 Thread 0x0000021e738be1b0 Thread added: 0x0000021e78a16620
Event: 12.015 Thread 0x0000021e738be1b0 Thread added: 0x0000021e78a14550
Event: 12.016 Thread 0x0000021e738be1b0 Thread added: 0x0000021e78a16cb0
Event: 12.016 Thread 0x0000021e738be1b0 Thread added: 0x0000021e78a13830
Event: 12.016 Thread 0x0000021e738be1b0 Thread added: 0x0000021e76923b60
Event: 12.016 Thread 0x0000021e738be1b0 Thread added: 0x0000021e769227b0
Event: 12.016 Thread 0x0000021e738be1b0 Thread added: 0x0000021e769241f0
Event: 12.017 Thread 0x0000021e738be1b0 Thread added: 0x0000021e76922e40
Event: 12.017 Thread 0x0000021e738be1b0 Thread added: 0x0000021e76924880
Event: 12.017 Thread 0x0000021e738be1b0 Thread added: 0x0000021e76924f10
Event: 12.017 Thread 0x0000021e738be1b0 Thread added: 0x0000021e769234d0
Event: 12.017 Thread 0x0000021e738be1b0 Thread added: 0x0000021e76922120
Event: 12.018 Thread 0x0000021e738be1b0 Thread added: 0x0000021e76926fe0
Event: 12.018 Thread 0x0000021e738be1b0 Thread added: 0x0000021e76927d00


Dynamic libraries:
0x00007ff71e7d0000 - 0x00007ff71e7de000 	c:\Users\QUANG HIEU\.vscode\extensions\redhat.java-1.54.0-win32-x64\jre\21.0.10-win32-x86_64\bin\java.exe
0x00007ffa08a40000 - 0x00007ffa08ca7000 	C:\WINDOWS\SYSTEM32\ntdll.dll
0x00007ffa06ca0000 - 0x00007ffa06d69000 	C:\WINDOWS\System32\KERNEL32.DLL
0x00007ffa05f20000 - 0x00007ffa06314000 	C:\WINDOWS\System32\KERNELBASE.dll
0x00007ffa06490000 - 0x00007ffa065db000 	C:\WINDOWS\System32\ucrtbase.dll
0x00007ffa009b0000 - 0x00007ffa009c8000 	c:\Users\QUANG HIEU\.vscode\extensions\redhat.java-1.54.0-win32-x64\jre\21.0.10-win32-x86_64\bin\jli.dll
0x00007ffa00940000 - 0x00007ffa0095e000 	c:\Users\QUANG HIEU\.vscode\extensions\redhat.java-1.54.0-win32-x64\jre\21.0.10-win32-x86_64\bin\VCRUNTIME140.dll
0x00007ffa08770000 - 0x00007ffa08935000 	C:\WINDOWS\System32\USER32.dll
0x00007ff9e8430000 - 0x00007ff9e86c3000 	C:\WINDOWS\WinSxS\amd64_microsoft.windows.common-controls_6595b64144ccf1df_6.0.26100.8115_none_3e075c82e3354f9c\COMCTL32.dll
0x00007ffa067a0000 - 0x00007ffa067c7000 	C:\WINDOWS\System32\win32u.dll
0x00007ffa07910000 - 0x00007ffa0793b000 	C:\WINDOWS\System32\GDI32.dll
0x00007ffa06fd0000 - 0x00007ffa07079000 	C:\WINDOWS\System32\msvcrt.dll
0x00007ffa06670000 - 0x00007ffa0679b000 	C:\WINDOWS\System32\gdi32full.dll
0x00007ffa05b80000 - 0x00007ffa05c23000 	C:\WINDOWS\System32\msvcp_win.dll
0x00007ffa06be0000 - 0x00007ffa06c12000 	C:\WINDOWS\System32\IMM32.DLL
0x00007ffa02700000 - 0x00007ffa0270c000 	c:\Users\QUANG HIEU\.vscode\extensions\redhat.java-1.54.0-win32-x64\jre\21.0.10-win32-x86_64\bin\vcruntime140_1.dll
0x00007ff9f1950000 - 0x00007ff9f19dd000 	c:\Users\QUANG HIEU\.vscode\extensions\redhat.java-1.54.0-win32-x64\jre\21.0.10-win32-x86_64\bin\msvcp140.dll
0x00007ff958ab0000 - 0x00007ff959851000 	c:\Users\QUANG HIEU\.vscode\extensions\redhat.java-1.54.0-win32-x64\jre\21.0.10-win32-x86_64\bin\server\jvm.dll
0x00007ffa08940000 - 0x00007ffa089f6000 	C:\WINDOWS\System32\ADVAPI32.dll
0x00007ffa071f0000 - 0x00007ffa07297000 	C:\WINDOWS\System32\sechost.dll
0x00007ffa08560000 - 0x00007ffa08678000 	C:\WINDOWS\System32\RPCRT4.dll
0x00007ffa06d80000 - 0x00007ffa06e00000 	C:\WINDOWS\System32\WS2_32.dll
0x00007ffa04fc0000 - 0x00007ffa0501e000 	C:\WINDOWS\SYSTEM32\POWRPROF.dll
0x00007ff9f8d50000 - 0x00007ff9f8d86000 	C:\WINDOWS\SYSTEM32\WINMM.dll
0x00007ff9fb910000 - 0x00007ff9fb91b000 	C:\WINDOWS\SYSTEM32\VERSION.dll
0x00007ffa04f70000 - 0x00007ffa04f84000 	C:\WINDOWS\SYSTEM32\UMPDC.dll
0x00007ffa04060000 - 0x00007ffa0407b000 	C:\WINDOWS\SYSTEM32\kernel.appcore.dll
0x00007ffa02690000 - 0x00007ffa0269a000 	c:\Users\QUANG HIEU\.vscode\extensions\redhat.java-1.54.0-win32-x64\jre\21.0.10-win32-x86_64\bin\jimage.dll
0x00007ffa02f80000 - 0x00007ffa031c2000 	C:\WINDOWS\SYSTEM32\DBGHELP.DLL
0x00007ffa08170000 - 0x00007ffa084f2000 	C:\WINDOWS\System32\combase.dll
0x00007ffa07830000 - 0x00007ffa07908000 	C:\WINDOWS\System32\OLEAUT32.dll
0x00007ff9d5a30000 - 0x00007ff9d5a6b000 	C:\WINDOWS\SYSTEM32\dbgcore.DLL
0x00007ffa05c30000 - 0x00007ffa05cd5000 	C:\WINDOWS\System32\bcryptPrimitives.dll
0x00007ffa00930000 - 0x00007ffa0093f000 	c:\Users\QUANG HIEU\.vscode\extensions\redhat.java-1.54.0-win32-x64\jre\21.0.10-win32-x86_64\bin\instrument.dll
0x00007ff9f8b90000 - 0x00007ff9f8bb0000 	c:\Users\QUANG HIEU\.vscode\extensions\redhat.java-1.54.0-win32-x64\jre\21.0.10-win32-x86_64\bin\java.dll
0x00007ffa07a00000 - 0x00007ffa08167000 	C:\WINDOWS\System32\SHELL32.dll
0x00007ffa06320000 - 0x00007ffa0648a000 	C:\WINDOWS\System32\wintypes.dll
0x00007ffa05310000 - 0x00007ffa05b78000 	C:\WINDOWS\System32\windows.storage.dll
0x00007ffa06e20000 - 0x00007ffa06f18000 	C:\WINDOWS\System32\SHCORE.dll
0x00007ffa07940000 - 0x00007ffa079a6000 	C:\WINDOWS\System32\shlwapi.dll
0x00007ffa05230000 - 0x00007ffa05259000 	C:\WINDOWS\SYSTEM32\profapi.dll
0x00007ff9d3100000 - 0x00007ff9d3118000 	c:\Users\QUANG HIEU\.vscode\extensions\redhat.java-1.54.0-win32-x64\jre\21.0.10-win32-x86_64\bin\zip.dll
0x00007ff9fe0f0000 - 0x00007ff9fe100000 	C:\Users\QUANG HIEU\.vscode\extensions\redhat.java-1.54.0-win32-x64\jre\21.0.10-win32-x86_64\bin\net.dll
0x00007ff9fd0b0000 - 0x00007ff9fd1dd000 	C:\WINDOWS\SYSTEM32\WINHTTP.dll
0x00007ffa045c0000 - 0x00007ffa0462c000 	C:\WINDOWS\system32\mswsock.dll
0x00007ff9d0cb0000 - 0x00007ff9d0cc6000 	C:\Users\QUANG HIEU\.vscode\extensions\redhat.java-1.54.0-win32-x64\jre\21.0.10-win32-x86_64\bin\nio.dll
0x00007ff9f1a20000 - 0x00007ff9f1a30000 	c:\Users\QUANG HIEU\.vscode\extensions\redhat.java-1.54.0-win32-x64\jre\21.0.10-win32-x86_64\bin\verify.dll
0x00007ff9d0c60000 - 0x00007ff9d0ca5000 	C:\Users\QUANG HIEU\AppData\Roaming\Code\User\globalStorage\redhat.java\1.54.0\config_win\org.eclipse.equinox.launcher\org.eclipse.equinox.launcher.win32.win32.x86_64_1.3.0.v20260203-2149\eclipse_11919.dll
0x00007ffa06a30000 - 0x00007ffa06bc7000 	C:\WINDOWS\System32\ole32.dll
0x00007ffa048f0000 - 0x00007ffa0490b000 	C:\WINDOWS\SYSTEM32\CRYPTSP.dll
0x00007ffa03fc0000 - 0x00007ffa03ff9000 	C:\WINDOWS\system32\rsaenh.dll
0x00007ffa04670000 - 0x00007ffa046a3000 	C:\WINDOWS\SYSTEM32\USERENV.dll
0x00007ffa05200000 - 0x00007ffa0522a000 	C:\WINDOWS\SYSTEM32\bcrypt.dll
0x00007ffa04910000 - 0x00007ffa0491c000 	C:\WINDOWS\SYSTEM32\CRYPTBASE.dll
0x00007ffa03a40000 - 0x00007ffa03a72000 	C:\WINDOWS\SYSTEM32\IPHLPAPI.DLL
0x00007ffa06e10000 - 0x00007ffa06e1a000 	C:\WINDOWS\System32\NSI.dll
0x00007ff9d0b10000 - 0x00007ff9d0b59000 	C:\Users\QUANG HIEU\AppData\Local\Temp\jna-2136273467\jna7093282650294188254.dll
0x00007ffa06bd0000 - 0x00007ffa06bd8000 	C:\WINDOWS\System32\PSAPI.DLL
0x00007ff9fd070000 - 0x00007ff9fd08d000 	C:\WINDOWS\SYSTEM32\dhcpcsvc6.DLL
0x00007ff9fcff0000 - 0x00007ff9fd015000 	C:\WINDOWS\SYSTEM32\dhcpcsvc.DLL

JVMTI agents:
c:\Users\QUANG HIEU\.vscode\extensions\redhat.java-1.54.0-win32-x64\lombok\lombok-1.18.39-4050.jar path:c:\Users\QUANG HIEU\.vscode\extensions\redhat.java-1.54.0-win32-x64\jre\21.0.10-win32-x86_64\bin\instrument.dll, loaded, initialized, instrumentlib options:none

dbghelp: loaded successfully - version: 4.0.5 - missing functions: none
symbol engine: initialized successfully - sym options: 0x614 - pdb path: .;c:\Users\QUANG HIEU\.vscode\extensions\redhat.java-1.54.0-win32-x64\jre\21.0.10-win32-x86_64\bin;C:\WINDOWS\SYSTEM32;C:\WINDOWS\WinSxS\amd64_microsoft.windows.common-controls_6595b64144ccf1df_6.0.26100.8115_none_3e075c82e3354f9c;c:\Users\QUANG HIEU\.vscode\extensions\redhat.java-1.54.0-win32-x64\jre\21.0.10-win32-x86_64\bin\server;C:\Users\QUANG HIEU\AppData\Roaming\Code\User\globalStorage\redhat.java\1.54.0\config_win\org.eclipse.equinox.launcher\org.eclipse.equinox.launcher.win32.win32.x86_64_1.3.0.v20260203-2149;C:\Users\QUANG HIEU\AppData\Local\Temp\jna-2136273467

VM Arguments:
jvm_args: --add-modules=ALL-SYSTEM --add-opens=java.base/java.util=ALL-UNNAMED --add-opens=java.base/java.lang=ALL-UNNAMED --add-opens=java.base/sun.nio.fs=ALL-UNNAMED -Declipse.application=org.eclipse.jdt.ls.core.id1 -Dosgi.bundles.defaultStartLevel=4 -Declipse.product=org.eclipse.jdt.ls.core.product -Djava.import.generatesMetadataFilesAtProjectRoot=false -DDetectVMInstallationsJob.disabled=true -Dfile.encoding=utf8 -XX:+UseParallelGC -XX:GCTimeRatio=4 -XX:AdaptiveSizePolicyWeight=90 -Dsun.zip.disableMemoryMapping=true -Xmx2G -Xms100m -Xlog:disable -javaagent:c:\Users\QUANG HIEU\.vscode\extensions\redhat.java-1.54.0-win32-x64\lombok\lombok-1.18.39-4050.jar -XX:+HeapDumpOnOutOfMemoryError -XX:HeapDumpPath=c:\Users\QUANG HIEU\AppData\Roaming\Code\User\workspaceStorage\2878347c96f63767afd4af9a55f75101\redhat.java -Daether.dependencyCollector.impl=bf 
java_command: c:\Users\QUANG HIEU\.vscode\extensions\redhat.java-1.54.0-win32-x64\server\plugins\org.eclipse.equinox.launcher_1.7.100.v20251111-0406.jar -configuration c:\Users\QUANG HIEU\AppData\Roaming\Code\User\globalStorage\redhat.java\1.54.0\config_win -data c:\Users\QUANG HIEU\AppData\Roaming\Code\User\workspaceStorage\2878347c96f63767afd4af9a55f75101\redhat.java\jdt_ws --pipe=\\.\pipe\lsp-b11bb037338dc75504855fdf8862ce03-sock
java_class_path (initial): c:\Users\QUANG HIEU\.vscode\extensions\redhat.java-1.54.0-win32-x64\server\plugins\org.eclipse.equinox.launcher_1.7.100.v20251111-0406.jar
Launcher Type: SUN_STANDARD

[Global flags]
    uintx AdaptiveSizePolicyWeight                 = 90                                        {product} {command line}
     intx CICompilerCount                          = 12                                        {product} {ergonomic}
    uintx GCTimeRatio                              = 4                                         {product} {command line}
     bool HeapDumpOnOutOfMemoryError               = true                                   {manageable} {command line}
    ccstr HeapDumpPath                             = c:\Users\QUANG HIEU\AppData\Roaming\Code\User\workspaceStorage\2878347c96f63767afd4af9a55f75101\redhat.java         {manageable} {command line}
   size_t InitialHeapSize                          = 104857600                                 {product} {command line}
   size_t MaxHeapSize                              = 2147483648                                {product} {command line}
   size_t MaxNewSize                               = 715653120                                 {product} {ergonomic}
   size_t MinHeapDeltaBytes                        = 524288                                    {product} {ergonomic}
   size_t MinHeapSize                              = 104857600                                 {product} {command line}
   size_t NewSize                                  = 34603008                                  {product} {ergonomic}
    uintx NonNMethodCodeHeapSize                   = 7602480                                {pd product} {ergonomic}
    uintx NonProfiledCodeHeapSize                  = 122027880                              {pd product} {ergonomic}
   size_t OldSize                                  = 70254592                                  {product} {ergonomic}
    uintx ProfiledCodeHeapSize                     = 122027880                              {pd product} {ergonomic}
    uintx ReservedCodeCacheSize                    = 251658240                              {pd product} {ergonomic}
     bool SegmentedCodeCache                       = true                                      {product} {ergonomic}
   size_t SoftMaxHeapSize                          = 2147483648                             {manageable} {ergonomic}
     bool UseCompressedOops                        = true                           {product lp64_product} {ergonomic}
     bool UseLargePagesIndividualAllocation        = false                                  {pd product} {ergonomic}
     bool UseParallelGC                            = true                                      {product} {command line}

Logging:
Log output configuration:
 #0: stdout all=off uptime,level,tags foldmultilines=false
 #1: stderr all=off uptime,level,tags foldmultilines=false

Release file:
JAVA_VERSION="21.0.10" 
MODULES="java.base java.compiler java.datatransfer java.xml java.prefs java.desktop java.instrument java.logging java.management java.security.sasl java.naming java.rmi java.management.rmi java.net.http java.scripting java.security.jgss java.transaction.xa java.sql java.sql.rowset java.xml.crypto java.se java.smartcardio jdk.accessibility jdk.internal.jvmstat jdk.attach jdk.charsets jdk.internal.opt jdk.zipfs jdk.compiler jdk.crypto.ec jdk.crypto.cryptoki jdk.crypto.mscapi jdk.dynalink jdk.internal.ed jdk.editpad jdk.hotspot.agent jdk.httpserver jdk.internal.le jdk.internal.vm.ci jdk.internal.vm.compiler jdk.internal.vm.compiler.management jdk.jartool jdk.javadoc jdk.jcmd jdk.management jdk.management.agent jdk.jconsole jdk.jdeps jdk.jdwp.agent jdk.jdi jdk.jfr jdk.jshell jdk.jsobject jdk.jstatd jdk.localedata jdk.management.jfr jdk.naming.dns jdk.naming.rmi jdk.net jdk.nio.mapmode jdk.random jdk.sctp jdk.security.auth jdk.security.jgss jdk.unsupported jdk.unsupported.desktop jdk.xml.dom" 

Environment Variables:
JAVA_HOME=C:\Program Files\Java\jdk-21
PATH=C:\Users\QUANG HIEU\AppData\Local\Programs\Microsoft VS Code;C:\Program Files\Common Files\Oracle\Java\javapath;C:\Windows\system32;C:\Windows;C:\Windows\System32\Wbem;C:\Windows\System32\WindowsPowerShell\v1.0\;C:\Windows\System32\OpenSSH\;C:\WINDOWS\system32;C:\WINDOWS;C:\WINDOWS\System32\Wbem;C:\WINDOWS\System32\WindowsPowerShell\v1.0\;C:\WINDOWS\System32\OpenSSH\;C:\Program Files\Microsoft SQL Server\Client SDK\ODBC\170\Tools\Binn\;C:\Program Files (x86)\NVIDIA Corporation\PhysX\Common;E:\Git\cmd;C:\Program Files (x86)\Microsoft SQL Server\160\Tools\Binn\;C:\Program Files\Microsoft SQL Server\160\Tools\Binn\;C:\Program Files\Microsoft SQL Server\160\DTS\Binn\;C:\Program Files (x86)\Microsoft SQL Server\160\DTS\Binn\;C:\WINDOWS\system32;C:\WINDOWS;C:\WINDOWS\System32\Wbem;C:\WINDOWS\System32\WindowsPowerShell\v1.0\;C:\WINDOWS\System32\OpenSSH\;C:\7-Zip;E:\CSE485Web\laragon\bin\php\php-8.4.1;E:\CSE485Web\laragon;C:\Program Files\Microsoft SQL Server\130\Tools\Binn\;C:\Program Files\Microsoft SQL Server\150\Tools\Binn\;C:\Program Files\dotnet\;c:\Users\QUANG HIEU\AppData\Local\Programs\cursor\resources\app\bin;E:\CSE441_Android\apache-maven-3.9.11-bin\apache-maven-3.9.11\bin;E:\CSE441_Android\flutter_windows_3.32.8-stable\flutter\bin;C:\Program Files\Java\jdk-21\bin;D:\exercism-3.5.7-windows-64bit;C:\Program Files (x86)\Windows Kits\10\Windows Performance Toolkit\;C:\Program Files\NVIDIA Corporation\NVIDIA App\NvDLISR;C:\Program Files\nodejs\;C:\Program Files\Docker\Docker\resources\bin;C:\Users\QUANG HIEU\AppData\Local\Python\bin;E:\flutter\bin;C:\Users\QUANG HIEU\AppData\Local\Programs\Python\Launcher\;C:\Users\QUANG HIEU\AppData\Local\Yarn\config\global\node_modules\.bin;C:\Users\QUANG HIEU\AppData\Roaming\Composer\vendor\bin;E:\CSE485Web\laragon\bin;E:\CSE485Web\laragon\bin\apache\httpd-2.4.54-win64-VS16\bin;E:\CSE485Web\laragon\bin\composer;E:\CSE485Web\laragon\bin\git\bin;E:\CSE485Web\laragon\bin\git\cmd;E:\CSE485Web\laragon\bin\git\mingw64\bin;E:\CSE485Web\laragon\bin\git\usr\bin;E:\CSE485Web\laragon\bin\laragon\utils;E:\CSE485Web\laragon\bin\mysql\mysql-8.0.30-winx64\bin;E:\CSE485Web\laragon\bin\nginx\nginx-1.22.0;E:\CSE485Web\laragon\bin\ngrok;E:\CSE485Web\laragon\bin\nodejs\node-v18;E:\CSE485Web\laragon\bin\notepad++;E:\CSE485Web\laragon\bin\php\php-8.1.10-Win32-vs16-x64;E:\CSE485Web\laragon\bin\python\python-3.10;E:\CSE485Web\laragon\bin\python\python-3.10\Scripts;E:\CSE485Web\laragon\bin\redis\redis-x64-5.0.14.1;E:\CSE485Web\laragon\bin\telnet;E:\CSE485Web\laragon\usr\bin;C:\Users\QUANG HIE;C:\Users\QUANG HIEU\AppData\Local\Programs\Microsoft VS Code\bin;C:\Users\QUANG HIEU\.dotnet\tools;E:\Trash;C:\Users\QUANG HIEU\IntelliJ IDEA 2025.2.1\bin;C:\Users\QUANG HIEU\AppData\Roaming\npm;C:\Users\QUANG HIEU\AppData\Local\JetBrains\Toolbox\scripts;D:\Antigravity\bin
USERNAME=QUANG HIEU
OS=Windows_NT
PROCESSOR_IDENTIFIER=Intel64 Family 6 Model 141 Stepping 1, GenuineIntel
TMP=C:\Users\QUANGH~1\AppData\Local\Temp
TEMP=C:\Users\QUANGH~1\AppData\Local\Temp




Periodic native trim disabled

---------------  S Y S T E M  ---------------

OS:
 Windows 11 , 64 bit Build 26100 (10.0.26100.8246)
OS uptime: 5 days 4:25 hours
Hyper-V role detected

CPU: total 16 (initial active 16) (8 cores per cpu, 2 threads per core) family 6 model 141 stepping 1 microcode 0x26, cx8, cmov, fxsr, ht, mmx, 3dnowpref, sse, sse2, sse3, ssse3, sse4.1, sse4.2, popcnt, lzcnt, tsc, tscinvbit, avx, avx2, aes, erms, clmul, bmi1, bmi2, adx, avx512f, avx512dq, avx512cd, avx512bw, avx512vl, sha, fma, vzeroupper, avx512_vpopcntdq, avx512_vpclmulqdq, avx512_vaes, avx512_vnni, clflush, clflushopt, clwb, avx512_vbmi2, avx512_vbmi, hv, rdtscp, rdpid, fsrm, gfni, avx512_bitalg, f16c, cet_ibt, cet_ss, avx512_ifma
Processor Information for the first 16 processors :
  Max Mhz: 2301, Current Mhz: 2301, Mhz Limit: 2301

Memory: 4k page, system-wide physical 16085M (1173M free)
TotalPageFile size 32469M (AvailPageFile size 6M)
current process WorkingSet (physical memory assigned to process): 343M, peak: 343M
current process commit charge ("private bytes"): 435M, peak: 436M

vm_info: OpenJDK 64-Bit Server VM (21.0.10+7-LTS) for windows-amd64 JRE (21.0.10+7-LTS), built on 2026-01-20T00:00:00Z by "admin" with MS VC++ 17.12 (VS2022)

END.
