#
# There is insufficient memory for the Java Runtime Environment to continue.
# Native memory allocation (malloc) failed to allocate 1425792 bytes. Error detail: Chunk::new
# Possible reasons:
#   The system is out of physical RAM or swap space
#   This process is running with CompressedOops enabled, and the Java Heap may be blocking the growth of the native heap
# Possible solutions:
#   Reduce memory load on the system
#   Increase physical memory or swap space
#   Check if swap backing store is full
#   Decrease Java heap size (-Xmx/-Xms)
#   Decrease number of Java threads
#   Decrease Java thread stack sizes (-Xss)
#   Set larger code cache with -XX:ReservedCodeCacheSize=
#   JVM is running with Unscaled Compressed Oops mode in which the Java heap is
#     placed in the first 4GB address space. The Java Heap base address is the
#     maximum limit for the native heap growth. Please use -XX:HeapBaseMinAddress
#     to set the Java Heap base and to place the Java Heap above 4GB virtual address.
# This output file may be truncated or incomplete.
#
#  Out of Memory Error (arena.cpp:168), pid=11384, tid=15032
#
# JRE version: OpenJDK Runtime Environment Temurin-21.0.10+7 (21.0.10+7) (build 21.0.10+7-LTS)
# Java VM: OpenJDK 64-Bit Server VM Temurin-21.0.10+7 (21.0.10+7-LTS, mixed mode, sharing, tiered, compressed oops, compressed class ptrs, parallel gc, windows-amd64)
# No core dump will be written. Minidumps are not enabled by default on client versions of Windows
#

---------------  S U M M A R Y ------------

Command Line: --add-modules=ALL-SYSTEM --add-opens=java.base/java.util=ALL-UNNAMED --add-opens=java.base/java.lang=ALL-UNNAMED --add-opens=java.base/sun.nio.fs=ALL-UNNAMED -Declipse.application=org.eclipse.jdt.ls.core.id1 -Dosgi.bundles.defaultStartLevel=4 -Declipse.product=org.eclipse.jdt.ls.core.product -Djava.import.generatesMetadataFilesAtProjectRoot=false -DDetectVMInstallationsJob.disabled=true -Dfile.encoding=utf8 -XX:+UseParallelGC -XX:GCTimeRatio=4 -XX:AdaptiveSizePolicyWeight=90 -Dsun.zip.disableMemoryMapping=true -Xmx2G -Xms100m -Xlog:disable -javaagent:c:\Users\QUANG HIEU\.vscode\extensions\redhat.java-1.54.0-win32-x64\lombok\lombok-1.18.39-4050.jar -XX:+HeapDumpOnOutOfMemoryError -XX:HeapDumpPath=c:\Users\QUANG HIEU\AppData\Roaming\Code\User\workspaceStorage\2878347c96f63767afd4af9a55f75101\redhat.java -Daether.dependencyCollector.impl=bf c:\Users\QUANG HIEU\.vscode\extensions\redhat.java-1.54.0-win32-x64\server\plugins\org.eclipse.equinox.launcher_1.7.100.v20251111-0406.jar -configuration c:\Users\QUANG HIEU\AppData\Roaming\Code\User\globalStorage\redhat.java\1.54.0\config_win -data c:\Users\QUANG HIEU\AppData\Roaming\Code\User\workspaceStorage\2878347c96f63767afd4af9a55f75101\redhat.java\jdt_ws --pipe=\\.\pipe\lsp-3b4011edae49df6bb71ab5710aee8c23-sock

Host: 11th Gen Intel(R) Core(TM) i7-11800H @ 2.30GHz, 16 cores, 15G,  Windows 11 , 64 bit Build 26100 (10.0.26100.8246)
Time: Wed Apr 29 15:13:15 2026 SE Asia Standard Time elapsed time: 1795.764326 seconds (0d 0h 29m 55s)

---------------  T H R E A D  ---------------

Current thread (0x000001da69f09780):  JavaThread "C2 CompilerThread0" daemon [_thread_in_native, id=15032, stack(0x00000057ae000000,0x00000057ae100000) (1024K)]


Current CompileTask:
C2:1795764 15033   !   4       org.codehaus.plexus.interpolation.ObjectBasedValueSource::getValue (66 bytes)

Stack: [0x00000057ae000000,0x00000057ae100000]
Native frames: (J=compiled Java code, j=interpreted, Vv=VM code, C=native code)
V  [jvm.dll+0x6d7a39]
V  [jvm.dll+0x8b4b26]
V  [jvm.dll+0x8b70de]
V  [jvm.dll+0x8b77c3]
V  [jvm.dll+0x284346]
V  [jvm.dll+0xc66ed]
V  [jvm.dll+0xc6c31]
V  [jvm.dll+0x3bec3b]
V  [jvm.dll+0x38b162]
V  [jvm.dll+0x38a5aa]
V  [jvm.dll+0x24c560]
V  [jvm.dll+0x24bb40]
V  [jvm.dll+0x1cb34e]
V  [jvm.dll+0x25b85d]
V  [jvm.dll+0x259dea]
V  [jvm.dll+0x3f857e]
V  [jvm.dll+0x85f59d]
V  [jvm.dll+0x6d626d]
C  [ucrtbase.dll+0x37b0]
C  [KERNEL32.DLL+0x2e8d7]
C  [ntdll.dll+0x8c3fc]


---------------  P R O C E S S  ---------------

Threads class SMR info:
_java_thread_list=0x000001da731b59f0, length=61, elements={
0x000001da4fd4c180, 0x000001da52248400, 0x000001da5214de10, 0x000001da5224d0e0,
0x000001da5224fb50, 0x000001da52253a80, 0x000001da52256390, 0x000001da69f09780,
0x000001da69f0b140, 0x000001da6a10b2c0, 0x000001da6a262360, 0x000001da703ce2d0,
0x000001da70191800, 0x000001da7043a190, 0x000001da7004a9d0, 0x000001da705c4cb0,
0x000001da7089bdb0, 0x000001da703e5ac0, 0x000001da70fce380, 0x000001da70f1c2e0,
0x000001da703f7b70, 0x000001da703f67c0, 0x000001da703f8200, 0x000001da703f8f20,
0x000001da74d41df0, 0x000001da74d3f000, 0x000001da74d3f690, 0x000001da74d431a0,
0x000001da74d3fd20, 0x000001da74d42480, 0x000001da74d42b10, 0x000001da74d43830,
0x000001da74d403b0, 0x000001da74d40a40, 0x000001da74d43ec0, 0x000001da74d410d0,
0x000001da74d44550, 0x000001da74d44be0, 0x000001da74d41760, 0x000001da74d45270,
0x000001da74d45900, 0x000001da74d45f90, 0x000001da72a6ddd0, 0x000001da72a6ca20,
0x000001da72a72c90, 0x000001da72a71250, 0x000001da72a718e0, 0x000001da72a71f70,
0x000001da72a70bc0, 0x000001da72a72600, 0x000001da72a70530, 0x000001da7468fa80,
0x000001da7468f3f0, 0x000001da6b8bc360, 0x000001da74690110, 0x000001da7468e6d0,
0x000001da6b8c00b0, 0x000001da6b8c0780, 0x000001da6b8bd7d0, 0x000001da7468e040,
0x000001da746921e0
}

Java Threads: ( => current thread )
  0x000001da4fd4c180 JavaThread "main"                              [_thread_blocked, id=4416, stack(0x00000057ad600000,0x00000057ad700000) (1024K)]
  0x000001da52248400 JavaThread "Reference Handler"          daemon [_thread_blocked, id=23320, stack(0x00000057ada00000,0x00000057adb00000) (1024K)]
  0x000001da5214de10 JavaThread "Finalizer"                  daemon [_thread_blocked, id=3376, stack(0x00000057adb00000,0x00000057adc00000) (1024K)]
  0x000001da5224d0e0 JavaThread "Signal Dispatcher"          daemon [_thread_blocked, id=12980, stack(0x00000057adc00000,0x00000057add00000) (1024K)]
  0x000001da5224fb50 JavaThread "Attach Listener"            daemon [_thread_blocked, id=7940, stack(0x00000057add00000,0x00000057ade00000) (1024K)]
  0x000001da52253a80 JavaThread "Service Thread"             daemon [_thread_blocked, id=24444, stack(0x00000057ade00000,0x00000057adf00000) (1024K)]
  0x000001da52256390 JavaThread "Monitor Deflation Thread"   daemon [_thread_blocked, id=11676, stack(0x00000057adf00000,0x00000057ae000000) (1024K)]
=>0x000001da69f09780 JavaThread "C2 CompilerThread0"         daemon [_thread_in_native, id=15032, stack(0x00000057ae000000,0x00000057ae100000) (1024K)]
  0x000001da69f0b140 JavaThread "C1 CompilerThread0"         daemon [_thread_blocked, id=17948, stack(0x00000057ae100000,0x00000057ae200000) (1024K)]
  0x000001da6a10b2c0 JavaThread "Common-Cleaner"             daemon [_thread_blocked, id=19600, stack(0x00000057ae500000,0x00000057ae600000) (1024K)]
  0x000001da6a262360 JavaThread "Notification Thread"        daemon [_thread_blocked, id=3568, stack(0x00000057ae700000,0x00000057ae800000) (1024K)]
  0x000001da703ce2d0 JavaThread "Active Thread: Equinox Container: 5abcbfef-36ea-465e-85d8-3488993df56e"        [_thread_blocked, id=9688, stack(0x00000057af000000,0x00000057af100000) (1024K)]
  0x000001da70191800 JavaThread "Refresh Thread: Equinox Container: 5abcbfef-36ea-465e-85d8-3488993df56e" daemon [_thread_blocked, id=12872, stack(0x00000057af200000,0x00000057af300000) (1024K)]
  0x000001da7043a190 JavaThread "Framework Event Dispatcher: Equinox Container: 5abcbfef-36ea-465e-85d8-3488993df56e" daemon [_thread_blocked, id=24724, stack(0x00000057af300000,0x00000057af400000) (1024K)]
  0x000001da7004a9d0 JavaThread "Start Level: Equinox Container: 5abcbfef-36ea-465e-85d8-3488993df56e" daemon [_thread_blocked, id=14140, stack(0x00000057af400000,0x00000057af500000) (1024K)]
  0x000001da705c4cb0 JavaThread "Bundle File Closer"         daemon [_thread_blocked, id=30984, stack(0x00000057af800000,0x00000057af900000) (1024K)]
  0x000001da7089bdb0 JavaThread "SCR Component Actor"        daemon [_thread_blocked, id=17172, stack(0x00000057ae400000,0x00000057ae500000) (1024K)]
  0x000001da703e5ac0 JavaThread "Worker-JM"                         [_thread_blocked, id=7768, stack(0x00000057afa00000,0x00000057afb00000) (1024K)]
  0x000001da70fce380 JavaThread "JNA Cleaner"                daemon [_thread_blocked, id=6480, stack(0x00000057afd00000,0x00000057afe00000) (1024K)]
  0x000001da70f1c2e0 JavaThread "Worker-0"                          [_thread_blocked, id=24928, stack(0x00000057afe00000,0x00000057aff00000) (1024K)]
  0x000001da703f7b70 JavaThread "Worker-1"                          [_thread_blocked, id=26208, stack(0x00000057aff00000,0x00000057b0000000) (1024K)]
  0x000001da703f67c0 JavaThread "Java indexing"              daemon [_thread_blocked, id=24480, stack(0x00000057b0000000,0x00000057b0100000) (1024K)]
  0x000001da703f8200 JavaThread "Thread-1"                   daemon [_thread_in_native, id=18132, stack(0x00000057b0700000,0x00000057b0800000) (1024K)]
  0x000001da703f8f20 JavaThread "Thread-2"                   daemon [_thread_in_native, id=11092, stack(0x00000057b0800000,0x00000057b0900000) (1024K)]
  0x000001da74d41df0 JavaThread "Thread-3"                   daemon [_thread_in_native, id=21688, stack(0x00000057b0900000,0x00000057b0a00000) (1024K)]
  0x000001da74d3f000 JavaThread "Thread-4"                   daemon [_thread_in_native, id=19736, stack(0x00000057b0a00000,0x00000057b0b00000) (1024K)]
  0x000001da74d3f690 JavaThread "Thread-5"                   daemon [_thread_in_native, id=29048, stack(0x00000057b0b00000,0x00000057b0c00000) (1024K)]
  0x000001da74d431a0 JavaThread "Thread-6"                   daemon [_thread_in_native, id=31728, stack(0x00000057b0c00000,0x00000057b0d00000) (1024K)]
  0x000001da74d3fd20 JavaThread "Thread-7"                   daemon [_thread_in_native, id=19292, stack(0x00000057b0d00000,0x00000057b0e00000) (1024K)]
  0x000001da74d42480 JavaThread "Thread-8"                   daemon [_thread_in_native, id=12300, stack(0x00000057b0e00000,0x00000057b0f00000) (1024K)]
  0x000001da74d42b10 JavaThread "Thread-9"                   daemon [_thread_in_native, id=6344, stack(0x00000057b0f00000,0x00000057b1000000) (1024K)]
  0x000001da74d43830 JavaThread "Thread-10"                  daemon [_thread_in_native, id=3356, stack(0x00000057b1000000,0x00000057b1100000) (1024K)]
  0x000001da74d403b0 JavaThread "Thread-11"                  daemon [_thread_in_native, id=8784, stack(0x00000057b1100000,0x00000057b1200000) (1024K)]
  0x000001da74d40a40 JavaThread "Thread-12"                  daemon [_thread_in_native, id=20704, stack(0x00000057b1200000,0x00000057b1300000) (1024K)]
  0x000001da74d43ec0 JavaThread "Thread-13"                  daemon [_thread_in_native, id=15372, stack(0x00000057b1300000,0x00000057b1400000) (1024K)]
  0x000001da74d410d0 JavaThread "Thread-14"                  daemon [_thread_in_native, id=25472, stack(0x00000057b1400000,0x00000057b1500000) (1024K)]
  0x000001da74d44550 JavaThread "Thread-15"                  daemon [_thread_in_native, id=11976, stack(0x00000057b1500000,0x00000057b1600000) (1024K)]
  0x000001da74d44be0 JavaThread "Thread-16"                  daemon [_thread_in_native, id=25748, stack(0x00000057b1600000,0x00000057b1700000) (1024K)]
  0x000001da74d41760 JavaThread "Thread-17"                  daemon [_thread_in_native, id=29620, stack(0x00000057b1700000,0x00000057b1800000) (1024K)]
  0x000001da74d45270 JavaThread "pool-2-thread-1"                   [_thread_blocked, id=10096, stack(0x00000057b1800000,0x00000057b1900000) (1024K)]
  0x000001da74d45900 JavaThread "WorkspaceEventsHandler"            [_thread_blocked, id=27236, stack(0x00000057b1b00000,0x00000057b1c00000) (1024K)]
  0x000001da74d45f90 JavaThread "pool-1-thread-1"                   [_thread_blocked, id=23796, stack(0x00000057b1c00000,0x00000057b1d00000) (1024K)]
  0x000001da72a6ddd0 JavaThread "Cleaner-0"                  daemon [_thread_blocked, id=8592, stack(0x00000057b2d00000,0x00000057b2e00000) (1024K)]
  0x000001da72a6ca20 JavaThread "Java Debug Server"          daemon [_thread_in_native, id=17148, stack(0x00000057ae800000,0x00000057ae900000) (1024K)]
  0x000001da72a72c90 JavaThread "pool-4-thread-1"                   [_thread_in_native, id=24080, stack(0x00000057ae900000,0x00000057aea00000) (1024K)]
  0x000001da72a71250 JavaThread "RxSchedulerPurge-1"         daemon [_thread_blocked, id=29268, stack(0x00000057af900000,0x00000057afa00000) (1024K)]
  0x000001da72a718e0 JavaThread "RxCachedWorkerPoolEvictor-1" daemon [_thread_blocked, id=6324, stack(0x00000057b0400000,0x00000057b0500000) (1024K)]
  0x000001da72a71f70 JavaThread "RxNewThreadScheduler-1"     daemon [_thread_blocked, id=21608, stack(0x00000057b0600000,0x00000057b0700000) (1024K)]
  0x000001da72a70bc0 JavaThread "process reaper (pid 22972)" daemon [_thread_in_native, id=14644, stack(0x00000057acf80000,0x00000057acfa0000) (128K)]
  0x000001da72a72600 JavaThread "ForkJoinPool.commonPool-worker-17" daemon [_thread_blocked, id=30616, stack(0x00000057ad400000,0x00000057ad500000) (1024K)]
  0x000001da72a70530 JavaThread "ForkJoinPool.commonPool-worker-18" daemon [_thread_blocked, id=21416, stack(0x00000057ad500000,0x00000057ad600000) (1024K)]
  0x000001da7468fa80 JavaThread "ForkJoinPool.commonPool-worker-19" daemon [_thread_blocked, id=22592, stack(0x00000057ae200000,0x00000057ae300000) (1024K)]
  0x000001da7468f3f0 JavaThread "ForkJoinPool.commonPool-worker-20" daemon [_thread_blocked, id=32168, stack(0x00000057ad300000,0x00000057ad400000) (1024K)]
  0x000001da6b8bc360 JavaThread "C2 CompilerThread1"         daemon [_thread_blocked, id=4348, stack(0x00000057ae300000,0x00000057ae400000) (1024K)]
  0x000001da74690110 JavaThread "Worker-6"                          [_thread_blocked, id=32204, stack(0x00000057ae600000,0x00000057ae700000) (1024K)]
  0x000001da7468e6d0 JavaThread "Worker-7: Building"                [_thread_in_vm, id=27356, stack(0x00000057b0100000,0x00000057b0200000) (1024K)]
  0x000001da6b8c00b0 JavaThread "C2 CompilerThread2"         daemon [_thread_blocked, id=16660, stack(0x00000057b0200000,0x00000057b0300000) (1024K)]
  0x000001da6b8c0780 JavaThread "C1 CompilerThread1"         daemon [_thread_blocked, id=13944, stack(0x00000057b0300000,0x00000057b0400000) (1024K)]
  0x000001da6b8bd7d0 JavaThread "C1 CompilerThread2"         daemon [_thread_blocked, id=18228, stack(0x00000057b0500000,0x00000057b0600000) (1024K)]
  0x000001da7468e040 JavaThread "Compiler Source File Reader" daemon [_thread_blocked, id=31092, stack(0x00000057b1900000,0x00000057b1a00000) (1024K)]
  0x000001da746921e0 JavaThread "Compiler Processing Task"   daemon [_thread_blocked, id=23696, stack(0x00000057b1a00000,0x00000057b1b00000) (1024K)]
Total: 61

Other Threads:
  0x000001da52134170 VMThread "VM Thread"                           [id=18892, stack(0x00000057ad900000,0x00000057ada00000) (1024K)] _threads_hazard_ptr=0x000001da731b59f0
  0x000001da5220c430 WatcherThread "VM Periodic Task Thread"        [id=26680, stack(0x00000057ad800000,0x00000057ad900000) (1024K)]
  0x000001da521bea20 WorkerThread "GC Thread#0"                     [id=5052, stack(0x00000057ad700000,0x00000057ad800000) (1024K)]
  0x000001da6bbc4c50 WorkerThread "GC Thread#1"                     [id=12196, stack(0x00000057aea00000,0x00000057aeb00000) (1024K)]
  0x000001da6bbc5000 WorkerThread "GC Thread#2"                     [id=26708, stack(0x00000057aeb00000,0x00000057aec00000) (1024K)]
  0x000001da6beecc90 WorkerThread "GC Thread#3"                     [id=9288, stack(0x00000057aec00000,0x00000057aed00000) (1024K)]
  0x000001da6bdbda70 WorkerThread "GC Thread#4"                     [id=25940, stack(0x00000057aed00000,0x00000057aee00000) (1024K)]
  0x000001da6bdbde20 WorkerThread "GC Thread#5"                     [id=12952, stack(0x00000057aee00000,0x00000057aef00000) (1024K)]
  0x000001da6bb970c0 WorkerThread "GC Thread#6"                     [id=8376, stack(0x00000057aef00000,0x00000057af000000) (1024K)]
  0x000001da700fe870 WorkerThread "GC Thread#7"                     [id=14688, stack(0x00000057af100000,0x00000057af200000) (1024K)]
  0x000001da705e7320 WorkerThread "GC Thread#8"                     [id=23812, stack(0x00000057af500000,0x00000057af600000) (1024K)]
  0x000001da7033b1a0 WorkerThread "GC Thread#9"                     [id=6456, stack(0x00000057af600000,0x00000057af700000) (1024K)]
  0x000001da701d8720 WorkerThread "GC Thread#10"                    [id=12988, stack(0x00000057af700000,0x00000057af800000) (1024K)]
  0x000001da7068b3b0 WorkerThread "GC Thread#11"                    [id=31340, stack(0x00000057afb00000,0x00000057afc00000) (1024K)]
  0x000001da7068bec0 WorkerThread "GC Thread#12"                    [id=25820, stack(0x00000057afc00000,0x00000057afd00000) (1024K)]
Total: 15

Threads with active compile tasks:
C2 CompilerThread0  1795776 15033   !   4       org.codehaus.plexus.interpolation.ObjectBasedValueSource::getValue (66 bytes)
C2 CompilerThread1  1795776 15011       4       org.codehaus.plexus.interpolation.reflection.MethodMap::add (44 bytes)
C2 CompilerThread2  1795776 15073       4       java.util.TreeMap::put (8 bytes)
Total: 3

VM state: synchronizing (normal execution)

VM Mutex/Monitor currently owned by a thread:  ([mutex/lock_event])
[0x00007ff95976e560] Threads_lock - owner thread: 0x000001da52134170
[0x00007ff95976e660] Heap_lock - owner thread: 0x000001da7468e6d0
[0x00007ff95976eae0] PSOldGenExpand_lock - owner thread: 0x000001da7468e6d0

Heap address: 0x0000000080000000, size: 2048 MB, Compressed Oops mode: 32-bit

CDS archive(s) mapped at: [0x000001da00000000-0x000001da00ba0000-0x000001da00ba0000), size 12189696, SharedBaseAddress: 0x000001da00000000, ArchiveRelocationMode: 1.
Compressed class space mapped at: 0x000001da01000000-0x000001da41000000, reserved size: 1073741824
Narrow klass base: 0x000001da00000000, Narrow klass shift: 0, Narrow klass range: 0x100000000

GC Precious Log:
 CardTable entry size: 512
 CPUs: 16 total, 16 available
 Memory: 16085M
 Large Page Support: Disabled
 NUMA Support: Disabled
 Compressed Oops: Enabled (32-bit)
 Alignments: Space 512K, Generation 512K, Heap 2M
 Heap Min Capacity: 100M
 Heap Initial Capacity: 100M
 Heap Max Capacity: 2G
 Pre-touch: Disabled
 Parallel Workers: 13

Heap:
 PSYoungGen      total 15360K, used 14137K [0x00000000d5580000, 0x00000000d6b00000, 0x0000000100000000)
  eden space 13312K, 91% used [0x00000000d5580000,0x00000000d61566e0,0x00000000d6280000)
  from space 2048K, 98% used [0x00000000d6900000,0x00000000d6af8020,0x00000000d6b00000)
  to   space 2560K, 0% used [0x00000000d6600000,0x00000000d6600000,0x00000000d6880000)
 ParOldGen       total 183296K, used 181468K [0x0000000080000000, 0x000000008b300000, 0x00000000d5580000)
  object space 183296K, 99% used [0x0000000080000000,0x000000008b137098,0x000000008b300000)
 Metaspace       used 76586K, committed 78336K, reserved 1179648K
  class space    used 8105K, committed 8896K, reserved 1048576K

Card table byte_map: [0x000001da51b40000,0x000001da51f50000] _byte_map_base: 0x000001da51740000

Marking Bits: (ParMarkBitMap*) 0x00007ff959773450
 Begin Bits: [0x000001da64650000, 0x000001da66650000)
 End Bits:   [0x000001da66650000, 0x000001da68650000)

Polling page: 0x000001da50020000

Metaspace:

Usage:
  Non-class:     66.88 MB used.
      Class:      7.92 MB used.
       Both:     74.79 MB used.

Virtual space:
  Non-class space:      128.00 MB reserved,      67.81 MB ( 53%) committed,  2 nodes.
      Class space:        1.00 GB reserved,       8.69 MB ( <1%) committed,  1 nodes.
             Both:        1.12 GB reserved,      76.50 MB (  7%) committed. 

Chunk freelists:
   Non-Class:  11.62 MB
       Class:  7.20 MB
        Both:  18.83 MB

MaxMetaspaceSize: unlimited
CompressedClassSpaceSize: 1.00 GB
Initial GC threshold: 21.00 MB
Current GC threshold: 97.31 MB
CDS: on
 - commit_granule_bytes: 65536.
 - commit_granule_words: 8192.
 - virtual_space_node_default_size: 8388608.
 - enlarge_chunks_in_place: 1.
 - use_allocation_guard: 0.


Internal statistics:

num_allocs_failed_limit: 11.
num_arena_births: 1572.
num_arena_deaths: 14.
num_vsnodes_births: 3.
num_vsnodes_deaths: 0.
num_space_committed: 1224.
num_space_uncommitted: 0.
num_chunks_returned_to_freelist: 25.
num_chunks_taken_from_freelist: 5265.
num_chunk_merges: 14.
num_chunk_splits: 3279.
num_chunks_enlarged: 1854.
num_inconsistent_stats: 0.

CodeHeap 'non-profiled nmethods': size=119168Kb used=11409Kb max_used=11409Kb free=107758Kb
 bounds [0x000001da5cf40000, 0x000001da5da70000, 0x000001da643a0000]
CodeHeap 'profiled nmethods': size=119104Kb used=33598Kb max_used=33598Kb free=85505Kb
 bounds [0x000001da553a0000, 0x000001da57470000, 0x000001da5c7f0000]
CodeHeap 'non-nmethods': size=7488Kb used=2625Kb max_used=3274Kb free=4862Kb
 bounds [0x000001da5c7f0000, 0x000001da5cb30000, 0x000001da5cf40000]
CodeCache: size=245760Kb, used=47632Kb, max_used=48281Kb, free=198125Kb
 total_blobs=15048, nmethods=14232, adapters=717, full_count=0
Compilation: enabled, stopped_count=0, restarted_count=0

Compilation events (20 events):
Event: 1794.720 Thread 0x000001da69f0b140 nmethod 15097 0x000001da5746b710 code [0x000001da5746b920, 0x000001da5746bf10]
Event: 1794.722 Thread 0x000001da6b8c0780 15099       3       org.codehaus.plexus.classworlds.realm.ClassRealm::toString (43 bytes)
Event: 1794.722 Thread 0x000001da6b8c0780 nmethod 15099 0x000001da5746c110 code [0x000001da5746c3a0, 0x000001da5746cd68]
Event: 1794.732 Thread 0x000001da69f0b140 15101       3       java.io.BufferedReader::ensureOpen (18 bytes)
Event: 1794.732 Thread 0x000001da6b8bd7d0 15102       3       org.apache.maven.shared.filtering.BoundedReader::read (31 bytes)
Event: 1794.732 Thread 0x000001da6b8c0780 15103   !   3       java.io.BufferedReader::read (59 bytes)
Event: 1794.733 Thread 0x000001da69f0b140 nmethod 15101 0x000001da5746d110 code [0x000001da5746d2c0, 0x000001da5746d4c8]
Event: 1794.733 Thread 0x000001da69f0b140 15104       3       java.io.BufferedReader::implRead (88 bytes)
Event: 1794.733 Thread 0x000001da6b8bd7d0 nmethod 15102 0x000001da5746d590 code [0x000001da5746d740, 0x000001da5746d978]
Event: 1794.733 Thread 0x000001da69f0b140 nmethod 15104 0x000001da5746da90 code [0x000001da5746dc80, 0x000001da5746e0f8]
Event: 1794.733 Thread 0x000001da6b8c0780 nmethod 15103 0x000001da5746e310 code [0x000001da5746e5a0, 0x000001da5746f3b0]
Event: 1794.744 Thread 0x000001da6b8bc360 nmethod 15032 0x000001da5da50110 code [0x000001da5da50700, 0x000001da5da53838]
Event: 1794.744 Thread 0x000001da6b8bc360 15100       4       java.lang.String::indexOf (64 bytes)
Event: 1794.745 Thread 0x000001da6b8bc360 nmethod 15100 0x000001da5da55210 code [0x000001da5da553a0, 0x000001da5da55738]
Event: 1794.745 Thread 0x000001da6b8bc360 15098       4       java.util.TreeMap$KeyIterator::next (8 bytes)
Event: 1794.746 Thread 0x000001da6b8bc360 nmethod 15098 0x000001da5da55810 code [0x000001da5da559a0, 0x000001da5da55b30]
Event: 1794.747 Thread 0x000001da6b8bc360 15011       4       org.codehaus.plexus.interpolation.reflection.MethodMap::add (44 bytes)
Event: 1794.753 Thread 0x000001da6b8c00b0 nmethod 15034 0x000001da5da55c90 code [0x000001da5da56520, 0x000001da5da5c8e8]
Event: 1794.758 Thread 0x000001da6b8c00b0 15073       4       java.util.TreeMap::put (8 bytes)
Event: 1794.763 Thread 0x000001da6b8bc360 nmethod 15011 0x000001da5da61f90 code [0x000001da5da622a0, 0x000001da5da63bc8]

GC Heap History (20 events):
Event: 16.277 GC heap before
{Heap before GC invocations=124 (full 3):
 PSYoungGen      total 20480K, used 20463K [0x00000000d5580000, 0x00000000d6c00000, 0x0000000100000000)
  eden space 18944K, 100% used [0x00000000d5580000,0x00000000d6800000,0x00000000d6800000)
  from space 1536K, 98% used [0x00000000d6a00000,0x00000000d6b7bfe8,0x00000000d6b80000)
  to   space 2048K, 0% used [0x00000000d6800000,0x00000000d6800000,0x00000000d6a00000)
 ParOldGen       total 113664K, used 113447K [0x0000000080000000, 0x0000000086f00000, 0x00000000d5580000)
  object space 113664K, 99% used [0x0000000080000000,0x0000000086ec9f98,0x0000000086f00000)
 Metaspace       used 69600K, committed 71296K, reserved 1114112K
  class space    used 7301K, committed 8000K, reserved 1048576K
}
Event: 16.279 GC heap after
{Heap after GC invocations=124 (full 3):
 PSYoungGen      total 20480K, used 1504K [0x00000000d5580000, 0x00000000d6b00000, 0x0000000100000000)
  eden space 18944K, 0% used [0x00000000d5580000,0x00000000d5580000,0x00000000d6800000)
  from space 1536K, 97% used [0x00000000d6800000,0x00000000d6978010,0x00000000d6980000)
  to   space 1536K, 0% used [0x00000000d6980000,0x00000000d6980000,0x00000000d6b00000)
 ParOldGen       total 115200K, used 114721K [0x0000000080000000, 0x0000000087080000, 0x00000000d5580000)
  object space 115200K, 99% used [0x0000000080000000,0x0000000087008658,0x0000000087080000)
 Metaspace       used 69600K, committed 71296K, reserved 1114112K
  class space    used 7301K, committed 8000K, reserved 1048576K
}
Event: 26.853 GC heap before
{Heap before GC invocations=125 (full 3):
 PSYoungGen      total 20480K, used 20269K [0x00000000d5580000, 0x00000000d6b00000, 0x0000000100000000)
  eden space 18944K, 99% used [0x00000000d5580000,0x00000000d67d3660,0x00000000d6800000)
  from space 1536K, 97% used [0x00000000d6800000,0x00000000d6978010,0x00000000d6980000)
  to   space 1536K, 0% used [0x00000000d6980000,0x00000000d6980000,0x00000000d6b00000)
 ParOldGen       total 115200K, used 114721K [0x0000000080000000, 0x0000000087080000, 0x00000000d5580000)
  object space 115200K, 99% used [0x0000000080000000,0x0000000087008658,0x0000000087080000)
 Metaspace       used 70711K, committed 72320K, reserved 1114112K
  class space    used 7413K, committed 8128K, reserved 1048576K
}
Event: 26.855 GC heap after
{Heap after GC invocations=125 (full 3):
 PSYoungGen      total 20480K, used 1216K [0x00000000d5580000, 0x00000000d6b00000, 0x0000000100000000)
  eden space 18944K, 0% used [0x00000000d5580000,0x00000000d5580000,0x00000000d6800000)
  from space 1536K, 79% used [0x00000000d6980000,0x00000000d6ab0000,0x00000000d6b00000)
  to   space 1536K, 0% used [0x00000000d6800000,0x00000000d6800000,0x00000000d6980000)
 ParOldGen       total 116224K, used 115958K [0x0000000080000000, 0x0000000087180000, 0x00000000d5580000)
  object space 116224K, 99% used [0x0000000080000000,0x000000008713da30,0x0000000087180000)
 Metaspace       used 70711K, committed 72320K, reserved 1114112K
  class space    used 7413K, committed 8128K, reserved 1048576K
}
Event: 26.969 GC heap before
{Heap before GC invocations=126 (full 3):
 PSYoungGen      total 20480K, used 20160K [0x00000000d5580000, 0x00000000d6b00000, 0x0000000100000000)
  eden space 18944K, 100% used [0x00000000d5580000,0x00000000d6800000,0x00000000d6800000)
  from space 1536K, 79% used [0x00000000d6980000,0x00000000d6ab0000,0x00000000d6b00000)
  to   space 1536K, 0% used [0x00000000d6800000,0x00000000d6800000,0x00000000d6980000)
 ParOldGen       total 116224K, used 115958K [0x0000000080000000, 0x0000000087180000, 0x00000000d5580000)
  object space 116224K, 99% used [0x0000000080000000,0x000000008713da30,0x0000000087180000)
 Metaspace       used 70712K, committed 72320K, reserved 1114112K
  class space    used 7413K, committed 8128K, reserved 1048576K
}
Event: 26.969 GC heap after
{Heap after GC invocations=126 (full 3):
 PSYoungGen      total 19456K, used 352K [0x00000000d5580000, 0x00000000d6a00000, 0x0000000100000000)
  eden space 18944K, 0% used [0x00000000d5580000,0x00000000d5580000,0x00000000d6800000)
  from space 512K, 68% used [0x00000000d6800000,0x00000000d6858000,0x00000000d6880000)
  to   space 1024K, 0% used [0x00000000d6900000,0x00000000d6900000,0x00000000d6a00000)
 ParOldGen       total 117248K, used 116950K [0x0000000080000000, 0x0000000087280000, 0x00000000d5580000)
  object space 117248K, 99% used [0x0000000080000000,0x0000000087235a50,0x0000000087280000)
 Metaspace       used 70712K, committed 72320K, reserved 1114112K
  class space    used 7413K, committed 8128K, reserved 1048576K
}
Event: 27.133 GC heap before
{Heap before GC invocations=127 (full 3):
 PSYoungGen      total 19456K, used 19296K [0x00000000d5580000, 0x00000000d6a00000, 0x0000000100000000)
  eden space 18944K, 100% used [0x00000000d5580000,0x00000000d6800000,0x00000000d6800000)
  from space 512K, 68% used [0x00000000d6800000,0x00000000d6858000,0x00000000d6880000)
  to   space 1024K, 0% used [0x00000000d6900000,0x00000000d6900000,0x00000000d6a00000)
 ParOldGen       total 117248K, used 116950K [0x0000000080000000, 0x0000000087280000, 0x00000000d5580000)
  object space 117248K, 99% used [0x0000000080000000,0x0000000087235a50,0x0000000087280000)
 Metaspace       used 72904K, committed 74560K, reserved 1179648K
  class space    used 7715K, committed 8448K, reserved 1048576K
}
Event: 27.134 GC heap after
{Heap after GC invocations=127 (full 3):
 PSYoungGen      total 19968K, used 721K [0x00000000d5580000, 0x00000000d6a00000, 0x0000000100000000)
  eden space 18944K, 0% used [0x00000000d5580000,0x00000000d5580000,0x00000000d6800000)
  from space 1024K, 70% used [0x00000000d6900000,0x00000000d69b45c8,0x00000000d6a00000)
  to   space 1024K, 0% used [0x00000000d6800000,0x00000000d6800000,0x00000000d6900000)
 ParOldGen       total 117248K, used 117006K [0x0000000080000000, 0x0000000087280000, 0x00000000d5580000)
  object space 117248K, 99% used [0x0000000080000000,0x0000000087243a50,0x0000000087280000)
 Metaspace       used 72904K, committed 74560K, reserved 1179648K
  class space    used 7715K, committed 8448K, reserved 1048576K
}
Event: 1441.159 GC heap before
{Heap before GC invocations=128 (full 3):
 PSYoungGen      total 19968K, used 19665K [0x00000000d5580000, 0x00000000d6a00000, 0x0000000100000000)
  eden space 18944K, 100% used [0x00000000d5580000,0x00000000d6800000,0x00000000d6800000)
  from space 1024K, 70% used [0x00000000d6900000,0x00000000d69b45c8,0x00000000d6a00000)
  to   space 1024K, 0% used [0x00000000d6800000,0x00000000d6800000,0x00000000d6900000)
 ParOldGen       total 117248K, used 117006K [0x0000000080000000, 0x0000000087280000, 0x00000000d5580000)
  object space 117248K, 99% used [0x0000000080000000,0x0000000087243a50,0x0000000087280000)
 Metaspace       used 74245K, committed 75968K, reserved 1179648K
  class space    used 7867K, committed 8640K, reserved 1048576K
}
Event: 1441.168 GC heap after
{Heap after GC invocations=128 (full 3):
 PSYoungGen      total 19968K, used 896K [0x00000000d5580000, 0x00000000d6a00000, 0x0000000100000000)
  eden space 18944K, 0% used [0x00000000d5580000,0x00000000d5580000,0x00000000d6800000)
  from space 1024K, 87% used [0x00000000d6800000,0x00000000d68e0040,0x00000000d6900000)
  to   space 1024K, 0% used [0x00000000d6900000,0x00000000d6900000,0x00000000d6a00000)
 ParOldGen       total 117760K, used 117476K [0x0000000080000000, 0x0000000087300000, 0x00000000d5580000)
  object space 117760K, 99% used [0x0000000080000000,0x00000000872b9058,0x0000000087300000)
 Metaspace       used 74245K, committed 75968K, reserved 1179648K
  class space    used 7867K, committed 8640K, reserved 1048576K
}
Event: 1706.672 GC heap before
{Heap before GC invocations=129 (full 3):
 PSYoungGen      total 19968K, used 19840K [0x00000000d5580000, 0x00000000d6a00000, 0x0000000100000000)
  eden space 18944K, 100% used [0x00000000d5580000,0x00000000d6800000,0x00000000d6800000)
  from space 1024K, 87% used [0x00000000d6800000,0x00000000d68e0040,0x00000000d6900000)
  to   space 1024K, 0% used [0x00000000d6900000,0x00000000d6900000,0x00000000d6a00000)
 ParOldGen       total 117760K, used 117476K [0x0000000080000000, 0x0000000087300000, 0x00000000d5580000)
  object space 117760K, 99% used [0x0000000080000000,0x00000000872b9058,0x0000000087300000)
 Metaspace       used 74545K, committed 76288K, reserved 1179648K
  class space    used 7881K, committed 8640K, reserved 1048576K
}
Event: 1706.673 GC heap after
{Heap after GC invocations=129 (full 3):
 PSYoungGen      total 19968K, used 448K [0x00000000d5580000, 0x00000000d6a00000, 0x0000000100000000)
  eden space 18944K, 0% used [0x00000000d5580000,0x00000000d5580000,0x00000000d6800000)
  from space 1024K, 43% used [0x00000000d6900000,0x00000000d6970000,0x00000000d6a00000)
  to   space 1024K, 0% used [0x00000000d6800000,0x00000000d6800000,0x00000000d6900000)
 ParOldGen       total 118272K, used 118172K [0x0000000080000000, 0x0000000087380000, 0x00000000d5580000)
  object space 118272K, 99% used [0x0000000080000000,0x00000000873670a8,0x0000000087380000)
 Metaspace       used 74545K, committed 76288K, reserved 1179648K
  class space    used 7881K, committed 8640K, reserved 1048576K
}
Event: 1794.195 GC heap before
{Heap before GC invocations=130 (full 3):
 PSYoungGen      total 19968K, used 19375K [0x00000000d5580000, 0x00000000d6a00000, 0x0000000100000000)
  eden space 18944K, 99% used [0x00000000d5580000,0x00000000d67fbcc8,0x00000000d6800000)
  from space 1024K, 43% used [0x00000000d6900000,0x00000000d6970000,0x00000000d6a00000)
  to   space 1024K, 0% used [0x00000000d6800000,0x00000000d6800000,0x00000000d6900000)
 ParOldGen       total 118272K, used 118172K [0x0000000080000000, 0x0000000087380000, 0x00000000d5580000)
  object space 118272K, 99% used [0x0000000080000000,0x00000000873670a8,0x0000000087380000)
 Metaspace       used 74846K, committed 76608K, reserved 1179648K
  class space    used 7909K, committed 8704K, reserved 1048576K
}
Event: 1794.197 GC heap after
{Heap after GC invocations=130 (full 3):
 PSYoungGen      total 19968K, used 1023K [0x00000000d5580000, 0x00000000d7300000, 0x0000000100000000)
  eden space 18944K, 0% used [0x00000000d5580000,0x00000000d5580000,0x00000000d6800000)
  from space 1024K, 99% used [0x00000000d6800000,0x00000000d68fffd0,0x00000000d6900000)
  to   space 5632K, 0% used [0x00000000d6d80000,0x00000000d6d80000,0x00000000d7300000)
 ParOldGen       total 121856K, used 121830K [0x0000000080000000, 0x0000000087700000, 0x00000000d5580000)
  object space 121856K, 99% used [0x0000000080000000,0x00000000876f9ae0,0x0000000087700000)
 Metaspace       used 74846K, committed 76608K, reserved 1179648K
  class space    used 7909K, committed 8704K, reserved 1048576K
}
Event: 1794.364 GC heap before
{Heap before GC invocations=131 (full 3):
 PSYoungGen      total 19968K, used 19967K [0x00000000d5580000, 0x00000000d7300000, 0x0000000100000000)
  eden space 18944K, 100% used [0x00000000d5580000,0x00000000d6800000,0x00000000d6800000)
  from space 1024K, 99% used [0x00000000d6800000,0x00000000d68fffd0,0x00000000d6900000)
  to   space 5632K, 0% used [0x00000000d6d80000,0x00000000d6d80000,0x00000000d7300000)
 ParOldGen       total 121856K, used 121830K [0x0000000080000000, 0x0000000087700000, 0x00000000d5580000)
  object space 121856K, 99% used [0x0000000080000000,0x00000000876f9ae0,0x0000000087700000)
 Metaspace       used 75099K, committed 76800K, reserved 1179648K
  class space    used 7936K, committed 8704K, reserved 1048576K
}
Event: 1794.367 GC heap after
{Heap after GC invocations=131 (full 3):
 PSYoungGen      total 18944K, used 5615K [0x00000000d5580000, 0x00000000d7e00000, 0x0000000100000000)
  eden space 13312K, 0% used [0x00000000d5580000,0x00000000d5580000,0x00000000d6280000)
  from space 5632K, 99% used [0x00000000d6d80000,0x00000000d72fbe48,0x00000000d7300000)
  to   space 11264K, 0% used [0x00000000d6280000,0x00000000d6280000,0x00000000d6d80000)
 ParOldGen       total 126464K, used 126350K [0x0000000080000000, 0x0000000087b80000, 0x00000000d5580000)
  object space 126464K, 99% used [0x0000000080000000,0x0000000087b639b8,0x0000000087b80000)
 Metaspace       used 75099K, committed 76800K, reserved 1179648K
  class space    used 7936K, committed 8704K, reserved 1048576K
}
Event: 1794.472 GC heap before
{Heap before GC invocations=132 (full 3):
 PSYoungGen      total 18944K, used 18927K [0x00000000d5580000, 0x00000000d7e00000, 0x0000000100000000)
  eden space 13312K, 100% used [0x00000000d5580000,0x00000000d6280000,0x00000000d6280000)
  from space 5632K, 99% used [0x00000000d6d80000,0x00000000d72fbe48,0x00000000d7300000)
  to   space 11264K, 0% used [0x00000000d6280000,0x00000000d6280000,0x00000000d6d80000)
 ParOldGen       total 126464K, used 126350K [0x0000000080000000, 0x0000000087b80000, 0x00000000d5580000)
  object space 126464K, 99% used [0x0000000080000000,0x0000000087b639b8,0x0000000087b80000)
 Metaspace       used 75453K, committed 77248K, reserved 1179648K
  class space    used 7963K, committed 8768K, reserved 1048576K
}
Event: 1794.474 GC heap after
{Heap after GC invocations=132 (full 3):
 PSYoungGen      total 15360K, used 1867K [0x00000000d5580000, 0x00000000d6e00000, 0x0000000100000000)
  eden space 13312K, 0% used [0x00000000d5580000,0x00000000d5580000,0x00000000d6280000)
  from space 2048K, 91% used [0x00000000d6280000,0x00000000d6452c38,0x00000000d6480000)
  to   space 5120K, 0% used [0x00000000d6900000,0x00000000d6900000,0x00000000d6e00000)
 ParOldGen       total 130048K, used 129841K [0x0000000080000000, 0x0000000087f00000, 0x00000000d5580000)
  object space 130048K, 99% used [0x0000000080000000,0x0000000087ecc7c8,0x0000000087f00000)
 Metaspace       used 75453K, committed 77248K, reserved 1179648K
  class space    used 7963K, committed 8768K, reserved 1048576K
}
Event: 1794.620 GC heap before
{Heap before GC invocations=133 (full 3):
 PSYoungGen      total 15360K, used 15179K [0x00000000d5580000, 0x00000000d6e00000, 0x0000000100000000)
  eden space 13312K, 100% used [0x00000000d5580000,0x00000000d6280000,0x00000000d6280000)
  from space 2048K, 91% used [0x00000000d6280000,0x00000000d6452c38,0x00000000d6480000)
  to   space 5120K, 0% used [0x00000000d6900000,0x00000000d6900000,0x00000000d6e00000)
 ParOldGen       total 130048K, used 129841K [0x0000000080000000, 0x0000000087f00000, 0x00000000d5580000)
  object space 130048K, 99% used [0x0000000080000000,0x0000000087ecc7c8,0x0000000087f00000)
 Metaspace       used 75924K, committed 77696K, reserved 1179648K
  class space    used 8034K, committed 8832K, reserved 1048576K
}
Event: 1794.622 GC heap after
{Heap after GC invocations=133 (full 3):
 PSYoungGen      total 15360K, used 2016K [0x00000000d5580000, 0x00000000d6b00000, 0x0000000100000000)
  eden space 13312K, 0% used [0x00000000d5580000,0x00000000d5580000,0x00000000d6280000)
  from space 2048K, 98% used [0x00000000d6900000,0x00000000d6af8020,0x00000000d6b00000)
  to   space 2560K, 0% used [0x00000000d6600000,0x00000000d6600000,0x00000000d6880000)
 ParOldGen       total 131584K, used 131548K [0x0000000080000000, 0x0000000088080000, 0x00000000d5580000)
  object space 131584K, 99% used [0x0000000080000000,0x0000000088077048,0x0000000088080000)
 Metaspace       used 75924K, committed 77696K, reserved 1179648K
  class space    used 8034K, committed 8832K, reserved 1048576K
}

Dll operation events (11 events):
Event: 0.011 Loaded shared library c:\Users\QUANG HIEU\.vscode\extensions\redhat.java-1.54.0-win32-x64\jre\21.0.10-win32-x86_64\bin\java.dll
Event: 0.063 Loaded shared library c:\Users\QUANG HIEU\.vscode\extensions\redhat.java-1.54.0-win32-x64\jre\21.0.10-win32-x86_64\bin\zip.dll
Event: 0.083 Loaded shared library C:\Users\QUANG HIEU\.vscode\extensions\redhat.java-1.54.0-win32-x64\jre\21.0.10-win32-x86_64\bin\instrument.dll
Event: 0.089 Loaded shared library C:\Users\QUANG HIEU\.vscode\extensions\redhat.java-1.54.0-win32-x64\jre\21.0.10-win32-x86_64\bin\net.dll
Event: 0.090 Loaded shared library C:\Users\QUANG HIEU\.vscode\extensions\redhat.java-1.54.0-win32-x64\jre\21.0.10-win32-x86_64\bin\nio.dll
Event: 0.093 Loaded shared library C:\Users\QUANG HIEU\.vscode\extensions\redhat.java-1.54.0-win32-x64\jre\21.0.10-win32-x86_64\bin\zip.dll
Event: 0.107 Loaded shared library C:\Users\QUANG HIEU\.vscode\extensions\redhat.java-1.54.0-win32-x64\jre\21.0.10-win32-x86_64\bin\jimage.dll
Event: 0.167 Loaded shared library c:\Users\QUANG HIEU\.vscode\extensions\redhat.java-1.54.0-win32-x64\jre\21.0.10-win32-x86_64\bin\verify.dll
Event: 1.192 Loaded shared library C:\Users\QUANG HIEU\AppData\Roaming\Code\User\globalStorage\redhat.java\1.54.0\config_win\org.eclipse.equinox.launcher\org.eclipse.equinox.launcher.win32.win32.x86_64_1.3.0.v20260203-2149\eclipse_11919.dll
Event: 4.354 Loaded shared library C:\Users\QUANG HIEU\AppData\Local\Temp\jna-2136273467\jna12352275626768974639.dll
Event: 27.008 Loaded shared library C:\Users\QUANG HIEU\.vscode\extensions\redhat.java-1.54.0-win32-x64\jre\21.0.10-win32-x86_64\bin\extnet.dll

Deoptimization events (20 events):
Event: 1794.637 Thread 0x000001da7468e6d0 DEOPT PACKING pc=0x000001da5d27ac40 sp=0x00000057b01fd310
Event: 1794.637 Thread 0x000001da7468e6d0 DEOPT UNPACKING pc=0x000001da5c846da2 sp=0x00000057b01fd2b0 mode 2
Event: 1794.640 Thread 0x000001da7468e6d0 Uncommon trap: trap_request=0xffffff45 fr.pc=0x000001da5d2c49d4 relative=0x0000000000001594
Event: 1794.640 Thread 0x000001da7468e6d0 Uncommon trap: reason=unstable_if action=reinterpret pc=0x000001da5d2c49d4 method=lombok.eclipse.agent.EclipsePatcher$1.shouldTransform(Ljava/lang/ClassLoader;Ljava/lang/String;Ljava/lang/Class;Ljava/security/ProtectionDomain;[B)Z @ 80 c2
Event: 1794.640 Thread 0x000001da7468e6d0 DEOPT PACKING pc=0x000001da5d2c49d4 sp=0x00000057b01fb880
Event: 1794.640 Thread 0x000001da7468e6d0 DEOPT UNPACKING pc=0x000001da5c846da2 sp=0x00000057b01fb760 mode 2
Event: 1794.707 Thread 0x000001da7468e6d0 Uncommon trap: trap_request=0xffffff45 fr.pc=0x000001da5d8f2ee8 relative=0x00000000000007c8
Event: 1794.707 Thread 0x000001da7468e6d0 Uncommon trap: reason=unstable_if action=reinterpret pc=0x000001da5d8f2ee8 method=java.util.regex.Pattern.sequence(Ljava/util/regex/Pattern$Node;)Ljava/util/regex/Pattern$Node; @ 234 c2
Event: 1794.707 Thread 0x000001da7468e6d0 DEOPT PACKING pc=0x000001da5d8f2ee8 sp=0x00000057b01fcf80
Event: 1794.707 Thread 0x000001da7468e6d0 DEOPT UNPACKING pc=0x000001da5c846da2 sp=0x00000057b01fcef8 mode 2
Event: 1794.708 Thread 0x000001da7468e6d0 DEOPT PACKING pc=0x000001da5744e29e sp=0x00000057b01fb5f0
Event: 1794.708 Thread 0x000001da7468e6d0 DEOPT UNPACKING pc=0x000001da5c8478e2 sp=0x00000057b01faad0 mode 0
Event: 1794.717 Thread 0x000001da7468e6d0 Uncommon trap: trap_request=0xffffff45 fr.pc=0x000001da5d420d58 relative=0x0000000000000358
Event: 1794.717 Thread 0x000001da7468e6d0 Uncommon trap: reason=unstable_if action=reinterpret pc=0x000001da5d420d58 method=java.io.WinNTFileSystem.prefixLength(Ljava/lang/String;)I @ 11 c2
Event: 1794.717 Thread 0x000001da7468e6d0 DEOPT PACKING pc=0x000001da5d420d58 sp=0x00000057b01fd970
Event: 1794.717 Thread 0x000001da7468e6d0 DEOPT UNPACKING pc=0x000001da5c846da2 sp=0x00000057b01fd890 mode 2
Event: 1794.717 Thread 0x000001da7468e6d0 Uncommon trap: trap_request=0xffffff45 fr.pc=0x000001da5d8d5f00 relative=0x0000000000000ea0
Event: 1794.717 Thread 0x000001da7468e6d0 Uncommon trap: reason=unstable_if action=reinterpret pc=0x000001da5d8d5f00 method=java.io.WinNTFileSystem.resolve(Ljava/lang/String;Ljava/lang/String;)Ljava/lang/String; @ 19 c2
Event: 1794.717 Thread 0x000001da7468e6d0 DEOPT PACKING pc=0x000001da5d8d5f00 sp=0x00000057b01fd820
Event: 1794.717 Thread 0x000001da7468e6d0 DEOPT UNPACKING pc=0x000001da5c846da2 sp=0x00000057b01fd7e8 mode 2

Classes loaded (20 events):
Event: 28.881 Loading class java/lang/ProcessHandleImpl$ExitCompletion
Event: 28.881 Loading class java/lang/ProcessHandleImpl$ExitCompletion done
Event: 28.881 Loading class java/lang/ProcessHandleImpl$1
Event: 28.881 Loading class java/lang/ProcessHandleImpl$1 done
Event: 28.882 Loading class java/util/concurrent/CompletableFuture$UniHandle
Event: 28.882 Loading class java/util/concurrent/CompletableFuture$UniHandle done
Event: 31.069 Loading class sun/nio/cs/ISO_8859_1$Encoder
Event: 31.070 Loading class sun/nio/cs/ISO_8859_1$Encoder done
Event: 31.070 Loading class sun/nio/cs/Surrogate$Parser
Event: 31.070 Loading class sun/nio/cs/Surrogate$Parser done
Event: 31.070 Loading class sun/nio/cs/Surrogate
Event: 31.070 Loading class sun/nio/cs/Surrogate done
Event: 1794.377 Loading class jdk/internal/module/IllegalAccessLogger
Event: 1794.377 Loading class jdk/internal/module/IllegalAccessLogger done
Event: 1794.388 Loading class java/util/concurrent/ArrayBlockingQueue
Event: 1794.389 Loading class java/util/concurrent/ArrayBlockingQueue done
Event: 1794.733 Loading class java/nio/BufferMismatch
Event: 1794.733 Loading class java/nio/BufferMismatch done
Event: 1794.734 Loading class java/nio/file/attribute/PosixFileAttributes
Event: 1794.734 Loading class java/nio/file/attribute/PosixFileAttributes done

Classes unloaded (7 events):
Event: 4.717 Thread 0x000001da52134170 Unloading class 0x000001da011aac00 'java/lang/invoke/LambdaForm$MH+0x000001da011aac00'
Event: 4.717 Thread 0x000001da52134170 Unloading class 0x000001da011aa800 'java/lang/invoke/LambdaForm$MH+0x000001da011aa800'
Event: 4.717 Thread 0x000001da52134170 Unloading class 0x000001da011aa400 'java/lang/invoke/LambdaForm$MH+0x000001da011aa400'
Event: 4.717 Thread 0x000001da52134170 Unloading class 0x000001da011aa000 'java/lang/invoke/LambdaForm$MH+0x000001da011aa000'
Event: 4.717 Thread 0x000001da52134170 Unloading class 0x000001da011a9c00 'java/lang/invoke/LambdaForm$BMH+0x000001da011a9c00'
Event: 4.717 Thread 0x000001da52134170 Unloading class 0x000001da011a9800 'java/lang/invoke/LambdaForm$DMH+0x000001da011a9800'
Event: 4.717 Thread 0x000001da52134170 Unloading class 0x000001da011a8400 'java/lang/invoke/LambdaForm$DMH+0x000001da011a8400'

Classes redefined (0 events):
No events

Internal exceptions (20 events):
Event: 28.494 Thread 0x000001da72a70530 Exception <a 'sun/nio/fs/WindowsException'{0x00000000d5dd5188}> (0x00000000d5dd5188) 
thrown [s\src\hotspot\share\prims\jni.cpp, line 520]
Event: 28.557 Thread 0x000001da72a70530 Exception <a 'sun/nio/fs/WindowsException'{0x00000000d5de6b98}> (0x00000000d5de6b98) 
thrown [s\src\hotspot\share\prims\jni.cpp, line 520]
Event: 28.621 Thread 0x000001da72a70530 Exception <a 'sun/nio/fs/WindowsException'{0x00000000d5df9130}> (0x00000000d5df9130) 
thrown [s\src\hotspot\share\prims\jni.cpp, line 520]
Event: 28.684 Thread 0x000001da72a70530 Exception <a 'sun/nio/fs/WindowsException'{0x00000000d5e0baf0}> (0x00000000d5e0baf0) 
thrown [s\src\hotspot\share\prims\jni.cpp, line 520]
Event: 28.780 Thread 0x000001da72a70530 Exception <a 'sun/nio/fs/WindowsException'{0x00000000d5e22268}> (0x00000000d5e22268) 
thrown [s\src\hotspot\share\prims\jni.cpp, line 520]
Event: 28.842 Thread 0x000001da72a70530 Exception <a 'sun/nio/fs/WindowsException'{0x00000000d5e36588}> (0x00000000d5e36588) 
thrown [s\src\hotspot\share\prims\jni.cpp, line 520]
Event: 28.882 Thread 0x000001da72a70530 Exception <a 'java/lang/NoSuchMethodError'{0x00000000d5e8dca0}: 'long java.lang.invoke.Invokers$Holder.invokeExact_MT(java.lang.Object, java.lang.Object, java.lang.Object)'> (0x00000000d5e8dca0) 
thrown [s\src\hotspot\share\interpreter\linkResolver.cpp, line 773]
Event: 1204.441 Thread 0x000001da70f1c2e0 Implicit null exception at 0x000001da5d9113c4 to 0x000001da5d911e64
Event: 1794.061 Thread 0x000001da74d45900 Exception <a 'sun/nio/fs/WindowsException'{0x00000000d568ed58}> (0x00000000d568ed58) 
thrown [s\src\hotspot\share\prims\jni.cpp, line 520]
Event: 1794.062 Thread 0x000001da74d45900 Exception <a 'sun/nio/fs/WindowsException'{0x00000000d568f658}> (0x00000000d568f658) 
thrown [s\src\hotspot\share\prims\jni.cpp, line 520]
Event: 1794.131 Thread 0x000001da703f67c0 Implicit null exception at 0x000001da5d66ed62 to 0x000001da5d66f1c4
Event: 1794.492 Thread 0x000001da7468e6d0 Exception <a 'java/lang/NoSuchMethodError'{0x00000000d55c20b8}: 'java.lang.Object java.lang.invoke.DirectMethodHandle$Holder.invokeSpecial(java.lang.Object, java.lang.Object, int, java.lang.Object, java.lang.Object, java.lang.Object, java.lang.Object)'> (0x00000000d55c20b8) 
thrown [s\src\hotspot\share\interpreter\linkResolver.cpp, line 773]
Event: 1794.492 Thread 0x000001da7468e6d0 Exception <a 'java/lang/NoSuchMethodError'{0x00000000d55c9100}: 'java.lang.Object java.lang.invoke.DirectMethodHandle$Holder.newInvokeSpecial(java.lang.Object, java.lang.Object, int, java.lang.Object, java.lang.Object)'> (0x00000000d55c9100) 
thrown [s\src\hotspot\share\interpreter\linkResolver.cpp, line 773]
Event: 1794.495 Thread 0x000001da7468e6d0 Exception <a 'java/lang/NoSuchMethodError'{0x00000000d55e7718}: 'java.lang.Object java.lang.invoke.DirectMethodHandle$Holder.invokeSpecial(java.lang.Object, java.lang.Object, java.lang.Object, int, java.lang.Object, java.lang.Object, java.lang.Object)'> (0x00000000d55e7718) 
thrown [s\src\hotspot\share\interpreter\linkResolver.cpp, line 773]
Event: 1794.511 Thread 0x000001da7468e6d0 Exception <a 'java/lang/NoSuchMethodError'{0x00000000d566c5f8}: 'void java.lang.invoke.DirectMethodHandle$Holder.invokeStatic(java.lang.Object, int)'> (0x00000000d566c5f8) 
thrown [s\src\hotspot\share\interpreter\linkResolver.cpp, line 773]
Event: 1794.587 Thread 0x000001da7468e6d0 Exception <a 'java/io/FileNotFoundException'{0x00000000d5d8e110}> (0x00000000d5d8e110) 
thrown [s\src\hotspot\share\prims\jni.cpp, line 520]
Event: 1794.588 Thread 0x000001da7468e6d0 Exception <a 'java/io/FileNotFoundException'{0x00000000d5d8f3d8}> (0x00000000d5d8f3d8) 
thrown [s\src\hotspot\share\prims\jni.cpp, line 520]
Event: 1794.588 Thread 0x000001da7468e6d0 Exception <a 'java/io/FileNotFoundException'{0x00000000d5d903f0}> (0x00000000d5d903f0) 
thrown [s\src\hotspot\share\prims\jni.cpp, line 520]
Event: 1794.611 Thread 0x000001da7468e6d0 Implicit null exception at 0x000001da5d571215 to 0x000001da5d571814
Event: 1794.640 Thread 0x000001da7468e6d0 Implicit null exception at 0x000001da5d2c3d53 to 0x000001da5d2c49bc

ZGC Phase Switch (0 events):
No events

VM Operations (20 events):
Event: 1793.937 Executing safepoint VM operation: Cleanup done
Event: 1794.092 Executing non-safepoint VM operation: HandshakeAllThreads (Deoptimize)
Event: 1794.092 Executing non-safepoint VM operation: HandshakeAllThreads (Deoptimize) done
Event: 1794.127 Executing safepoint VM operation: ICBufferFull
Event: 1794.127 Executing safepoint VM operation: ICBufferFull done
Event: 1794.135 Executing non-safepoint VM operation: HandshakeAllThreads (Deoptimize)
Event: 1794.135 Executing non-safepoint VM operation: HandshakeAllThreads (Deoptimize) done
Event: 1794.195 Executing safepoint VM operation: ParallelGCFailedAllocation (Allocation Failure)
Event: 1794.197 Executing safepoint VM operation: ParallelGCFailedAllocation (Allocation Failure) done
Event: 1794.364 Executing safepoint VM operation: ParallelGCFailedAllocation (Allocation Failure)
Event: 1794.367 Executing safepoint VM operation: ParallelGCFailedAllocation (Allocation Failure) done
Event: 1794.472 Executing safepoint VM operation: ParallelGCFailedAllocation (Allocation Failure)
Event: 1794.474 Executing safepoint VM operation: ParallelGCFailedAllocation (Allocation Failure) done
Event: 1794.575 Executing safepoint VM operation: ICBufferFull
Event: 1794.575 Executing safepoint VM operation: ICBufferFull done
Event: 1794.620 Executing safepoint VM operation: ParallelGCFailedAllocation (Allocation Failure)
Event: 1794.622 Executing safepoint VM operation: ParallelGCFailedAllocation (Allocation Failure) done
Event: 1794.716 Executing non-safepoint VM operation: HandshakeAllThreads (Deoptimize)
Event: 1794.716 Executing non-safepoint VM operation: HandshakeAllThreads (Deoptimize) done
Event: 1795.717 Executing safepoint VM operation: Cleanup

Memory protections (0 events):
No events

Nmethod flushes (20 events):
Event: 12.469 Thread 0x000001da52134170 flushing  nmethod 0x000001da55db1f10
Event: 12.469 Thread 0x000001da52134170 flushing  nmethod 0x000001da55dc0190
Event: 12.469 Thread 0x000001da52134170 flushing  nmethod 0x000001da55dcd590
Event: 12.469 Thread 0x000001da52134170 flushing  nmethod 0x000001da55deac90
Event: 12.469 Thread 0x000001da52134170 flushing osr nmethod 0x000001da55e22710
Event: 12.469 Thread 0x000001da52134170 flushing  nmethod 0x000001da55e30490
Event: 12.469 Thread 0x000001da52134170 flushing  nmethod 0x000001da55e31190
Event: 12.469 Thread 0x000001da52134170 flushing  nmethod 0x000001da55e51210
Event: 12.469 Thread 0x000001da52134170 flushing  nmethod 0x000001da55e70790
Event: 12.469 Thread 0x000001da52134170 flushing  nmethod 0x000001da55e72290
Event: 12.469 Thread 0x000001da52134170 flushing  nmethod 0x000001da55e78f90
Event: 12.469 Thread 0x000001da52134170 flushing  nmethod 0x000001da55e82510
Event: 12.469 Thread 0x000001da52134170 flushing  nmethod 0x000001da55e82890
Event: 12.469 Thread 0x000001da52134170 flushing  nmethod 0x000001da55e83010
Event: 12.469 Thread 0x000001da52134170 flushing  nmethod 0x000001da55e83390
Event: 12.469 Thread 0x000001da52134170 flushing  nmethod 0x000001da55e86190
Event: 12.469 Thread 0x000001da52134170 flushing  nmethod 0x000001da55e9b890
Event: 12.469 Thread 0x000001da52134170 flushing  nmethod 0x000001da55ea8710
Event: 12.469 Thread 0x000001da52134170 flushing  nmethod 0x000001da55ea8c90
Event: 12.469 Thread 0x000001da52134170 flushing  nmethod 0x000001da55ea9090

Events (20 events):
Event: 1766.679 Thread 0x000001da72a6b670 Thread exited: 0x000001da72a6b670
Event: 1794.076 Thread 0x000001da72a70530 Thread added: 0x000001da7468f3f0
Event: 1794.092 Thread 0x000001da69f0b140 Thread added: 0x000001da6b8bc360
Event: 1794.098 Thread 0x000001da703f7b70 Thread added: 0x000001da74690110
Event: 1794.098 Thread 0x000001da74690110 Thread added: 0x000001da7468e6d0
Event: 1794.121 Thread 0x000001da69f0b140 Thread added: 0x000001da6b8c00b0
Event: 1794.190 Thread 0x000001da69f0b140 Thread added: 0x000001da6b8c0780
Event: 1794.191 Thread 0x000001da69f0b140 Thread added: 0x000001da6b8bd7d0
Event: 1794.280 Thread 0x000001da7468e6d0 Thread added: 0x000001da7468e040
Event: 1794.389 Thread 0x000001da7468e6d0 Thread added: 0x000001da746921e0
Event: 1794.614 Thread 0x000001da7468e6d0 Thread added: 0x000001da74692870
Event: 1794.614 Thread 0x000001da7468e6d0 Thread added: 0x000001da74692f00
Event: 1794.614 Thread 0x000001da7468e6d0 Thread added: 0x000001da74693590
Event: 1794.614 Thread 0x000001da7468e6d0 Thread added: 0x000001da703f74e0
Event: 1794.615 Thread 0x000001da7468e6d0 Thread added: 0x000001da703f6e50
Event: 1794.630 Thread 0x000001da74692f00 Thread exited: 0x000001da74692f00
Event: 1794.631 Thread 0x000001da74692870 Thread exited: 0x000001da74692870
Event: 1794.631 Thread 0x000001da703f6e50 Thread exited: 0x000001da703f6e50
Event: 1794.631 Thread 0x000001da74693590 Thread exited: 0x000001da74693590
Event: 1794.631 Thread 0x000001da703f74e0 Thread exited: 0x000001da703f74e0


Dynamic libraries:
0x00007ff71e7d0000 - 0x00007ff71e7de000 	c:\Users\QUANG HIEU\.vscode\extensions\redhat.java-1.54.0-win32-x64\jre\21.0.10-win32-x86_64\bin\java.exe
0x00007ffa08a40000 - 0x00007ffa08ca7000 	C:\WINDOWS\SYSTEM32\ntdll.dll
0x00007ffa06ca0000 - 0x00007ffa06d69000 	C:\WINDOWS\System32\KERNEL32.DLL
0x00007ffa05f20000 - 0x00007ffa06314000 	C:\WINDOWS\System32\KERNELBASE.dll
0x00007ffa06490000 - 0x00007ffa065db000 	C:\WINDOWS\System32\ucrtbase.dll
0x00007ffa00940000 - 0x00007ffa00958000 	c:\Users\QUANG HIEU\.vscode\extensions\redhat.java-1.54.0-win32-x64\jre\21.0.10-win32-x86_64\bin\jli.dll
0x00007ffa009b0000 - 0x00007ffa009ce000 	c:\Users\QUANG HIEU\.vscode\extensions\redhat.java-1.54.0-win32-x64\jre\21.0.10-win32-x86_64\bin\VCRUNTIME140.dll
0x00007ff9e8430000 - 0x00007ff9e86c3000 	C:\WINDOWS\WinSxS\amd64_microsoft.windows.common-controls_6595b64144ccf1df_6.0.26100.8115_none_3e075c82e3354f9c\COMCTL32.dll
0x00007ffa08770000 - 0x00007ffa08935000 	C:\WINDOWS\System32\USER32.dll
0x00007ffa06fd0000 - 0x00007ffa07079000 	C:\WINDOWS\System32\msvcrt.dll
0x00007ffa067a0000 - 0x00007ffa067c7000 	C:\WINDOWS\System32\win32u.dll
0x00007ffa07910000 - 0x00007ffa0793b000 	C:\WINDOWS\System32\GDI32.dll
0x00007ffa06670000 - 0x00007ffa0679b000 	C:\WINDOWS\System32\gdi32full.dll
0x00007ffa05b80000 - 0x00007ffa05c23000 	C:\WINDOWS\System32\msvcp_win.dll
0x00007ffa06be0000 - 0x00007ffa06c12000 	C:\WINDOWS\System32\IMM32.DLL
0x00007ffa02700000 - 0x00007ffa0270c000 	c:\Users\QUANG HIEU\.vscode\extensions\redhat.java-1.54.0-win32-x64\jre\21.0.10-win32-x86_64\bin\vcruntime140_1.dll
0x00007ff9d0ad0000 - 0x00007ff9d0b5d000 	c:\Users\QUANG HIEU\.vscode\extensions\redhat.java-1.54.0-win32-x64\jre\21.0.10-win32-x86_64\bin\msvcp140.dll
0x00007ff958ab0000 - 0x00007ff959851000 	c:\Users\QUANG HIEU\.vscode\extensions\redhat.java-1.54.0-win32-x64\jre\21.0.10-win32-x86_64\bin\server\jvm.dll
0x00007ffa08940000 - 0x00007ffa089f6000 	C:\WINDOWS\System32\ADVAPI32.dll
0x00007ffa071f0000 - 0x00007ffa07297000 	C:\WINDOWS\System32\sechost.dll
0x00007ffa08560000 - 0x00007ffa08678000 	C:\WINDOWS\System32\RPCRT4.dll
0x00007ffa06d80000 - 0x00007ffa06e00000 	C:\WINDOWS\System32\WS2_32.dll
0x00007ffa04fc0000 - 0x00007ffa0501e000 	C:\WINDOWS\SYSTEM32\POWRPROF.dll
0x00007ff9fb910000 - 0x00007ff9fb91b000 	C:\WINDOWS\SYSTEM32\VERSION.dll
0x00007ff9f8d50000 - 0x00007ff9f8d86000 	C:\WINDOWS\SYSTEM32\WINMM.dll
0x00007ffa04f70000 - 0x00007ffa04f84000 	C:\WINDOWS\SYSTEM32\UMPDC.dll
0x00007ffa04060000 - 0x00007ffa0407b000 	C:\WINDOWS\SYSTEM32\kernel.appcore.dll
0x00007ffa02690000 - 0x00007ffa0269a000 	c:\Users\QUANG HIEU\.vscode\extensions\redhat.java-1.54.0-win32-x64\jre\21.0.10-win32-x86_64\bin\jimage.dll
0x00007ffa02f80000 - 0x00007ffa031c2000 	C:\WINDOWS\SYSTEM32\DBGHELP.DLL
0x00007ffa08170000 - 0x00007ffa084f2000 	C:\WINDOWS\System32\combase.dll
0x00007ffa07830000 - 0x00007ffa07908000 	C:\WINDOWS\System32\OLEAUT32.dll
0x00007ff9d5a30000 - 0x00007ff9d5a6b000 	C:\WINDOWS\SYSTEM32\dbgcore.DLL
0x00007ffa05c30000 - 0x00007ffa05cd5000 	C:\WINDOWS\System32\bcryptPrimitives.dll
0x00007ffa00930000 - 0x00007ffa0093f000 	c:\Users\QUANG HIEU\.vscode\extensions\redhat.java-1.54.0-win32-x64\jre\21.0.10-win32-x86_64\bin\instrument.dll
0x00007ff9fec00000 - 0x00007ff9fec20000 	c:\Users\QUANG HIEU\.vscode\extensions\redhat.java-1.54.0-win32-x64\jre\21.0.10-win32-x86_64\bin\java.dll
0x00007ffa07a00000 - 0x00007ffa08167000 	C:\WINDOWS\System32\SHELL32.dll
0x00007ffa06320000 - 0x00007ffa0648a000 	C:\WINDOWS\System32\wintypes.dll
0x00007ffa05310000 - 0x00007ffa05b78000 	C:\WINDOWS\System32\windows.storage.dll
0x00007ffa06e20000 - 0x00007ffa06f18000 	C:\WINDOWS\System32\SHCORE.dll
0x00007ffa07940000 - 0x00007ffa079a6000 	C:\WINDOWS\System32\shlwapi.dll
0x00007ffa05230000 - 0x00007ffa05259000 	C:\WINDOWS\SYSTEM32\profapi.dll
0x00007ff9d3100000 - 0x00007ff9d3118000 	c:\Users\QUANG HIEU\.vscode\extensions\redhat.java-1.54.0-win32-x64\jre\21.0.10-win32-x86_64\bin\zip.dll
0x00007ff9fe0f0000 - 0x00007ff9fe100000 	C:\Users\QUANG HIEU\.vscode\extensions\redhat.java-1.54.0-win32-x64\jre\21.0.10-win32-x86_64\bin\net.dll
0x00007ff9fd0b0000 - 0x00007ff9fd1dd000 	C:\WINDOWS\SYSTEM32\WINHTTP.dll
0x00007ffa045c0000 - 0x00007ffa0462c000 	C:\WINDOWS\system32\mswsock.dll
0x00007ff9f8b90000 - 0x00007ff9f8ba6000 	C:\Users\QUANG HIEU\.vscode\extensions\redhat.java-1.54.0-win32-x64\jre\21.0.10-win32-x86_64\bin\nio.dll
0x00007ff9f1a20000 - 0x00007ff9f1a30000 	c:\Users\QUANG HIEU\.vscode\extensions\redhat.java-1.54.0-win32-x64\jre\21.0.10-win32-x86_64\bin\verify.dll
0x00007ff9d0a80000 - 0x00007ff9d0ac5000 	C:\Users\QUANG HIEU\AppData\Roaming\Code\User\globalStorage\redhat.java\1.54.0\config_win\org.eclipse.equinox.launcher\org.eclipse.equinox.launcher.win32.win32.x86_64_1.3.0.v20260203-2149\eclipse_11919.dll
0x00007ffa06a30000 - 0x00007ffa06bc7000 	C:\WINDOWS\System32\ole32.dll
0x00007ffa048f0000 - 0x00007ffa0490b000 	C:\WINDOWS\SYSTEM32\CRYPTSP.dll
0x00007ffa03fc0000 - 0x00007ffa03ff9000 	C:\WINDOWS\system32\rsaenh.dll
0x00007ffa04670000 - 0x00007ffa046a3000 	C:\WINDOWS\SYSTEM32\USERENV.dll
0x00007ffa05200000 - 0x00007ffa0522a000 	C:\WINDOWS\SYSTEM32\bcrypt.dll
0x00007ffa04910000 - 0x00007ffa0491c000 	C:\WINDOWS\SYSTEM32\CRYPTBASE.dll
0x00007ffa03a40000 - 0x00007ffa03a72000 	C:\WINDOWS\SYSTEM32\IPHLPAPI.DLL
0x00007ffa06e10000 - 0x00007ffa06e1a000 	C:\WINDOWS\System32\NSI.dll
0x00007ff9c7ea0000 - 0x00007ff9c7ee9000 	C:\Users\QUANG HIEU\AppData\Local\Temp\jna-2136273467\jna12352275626768974639.dll
0x00007ffa06bd0000 - 0x00007ffa06bd8000 	C:\WINDOWS\System32\PSAPI.DLL
0x00007ff9fd070000 - 0x00007ff9fd08d000 	C:\WINDOWS\SYSTEM32\dhcpcsvc6.DLL
0x00007ff9fcff0000 - 0x00007ff9fd015000 	C:\WINDOWS\SYSTEM32\dhcpcsvc.DLL
0x00007ff9f1a40000 - 0x00007ff9f1a49000 	C:\Users\QUANG HIEU\.vscode\extensions\redhat.java-1.54.0-win32-x64\jre\21.0.10-win32-x86_64\bin\extnet.dll

JVMTI agents:
c:\Users\QUANG HIEU\.vscode\extensions\redhat.java-1.54.0-win32-x64\lombok\lombok-1.18.39-4050.jar path:c:\Users\QUANG HIEU\.vscode\extensions\redhat.java-1.54.0-win32-x64\jre\21.0.10-win32-x86_64\bin\instrument.dll, loaded, initialized, instrumentlib options:none

dbghelp: loaded successfully - version: 4.0.5 - missing functions: none
symbol engine: initialized successfully - sym options: 0x614 - pdb path: .;c:\Users\QUANG HIEU\.vscode\extensions\redhat.java-1.54.0-win32-x64\jre\21.0.10-win32-x86_64\bin;C:\WINDOWS\SYSTEM32;C:\WINDOWS\WinSxS\amd64_microsoft.windows.common-controls_6595b64144ccf1df_6.0.26100.8115_none_3e075c82e3354f9c;c:\Users\QUANG HIEU\.vscode\extensions\redhat.java-1.54.0-win32-x64\jre\21.0.10-win32-x86_64\bin\server;C:\Users\QUANG HIEU\AppData\Roaming\Code\User\globalStorage\redhat.java\1.54.0\config_win\org.eclipse.equinox.launcher\org.eclipse.equinox.launcher.win32.win32.x86_64_1.3.0.v20260203-2149;C:\Users\QUANG HIEU\AppData\Local\Temp\jna-2136273467

VM Arguments:
jvm_args: --add-modules=ALL-SYSTEM --add-opens=java.base/java.util=ALL-UNNAMED --add-opens=java.base/java.lang=ALL-UNNAMED --add-opens=java.base/sun.nio.fs=ALL-UNNAMED -Declipse.application=org.eclipse.jdt.ls.core.id1 -Dosgi.bundles.defaultStartLevel=4 -Declipse.product=org.eclipse.jdt.ls.core.product -Djava.import.generatesMetadataFilesAtProjectRoot=false -DDetectVMInstallationsJob.disabled=true -Dfile.encoding=utf8 -XX:+UseParallelGC -XX:GCTimeRatio=4 -XX:AdaptiveSizePolicyWeight=90 -Dsun.zip.disableMemoryMapping=true -Xmx2G -Xms100m -Xlog:disable -javaagent:c:\Users\QUANG HIEU\.vscode\extensions\redhat.java-1.54.0-win32-x64\lombok\lombok-1.18.39-4050.jar -XX:+HeapDumpOnOutOfMemoryError -XX:HeapDumpPath=c:\Users\QUANG HIEU\AppData\Roaming\Code\User\workspaceStorage\2878347c96f63767afd4af9a55f75101\redhat.java -Daether.dependencyCollector.impl=bf 
java_command: c:\Users\QUANG HIEU\.vscode\extensions\redhat.java-1.54.0-win32-x64\server\plugins\org.eclipse.equinox.launcher_1.7.100.v20251111-0406.jar -configuration c:\Users\QUANG HIEU\AppData\Roaming\Code\User\globalStorage\redhat.java\1.54.0\config_win -data c:\Users\QUANG HIEU\AppData\Roaming\Code\User\workspaceStorage\2878347c96f63767afd4af9a55f75101\redhat.java\jdt_ws --pipe=\\.\pipe\lsp-3b4011edae49df6bb71ab5710aee8c23-sock
java_class_path (initial): c:\Users\QUANG HIEU\.vscode\extensions\redhat.java-1.54.0-win32-x64\server\plugins\org.eclipse.equinox.launcher_1.7.100.v20251111-0406.jar
Launcher Type: SUN_STANDARD

[Global flags]
    uintx AdaptiveSizePolicyWeight                 = 90                                        {product} {command line}
     intx CICompilerCount                          = 12                                        {product} {ergonomic}
    uintx GCTimeRatio                              = 4                                         {product} {command line}
     bool HeapDumpOnOutOfMemoryError               = true                                   {manageable} {command line}
    ccstr HeapDumpPath                             = c:\Users\QUANG HIEU\AppData\Roaming\Code\User\workspaceStorage\2878347c96f63767afd4af9a55f75101\redhat.java         {manageable} {command line}
   size_t InitialHeapSize                          = 104857600                                 {product} {command line}
   size_t MaxHeapSize                              = 2147483648                                {product} {command line}
   size_t MaxNewSize                               = 715653120                                 {product} {ergonomic}
   size_t MinHeapDeltaBytes                        = 524288                                    {product} {ergonomic}
   size_t MinHeapSize                              = 104857600                                 {product} {command line}
   size_t NewSize                                  = 34603008                                  {product} {ergonomic}
    uintx NonNMethodCodeHeapSize                   = 7602480                                {pd product} {ergonomic}
    uintx NonProfiledCodeHeapSize                  = 122027880                              {pd product} {ergonomic}
   size_t OldSize                                  = 70254592                                  {product} {ergonomic}
    uintx ProfiledCodeHeapSize                     = 122027880                              {pd product} {ergonomic}
    uintx ReservedCodeCacheSize                    = 251658240                              {pd product} {ergonomic}
     bool SegmentedCodeCache                       = true                                      {product} {ergonomic}
   size_t SoftMaxHeapSize                          = 2147483648                             {manageable} {ergonomic}
     bool UseCompressedOops                        = true                           {product lp64_product} {ergonomic}
     bool UseLargePagesIndividualAllocation        = false                                  {pd product} {ergonomic}
     bool UseParallelGC                            = true                                      {product} {command line}

Logging:
Log output configuration:
 #0: stdout all=off uptime,level,tags foldmultilines=false
 #1: stderr all=off uptime,level,tags foldmultilines=false

Release file:
JAVA_VERSION="21.0.10" 
MODULES="java.base java.compiler java.datatransfer java.xml java.prefs java.desktop java.instrument java.logging java.management java.security.sasl java.naming java.rmi java.management.rmi java.net.http java.scripting java.security.jgss java.transaction.xa java.sql java.sql.rowset java.xml.crypto java.se java.smartcardio jdk.accessibility jdk.internal.jvmstat jdk.attach jdk.charsets jdk.internal.opt jdk.zipfs jdk.compiler jdk.crypto.ec jdk.crypto.cryptoki jdk.crypto.mscapi jdk.dynalink jdk.internal.ed jdk.editpad jdk.hotspot.agent jdk.httpserver jdk.internal.le jdk.internal.vm.ci jdk.internal.vm.compiler jdk.internal.vm.compiler.management jdk.jartool jdk.javadoc jdk.jcmd jdk.management jdk.management.agent jdk.jconsole jdk.jdeps jdk.jdwp.agent jdk.jdi jdk.jfr jdk.jshell jdk.jsobject jdk.jstatd jdk.localedata jdk.management.jfr jdk.naming.dns jdk.naming.rmi jdk.net jdk.nio.mapmode jdk.random jdk.sctp jdk.security.auth jdk.security.jgss jdk.unsupported jdk.unsupported.desktop jdk.xml.dom" 

Environment Variables:
JAVA_HOME=C:\Program Files\Java\jdk-21
PATH=C:\Users\QUANG HIEU\AppData\Local\Programs\Microsoft VS Code;C:\Program Files\Common Files\Oracle\Java\javapath;C:\Windows\system32;C:\Windows;C:\Windows\System32\Wbem;C:\Windows\System32\WindowsPowerShell\v1.0\;C:\Windows\System32\OpenSSH\;C:\WINDOWS\system32;C:\WINDOWS;C:\WINDOWS\System32\Wbem;C:\WINDOWS\System32\WindowsPowerShell\v1.0\;C:\WINDOWS\System32\OpenSSH\;C:\Program Files\Microsoft SQL Server\Client SDK\ODBC\170\Tools\Binn\;C:\Program Files (x86)\NVIDIA Corporation\PhysX\Common;E:\Git\cmd;C:\Program Files (x86)\Microsoft SQL Server\160\Tools\Binn\;C:\Program Files\Microsoft SQL Server\160\Tools\Binn\;C:\Program Files\Microsoft SQL Server\160\DTS\Binn\;C:\Program Files (x86)\Microsoft SQL Server\160\DTS\Binn\;C:\WINDOWS\system32;C:\WINDOWS;C:\WINDOWS\System32\Wbem;C:\WINDOWS\System32\WindowsPowerShell\v1.0\;C:\WINDOWS\System32\OpenSSH\;C:\7-Zip;E:\CSE485Web\laragon\bin\php\php-8.4.1;E:\CSE485Web\laragon;C:\Program Files\Microsoft SQL Server\130\Tools\Binn\;C:\Program Files\Microsoft SQL Server\150\Tools\Binn\;C:\Program Files\dotnet\;c:\Users\QUANG HIEU\AppData\Local\Programs\cursor\resources\app\bin;E:\CSE441_Android\apache-maven-3.9.11-bin\apache-maven-3.9.11\bin;E:\CSE441_Android\flutter_windows_3.32.8-stable\flutter\bin;C:\Program Files\Java\jdk-21\bin;D:\exercism-3.5.7-windows-64bit;C:\Program Files (x86)\Windows Kits\10\Windows Performance Toolkit\;C:\Program Files\NVIDIA Corporation\NVIDIA App\NvDLISR;C:\Program Files\nodejs\;C:\Program Files\Docker\Docker\resources\bin;C:\Users\QUANG HIEU\AppData\Local\Python\bin;E:\flutter\bin;C:\Users\QUANG HIEU\AppData\Local\Programs\Python\Launcher\;C:\Users\QUANG HIEU\AppData\Local\Yarn\config\global\node_modules\.bin;C:\Users\QUANG HIEU\AppData\Roaming\Composer\vendor\bin;E:\CSE485Web\laragon\bin;E:\CSE485Web\laragon\bin\apache\httpd-2.4.54-win64-VS16\bin;E:\CSE485Web\laragon\bin\composer;E:\CSE485Web\laragon\bin\git\bin;E:\CSE485Web\laragon\bin\git\cmd;E:\CSE485Web\laragon\bin\git\mingw64\bin;E:\CSE485Web\laragon\bin\git\usr\bin;E:\CSE485Web\laragon\bin\laragon\utils;E:\CSE485Web\laragon\bin\mysql\mysql-8.0.30-winx64\bin;E:\CSE485Web\laragon\bin\nginx\nginx-1.22.0;E:\CSE485Web\laragon\bin\ngrok;E:\CSE485Web\laragon\bin\nodejs\node-v18;E:\CSE485Web\laragon\bin\notepad++;E:\CSE485Web\laragon\bin\php\php-8.1.10-Win32-vs16-x64;E:\CSE485Web\laragon\bin\python\python-3.10;E:\CSE485Web\laragon\bin\python\python-3.10\Scripts;E:\CSE485Web\laragon\bin\redis\redis-x64-5.0.14.1;E:\CSE485Web\laragon\bin\telnet;E:\CSE485Web\laragon\usr\bin;C:\Users\QUANG HIE;C:\Users\QUANG HIEU\AppData\Local\Programs\Microsoft VS Code\bin;C:\Users\QUANG HIEU\.dotnet\tools;E:\Trash;C:\Users\QUANG HIEU\IntelliJ IDEA 2025.2.1\bin;C:\Users\QUANG HIEU\AppData\Roaming\npm;C:\Users\QUANG HIEU\AppData\Local\JetBrains\Toolbox\scripts;D:\Antigravity\bin
USERNAME=QUANG HIEU
OS=Windows_NT
PROCESSOR_IDENTIFIER=Intel64 Family 6 Model 141 Stepping 1, GenuineIntel
TMP=C:\Users\QUANGH~1\AppData\Local\Temp
TEMP=C:\Users\QUANGH~1\AppData\Local\Temp




Periodic native trim disabled

---------------  S Y S T E M  ---------------

OS:
 Windows 11 , 64 bit Build 26100 (10.0.26100.8246)
OS uptime: 5 days 4:25 hours
Hyper-V role detected

CPU: total 16 (initial active 16) (8 cores per cpu, 2 threads per core) family 6 model 141 stepping 1 microcode 0x26, cx8, cmov, fxsr, ht, mmx, 3dnowpref, sse, sse2, sse3, ssse3, sse4.1, sse4.2, popcnt, lzcnt, tsc, tscinvbit, avx, avx2, aes, erms, clmul, bmi1, bmi2, adx, avx512f, avx512dq, avx512cd, avx512bw, avx512vl, sha, fma, vzeroupper, avx512_vpopcntdq, avx512_vpclmulqdq, avx512_vaes, avx512_vnni, clflush, clflushopt, clwb, avx512_vbmi2, avx512_vbmi, hv, rdtscp, rdpid, fsrm, gfni, avx512_bitalg, f16c, cet_ibt, cet_ss, avx512_ifma
Processor Information for the first 16 processors :
  Max Mhz: 2301, Current Mhz: 2301, Mhz Limit: 2301

Memory: 4k page, system-wide physical 16085M (764M free)
TotalPageFile size 32469M (AvailPageFile size 2M)
current process WorkingSet (physical memory assigned to process): 343M, peak: 534M
current process commit charge ("private bytes"): 593M, peak: 625M

vm_info: OpenJDK 64-Bit Server VM (21.0.10+7-LTS) for windows-amd64 JRE (21.0.10+7-LTS), built on 2026-01-20T00:00:00Z by "admin" with MS VC++ 17.12 (VS2022)

END.
