#
# There is insufficient memory for the Java Runtime Environment to continue.
# Native memory allocation (malloc) failed to allocate 1546880 bytes for Chunk::new
# Possible reasons:
#   The system is out of physical RAM or swap space
#   The process is running with CompressedOops enabled, and the Java Heap may be blocking the growth of the native heap
# Possible solutions:
#   Reduce memory load on the system
#   Increase physical memory or swap space
#   Check if swap backing store is full
#   Decrease Java heap size (-Xmx/-Xms)
#   Decrease number of Java threads
#   Decrease Java thread stack sizes (-Xss)
#   Set larger code cache with -XX:ReservedCodeCacheSize=
#   JVM is running with Zero Based Compressed Oops mode in which the Java heap is
#     placed in the first 32GB address space. The Java Heap base address is the
#     maximum limit for the native heap growth. Please use -XX:HeapBaseMinAddress
#     to set the Java Heap base and to place the Java Heap above 32GB virtual address.
# This output file may be truncated or incomplete.
#
#  Out of Memory Error (arena.cpp:168), pid=11256, tid=3596
#
# JRE version: Java(TM) SE Runtime Environment (21.0.7+8) (build 21.0.7+8-LTS-245)
# Java VM: Java HotSpot(TM) 64-Bit Server VM (21.0.7+8-LTS-245, mixed mode, sharing, tiered, compressed oops, compressed class ptrs, g1 gc, windows-amd64)
# No core dump will be written. Minidumps are not enabled by default on client versions of Windows
#

---------------  S U M M A R Y ------------

Command Line: --enable-native-access=ALL-UNNAMED -Dclassworlds.conf=E:\CSE441_Android\apache-maven-3.9.11-bin\apache-maven-3.9.11\bin\m2.conf -Dmaven.home=E:\CSE441_Android\apache-maven-3.9.11-bin\apache-maven-3.9.11 -Dlibrary.jansi.path=E:\CSE441_Android\apache-maven-3.9.11-bin\apache-maven-3.9.11\lib\jansi-native -Dmaven.multiModuleProjectDirectory=E:\DO_AN_GIF\backend org.codehaus.plexus.classworlds.launcher.Launcher clean compile

Host: 11th Gen Intel(R) Core(TM) i7-11800H @ 2.30GHz, 16 cores, 15G,  Windows 11 , 64 bit Build 26100 (10.0.26100.8246)
Time: Thu Apr 30 14:53:10 2026 SE Asia Standard Time elapsed time: 10.663870 seconds (0d 0h 0m 10s)

---------------  T H R E A D  ---------------

Current thread (0x000002b7c968a640):  JavaThread "C2 CompilerThread1" daemon [_thread_in_native, id=3596, stack(0x000000d67ba00000,0x000000d67bb00000) (1024K)]


Current CompileTask:
C2:  10664 12480       4       com.sun.tools.javac.comp.Resolve::findMethod (549 bytes)

Stack: [0x000000d67ba00000,0x000000d67bb00000]
Native frames: (J=compiled Java code, j=interpreted, Vv=VM code, C=native code)
V  [jvm.dll+0x6cae19]
V  [jvm.dll+0x855741]
V  [jvm.dll+0x857c6e]
V  [jvm.dll+0x858343]
V  [jvm.dll+0x27e0b6]
V  [jvm.dll+0xc4ecd]
V  [jvm.dll+0xc5403]
V  [jvm.dll+0x3b578c]
V  [jvm.dll+0x1dfa19]
V  [jvm.dll+0x246c82]
V  [jvm.dll+0x24610f]
V  [jvm.dll+0x1c6efe]
V  [jvm.dll+0x255819]
V  [jvm.dll+0x253daa]
V  [jvm.dll+0x3eebb6]
V  [jvm.dll+0x7ffa1b]
V  [jvm.dll+0x6c94fd]
C  [ucrtbase.dll+0x37b0]
C  [KERNEL32.DLL+0x2e8d7]
C  [ntdll.dll+0x8c3fc]


---------------  P R O C E S S  ---------------

Threads class SMR info:
_java_thread_list=0x000002b7d1424c80, length=17, elements={
0x000002b7e3def470, 0x000002b7ffa631e0, 0x000002b7ffa63d20, 0x000002b7ffa693c0,
0x000002b7ffa6a290, 0x000002b7ffa6b150, 0x000002b7ffa6bff0, 0x000002b7ffa6deb0,
0x000002b7ffa6ea70, 0x000002b7c90b9520, 0x000002b7c91e71d0, 0x000002b7c91ecc80,
0x000002b7c958daf0, 0x000002b7c968a640, 0x000002b7ca8e88c0, 0x000002b7cb23d6e0,
0x000002b7cb23ae00
}

Java Threads: ( => current thread )
  0x000002b7e3def470 JavaThread "main"                              [_thread_in_Java, id=22080, stack(0x000000d67a500000,0x000000d67a600000) (1024K)]
  0x000002b7ffa631e0 JavaThread "Reference Handler"          daemon [_thread_blocked, id=4428, stack(0x000000d67ad00000,0x000000d67ae00000) (1024K)]
  0x000002b7ffa63d20 JavaThread "Finalizer"                  daemon [_thread_blocked, id=13128, stack(0x000000d67ae00000,0x000000d67af00000) (1024K)]
  0x000002b7ffa693c0 JavaThread "Signal Dispatcher"          daemon [_thread_blocked, id=15248, stack(0x000000d67af00000,0x000000d67b000000) (1024K)]
  0x000002b7ffa6a290 JavaThread "Attach Listener"            daemon [_thread_blocked, id=4692, stack(0x000000d67b000000,0x000000d67b100000) (1024K)]
  0x000002b7ffa6b150 JavaThread "Service Thread"             daemon [_thread_blocked, id=13676, stack(0x000000d67b100000,0x000000d67b200000) (1024K)]
  0x000002b7ffa6bff0 JavaThread "Monitor Deflation Thread"   daemon [_thread_blocked, id=7420, stack(0x000000d67b200000,0x000000d67b300000) (1024K)]
  0x000002b7ffa6deb0 JavaThread "C2 CompilerThread0"         daemon [_thread_in_native, id=15480, stack(0x000000d67b300000,0x000000d67b400000) (1024K)]
  0x000002b7ffa6ea70 JavaThread "C1 CompilerThread0"         daemon [_thread_blocked, id=14292, stack(0x000000d67b400000,0x000000d67b500000) (1024K)]
  0x000002b7c90b9520 JavaThread "C1 CompilerThread1"         daemon [_thread_blocked, id=18632, stack(0x000000d67b500000,0x000000d67b600000) (1024K)]
  0x000002b7c91e71d0 JavaThread "Notification Thread"        daemon [_thread_blocked, id=14640, stack(0x000000d67b600000,0x000000d67b700000) (1024K)]
  0x000002b7c91ecc80 JavaThread "Common-Cleaner"             daemon [_thread_blocked, id=15444, stack(0x000000d67b700000,0x000000d67b800000) (1024K)]
  0x000002b7c958daf0 JavaThread "C1 CompilerThread2"         daemon [_thread_blocked, id=14836, stack(0x000000d67b800000,0x000000d67b900000) (1024K)]
=>0x000002b7c968a640 JavaThread "C2 CompilerThread1"         daemon [_thread_in_native, id=3596, stack(0x000000d67ba00000,0x000000d67bb00000) (1024K)]
  0x000002b7ca8e88c0 JavaThread "Thread-1"                   daemon [_thread_blocked, id=20936, stack(0x000000d67c800000,0x000000d67c900000) (1024K)]
  0x000002b7cb23d6e0 JavaThread "C2 CompilerThread2"         daemon [_thread_in_native, id=6440, stack(0x000000d67bb00000,0x000000d67bc00000) (1024K)]
  0x000002b7cb23ae00 JavaThread "C2 CompilerThread3"         daemon [_thread_in_native, id=17492, stack(0x000000d67bc00000,0x000000d67bd00000) (1024K)]
Total: 17

Other Threads:
  0x000002b7ffa445d0 VMThread "VM Thread"                           [id=12552, stack(0x000000d67ac00000,0x000000d67ad00000) (1024K)]
  0x000002b7ffa30df0 WatcherThread "VM Periodic Task Thread"        [id=17476, stack(0x000000d67ab00000,0x000000d67ac00000) (1024K)]
  0x000002b7e3e52410 WorkerThread "GC Thread#0"                     [id=1768, stack(0x000000d67a600000,0x000000d67a700000) (1024K)]
  0x000002b7c9dfcf20 WorkerThread "GC Thread#1"                     [id=11140, stack(0x000000d67be00000,0x000000d67bf00000) (1024K)]
  0x000002b7c9dfd6d0 WorkerThread "GC Thread#2"                     [id=20224, stack(0x000000d67bf00000,0x000000d67c000000) (1024K)]
  0x000002b7c9dfda70 WorkerThread "GC Thread#3"                     [id=21904, stack(0x000000d67c000000,0x000000d67c100000) (1024K)]
  0x000002b7c9dfde10 WorkerThread "GC Thread#4"                     [id=26332, stack(0x000000d67c100000,0x000000d67c200000) (1024K)]
  0x000002b7c9dfe7c0 WorkerThread "GC Thread#5"                     [id=11736, stack(0x000000d67c200000,0x000000d67c300000) (1024K)]
  0x000002b7ca41ac50 WorkerThread "GC Thread#6"                     [id=23196, stack(0x000000d67c300000,0x000000d67c400000) (1024K)]
  0x000002b7ca41aff0 WorkerThread "GC Thread#7"                     [id=14860, stack(0x000000d67c400000,0x000000d67c500000) (1024K)]
  0x000002b7ca466eb0 WorkerThread "GC Thread#8"                     [id=7912, stack(0x000000d67c500000,0x000000d67c600000) (1024K)]
  0x000002b7ca467250 WorkerThread "GC Thread#9"                     [id=11748, stack(0x000000d67c600000,0x000000d67c700000) (1024K)]
  0x000002b7ca466770 WorkerThread "GC Thread#10"                    [id=22780, stack(0x000000d67c700000,0x000000d67c800000) (1024K)]
  0x000002b7ca9c0f30 WorkerThread "GC Thread#11"                    [id=15364, stack(0x000000d67bd00000,0x000000d67be00000) (1024K)]
  0x000002b7ca9c2c30 WorkerThread "GC Thread#12"                    [id=12600, stack(0x000000d67c900000,0x000000d67ca00000) (1024K)]
  0x000002b7e3e649d0 ConcurrentGCThread "G1 Main Marker"            [id=12608, stack(0x000000d67a700000,0x000000d67a800000) (1024K)]
  0x000002b7e3e654d0 WorkerThread "G1 Conc#0"                       [id=26264, stack(0x000000d67a800000,0x000000d67a900000) (1024K)]
  0x000002b7ca9c1670 WorkerThread "G1 Conc#1"                       [id=16252, stack(0x000000d67ca00000,0x000000d67cb00000) (1024K)]
  0x000002b7ca9c12d0 WorkerThread "G1 Conc#2"                       [id=15300, stack(0x000000d67cb00000,0x000000d67cc00000) (1024K)]
  0x000002b7ff902800 ConcurrentGCThread "G1 Refine#0"               [id=11192, stack(0x000000d67a900000,0x000000d67aa00000) (1024K)]
  0x000002b7ff905230 ConcurrentGCThread "G1 Service"                [id=19796, stack(0x000000d67aa00000,0x000000d67ab00000) (1024K)]
Total: 21

Threads with active compile tasks:
C2 CompilerThread0    10702 12685       4       com.sun.tools.javac.comp.Check::checkMethod (555 bytes)
C2 CompilerThread1    10702 12480       4       com.sun.tools.javac.comp.Resolve::findMethod (549 bytes)
C2 CompilerThread2    10702 12614       4       com.sun.tools.javac.comp.Resolve$$Lambda/0x000002b7853a7708::iterator (12 bytes)
C2 CompilerThread3    10702 12665       4       com.sun.tools.javac.jvm.ClassWriter::writeCode (900 bytes)
Total: 4

VM state: not at safepoint (normal execution)

VM Mutex/Monitor currently owned by a thread: None

Heap address: 0x0000000704a00000, size: 4022 MB, Compressed Oops mode: Zero based, Oop shift amount: 3

CDS archive(s) mapped at: [0x000002b784000000-0x000002b784c90000-0x000002b784c90000), size 13172736, SharedBaseAddress: 0x000002b784000000, ArchiveRelocationMode: 1.
Compressed class space mapped at: 0x000002b785000000-0x000002b7c5000000, reserved size: 1073741824
Narrow klass base: 0x000002b784000000, Narrow klass shift: 0, Narrow klass range: 0x100000000

GC Precious Log:
 CardTable entry size: 512
 Card Set container configuration: InlinePtr #cards 4 size 8 Array Of Cards #cards 16 size 48 Howl #buckets 8 coarsen threshold 3686 Howl Bitmap #cards 512 size 80 coarsen threshold 460 Card regions per heap region 1 cards per card region 4096
 CPUs: 16 total, 16 available
 Memory: 16085M
 Large Page Support: Disabled
 NUMA Support: Disabled
 Compressed Oops: Enabled (Zero based)
 Heap Region Size: 2M
 Heap Min Capacity: 8M
 Heap Initial Capacity: 252M
 Heap Max Capacity: 4022M
 Pre-touch: Disabled
 Parallel Workers: 13
 Concurrent Workers: 3
 Concurrent Refinement Workers: 13
 Periodic GC: Disabled

Heap:
 garbage-first heap   total 528384K, used 344559K [0x0000000704a00000, 0x0000000800000000)
  region size 2048K, 117 young (239616K), 5 survivors (10240K)
 Metaspace       used 34604K, committed 35136K, reserved 1114112K
  class space    used 3654K, committed 3904K, reserved 1048576K

Heap Regions: E=young(eden), S=young(survivor), O=old, HS=humongous(starts), HC=humongous(continues), CS=collection set, F=free, TAMS=top-at-mark-start, PB=parsable bottom
|   0|0x0000000704a00000, 0x0000000704c00000, 0x0000000704c00000|100%| O|  |TAMS 0x0000000704a00000| PB 0x0000000704a00000| Untracked 
|   1|0x0000000704c00000, 0x0000000704e00000, 0x0000000704e00000|100%| O|  |TAMS 0x0000000704c00000| PB 0x0000000704c00000| Untracked 
|   2|0x0000000704e00000, 0x0000000705000000, 0x0000000705000000|100%| O|  |TAMS 0x0000000704e00000| PB 0x0000000704e00000| Untracked 
|   3|0x0000000705000000, 0x0000000705200000, 0x0000000705200000|100%| O|  |TAMS 0x0000000705000000| PB 0x0000000705000000| Untracked 
|   4|0x0000000705200000, 0x0000000705400000, 0x0000000705400000|100%|HS|  |TAMS 0x0000000705200000| PB 0x0000000705200000| Complete 
|   5|0x0000000705400000, 0x0000000705600000, 0x0000000705600000|100%|HC|  |TAMS 0x0000000705400000| PB 0x0000000705400000| Complete 
|   6|0x0000000705600000, 0x0000000705800000, 0x0000000705800000|100%| O|  |TAMS 0x0000000705600000| PB 0x0000000705600000| Untracked 
|   7|0x0000000705800000, 0x0000000705a00000, 0x0000000705a00000|100%| O|  |TAMS 0x0000000705800000| PB 0x0000000705800000| Untracked 
|   8|0x0000000705a00000, 0x0000000705c00000, 0x0000000705c00000|100%| O|  |TAMS 0x0000000705a00000| PB 0x0000000705a00000| Untracked 
|   9|0x0000000705c00000, 0x0000000705e00000, 0x0000000705e00000|100%| O|  |TAMS 0x0000000705c00000| PB 0x0000000705c00000| Untracked 
|  10|0x0000000705e00000, 0x0000000706000000, 0x0000000706000000|100%| O|  |TAMS 0x0000000705e00000| PB 0x0000000705e00000| Untracked 
|  11|0x0000000706000000, 0x0000000706200000, 0x0000000706200000|100%| O|  |TAMS 0x0000000706000000| PB 0x0000000706000000| Untracked 
|  12|0x0000000706200000, 0x0000000706400000, 0x0000000706400000|100%| O|  |TAMS 0x0000000706200000| PB 0x0000000706200000| Untracked 
|  13|0x0000000706400000, 0x0000000706600000, 0x0000000706600000|100%| O|  |TAMS 0x0000000706400000| PB 0x0000000706400000| Untracked 
|  14|0x0000000706600000, 0x0000000706800000, 0x0000000706800000|100%| O|  |TAMS 0x0000000706600000| PB 0x0000000706600000| Untracked 
|  15|0x0000000706800000, 0x0000000706a00000, 0x0000000706a00000|100%| O|  |TAMS 0x0000000706800000| PB 0x0000000706800000| Untracked 
|  16|0x0000000706a00000, 0x0000000706c00000, 0x0000000706c00000|100%| O|  |TAMS 0x0000000706a00000| PB 0x0000000706a00000| Untracked 
|  17|0x0000000706c00000, 0x0000000706e00000, 0x0000000706e00000|100%| O|  |TAMS 0x0000000706c00000| PB 0x0000000706c00000| Untracked 
|  18|0x0000000706e00000, 0x0000000707000000, 0x0000000707000000|100%| O|  |TAMS 0x0000000706e00000| PB 0x0000000706e00000| Untracked 
|  19|0x0000000707000000, 0x0000000707200000, 0x0000000707200000|100%| O|  |TAMS 0x0000000707000000| PB 0x0000000707000000| Untracked 
|  20|0x0000000707200000, 0x0000000707400000, 0x0000000707400000|100%| O|  |TAMS 0x0000000707200000| PB 0x0000000707200000| Untracked 
|  21|0x0000000707400000, 0x0000000707600000, 0x0000000707600000|100%| O|  |TAMS 0x0000000707400000| PB 0x0000000707400000| Untracked 
|  22|0x0000000707600000, 0x0000000707800000, 0x0000000707800000|100%| O|  |TAMS 0x0000000707600000| PB 0x0000000707600000| Untracked 
|  23|0x0000000707800000, 0x0000000707a00000, 0x0000000707a00000|100%| O|  |TAMS 0x0000000707800000| PB 0x0000000707800000| Untracked 
|  24|0x0000000707a00000, 0x0000000707c00000, 0x0000000707c00000|100%| O|  |TAMS 0x0000000707a00000| PB 0x0000000707a00000| Untracked 
|  25|0x0000000707c00000, 0x0000000707e00000, 0x0000000707e00000|100%| O|  |TAMS 0x0000000707c00000| PB 0x0000000707c00000| Untracked 
|  26|0x0000000707e00000, 0x0000000708000000, 0x0000000708000000|100%| O|  |TAMS 0x0000000707e00000| PB 0x0000000707e00000| Untracked 
|  27|0x0000000708000000, 0x0000000708200000, 0x0000000708200000|100%| O|  |TAMS 0x0000000708000000| PB 0x0000000708000000| Untracked 
|  28|0x0000000708200000, 0x0000000708400000, 0x0000000708400000|100%| O|  |TAMS 0x0000000708200000| PB 0x0000000708200000| Untracked 
|  29|0x0000000708400000, 0x0000000708600000, 0x0000000708600000|100%| O|  |TAMS 0x0000000708400000| PB 0x0000000708400000| Untracked 
|  30|0x0000000708600000, 0x0000000708800000, 0x0000000708800000|100%| O|  |TAMS 0x0000000708600000| PB 0x0000000708600000| Untracked 
|  31|0x0000000708800000, 0x0000000708a00000, 0x0000000708a00000|100%| O|  |TAMS 0x0000000708800000| PB 0x0000000708800000| Untracked 
|  32|0x0000000708a00000, 0x0000000708c00000, 0x0000000708c00000|100%| O|  |TAMS 0x0000000708a00000| PB 0x0000000708a00000| Untracked 
|  33|0x0000000708c00000, 0x0000000708e00000, 0x0000000708e00000|100%|HS|  |TAMS 0x0000000708c00000| PB 0x0000000708c00000| Complete 
|  34|0x0000000708e00000, 0x0000000709000000, 0x0000000709000000|100%| O|  |TAMS 0x0000000708e00000| PB 0x0000000708e00000| Untracked 
|  35|0x0000000709000000, 0x0000000709200000, 0x0000000709200000|100%| O|  |TAMS 0x0000000709000000| PB 0x0000000709000000| Untracked 
|  36|0x0000000709200000, 0x0000000709400000, 0x0000000709400000|100%| O|  |TAMS 0x0000000709200000| PB 0x0000000709200000| Untracked 
|  37|0x0000000709400000, 0x0000000709600000, 0x0000000709600000|100%| O|  |TAMS 0x0000000709400000| PB 0x0000000709400000| Untracked 
|  38|0x0000000709600000, 0x0000000709800000, 0x0000000709800000|100%| O|  |TAMS 0x0000000709600000| PB 0x0000000709600000| Untracked 
|  39|0x0000000709800000, 0x0000000709a00000, 0x0000000709a00000|100%| O|  |TAMS 0x0000000709800000| PB 0x0000000709800000| Untracked 
|  40|0x0000000709a00000, 0x0000000709c00000, 0x0000000709c00000|100%| O|  |TAMS 0x0000000709a00000| PB 0x0000000709a00000| Untracked 
|  41|0x0000000709c00000, 0x0000000709e00000, 0x0000000709e00000|100%| O|  |TAMS 0x0000000709c00000| PB 0x0000000709c00000| Untracked 
|  42|0x0000000709e00000, 0x000000070a000000, 0x000000070a000000|100%| O|  |TAMS 0x0000000709e00000| PB 0x0000000709e00000| Untracked 
|  43|0x000000070a000000, 0x000000070a200000, 0x000000070a200000|100%| O|  |TAMS 0x000000070a000000| PB 0x000000070a000000| Untracked 
|  44|0x000000070a200000, 0x000000070a400000, 0x000000070a400000|100%| O|  |TAMS 0x000000070a200000| PB 0x000000070a200000| Untracked 
|  45|0x000000070a400000, 0x000000070a600000, 0x000000070a600000|100%| O|  |TAMS 0x000000070a400000| PB 0x000000070a400000| Untracked 
|  46|0x000000070a600000, 0x000000070a600000, 0x000000070a800000|  0%| F|  |TAMS 0x000000070a600000| PB 0x000000070a600000| Untracked 
|  47|0x000000070a800000, 0x000000070a800000, 0x000000070aa00000|  0%| F|  |TAMS 0x000000070a800000| PB 0x000000070a800000| Untracked 
|  48|0x000000070aa00000, 0x000000070aa00000, 0x000000070ac00000|  0%| F|  |TAMS 0x000000070aa00000| PB 0x000000070aa00000| Untracked 
|  49|0x000000070ac00000, 0x000000070ac00000, 0x000000070ae00000|  0%| F|  |TAMS 0x000000070ac00000| PB 0x000000070ac00000| Untracked 
|  50|0x000000070ae00000, 0x000000070ae00000, 0x000000070b000000|  0%| F|  |TAMS 0x000000070ae00000| PB 0x000000070ae00000| Untracked 
|  51|0x000000070b000000, 0x000000070b000000, 0x000000070b200000|  0%| F|  |TAMS 0x000000070b000000| PB 0x000000070b000000| Untracked 
|  52|0x000000070b200000, 0x000000070b200000, 0x000000070b400000|  0%| F|  |TAMS 0x000000070b200000| PB 0x000000070b200000| Untracked 
|  53|0x000000070b400000, 0x000000070b532480, 0x000000070b600000| 59%| O|  |TAMS 0x000000070b400000| PB 0x000000070b400000| Untracked 
|  54|0x000000070b600000, 0x000000070b600000, 0x000000070b800000|  0%| F|  |TAMS 0x000000070b600000| PB 0x000000070b600000| Untracked 
|  55|0x000000070b800000, 0x000000070b800000, 0x000000070ba00000|  0%| F|  |TAMS 0x000000070b800000| PB 0x000000070b800000| Untracked 
|  56|0x000000070ba00000, 0x000000070ba00000, 0x000000070bc00000|  0%| F|  |TAMS 0x000000070ba00000| PB 0x000000070ba00000| Untracked 
|  57|0x000000070bc00000, 0x000000070bc00000, 0x000000070be00000|  0%| F|  |TAMS 0x000000070bc00000| PB 0x000000070bc00000| Untracked 
|  58|0x000000070be00000, 0x000000070be00000, 0x000000070c000000|  0%| F|  |TAMS 0x000000070be00000| PB 0x000000070be00000| Untracked 
|  59|0x000000070c000000, 0x000000070c000000, 0x000000070c200000|  0%| F|  |TAMS 0x000000070c000000| PB 0x000000070c000000| Untracked 
|  60|0x000000070c200000, 0x000000070c200000, 0x000000070c400000|  0%| F|  |TAMS 0x000000070c200000| PB 0x000000070c200000| Untracked 
|  61|0x000000070c400000, 0x000000070c400000, 0x000000070c600000|  0%| F|  |TAMS 0x000000070c400000| PB 0x000000070c400000| Untracked 
|  62|0x000000070c600000, 0x000000070c600000, 0x000000070c800000|  0%| F|  |TAMS 0x000000070c600000| PB 0x000000070c600000| Untracked 
|  63|0x000000070c800000, 0x000000070c800000, 0x000000070ca00000|  0%| F|  |TAMS 0x000000070c800000| PB 0x000000070c800000| Untracked 
|  64|0x000000070ca00000, 0x000000070ca00000, 0x000000070cc00000|  0%| F|  |TAMS 0x000000070ca00000| PB 0x000000070ca00000| Untracked 
|  65|0x000000070cc00000, 0x000000070cc00000, 0x000000070ce00000|  0%| F|  |TAMS 0x000000070cc00000| PB 0x000000070cc00000| Untracked 
|  66|0x000000070ce00000, 0x000000070ce00000, 0x000000070d000000|  0%| F|  |TAMS 0x000000070ce00000| PB 0x000000070ce00000| Untracked 
|  67|0x000000070d000000, 0x000000070d000000, 0x000000070d200000|  0%| F|  |TAMS 0x000000070d000000| PB 0x000000070d000000| Untracked 
|  68|0x000000070d200000, 0x000000070d200000, 0x000000070d400000|  0%| F|  |TAMS 0x000000070d200000| PB 0x000000070d200000| Untracked 
|  69|0x000000070d400000, 0x000000070d400000, 0x000000070d600000|  0%| F|  |TAMS 0x000000070d400000| PB 0x000000070d400000| Untracked 
|  70|0x000000070d600000, 0x000000070d600000, 0x000000070d800000|  0%| F|  |TAMS 0x000000070d600000| PB 0x000000070d600000| Untracked 
|  71|0x000000070d800000, 0x000000070d800000, 0x000000070da00000|  0%| F|  |TAMS 0x000000070d800000| PB 0x000000070d800000| Untracked 
|  72|0x000000070da00000, 0x000000070da00000, 0x000000070dc00000|  0%| F|  |TAMS 0x000000070da00000| PB 0x000000070da00000| Untracked 
|  73|0x000000070dc00000, 0x000000070dc00000, 0x000000070de00000|  0%| F|  |TAMS 0x000000070dc00000| PB 0x000000070dc00000| Untracked 
|  74|0x000000070de00000, 0x000000070de00000, 0x000000070e000000|  0%| F|  |TAMS 0x000000070de00000| PB 0x000000070de00000| Untracked 
|  75|0x000000070e000000, 0x000000070e000000, 0x000000070e200000|  0%| F|  |TAMS 0x000000070e000000| PB 0x000000070e000000| Untracked 
|  76|0x000000070e200000, 0x000000070e200000, 0x000000070e400000|  0%| F|  |TAMS 0x000000070e200000| PB 0x000000070e200000| Untracked 
|  77|0x000000070e400000, 0x000000070e400000, 0x000000070e600000|  0%| F|  |TAMS 0x000000070e400000| PB 0x000000070e400000| Untracked 
|  78|0x000000070e600000, 0x000000070e600000, 0x000000070e800000|  0%| F|  |TAMS 0x000000070e600000| PB 0x000000070e600000| Untracked 
|  79|0x000000070e800000, 0x000000070e800000, 0x000000070ea00000|  0%| F|  |TAMS 0x000000070e800000| PB 0x000000070e800000| Untracked 
|  80|0x000000070ea00000, 0x000000070ea00000, 0x000000070ec00000|  0%| F|  |TAMS 0x000000070ea00000| PB 0x000000070ea00000| Untracked 
|  81|0x000000070ec00000, 0x000000070ec00000, 0x000000070ee00000|  0%| F|  |TAMS 0x000000070ec00000| PB 0x000000070ec00000| Untracked 
|  82|0x000000070ee00000, 0x000000070ee00000, 0x000000070f000000|  0%| F|  |TAMS 0x000000070ee00000| PB 0x000000070ee00000| Untracked 
|  83|0x000000070f000000, 0x000000070f000000, 0x000000070f200000|  0%| F|  |TAMS 0x000000070f000000| PB 0x000000070f000000| Untracked 
|  84|0x000000070f200000, 0x000000070f200000, 0x000000070f400000|  0%| F|  |TAMS 0x000000070f200000| PB 0x000000070f200000| Untracked 
|  85|0x000000070f400000, 0x000000070f400000, 0x000000070f600000|  0%| F|  |TAMS 0x000000070f400000| PB 0x000000070f400000| Untracked 
|  86|0x000000070f600000, 0x000000070f600000, 0x000000070f800000|  0%| F|  |TAMS 0x000000070f600000| PB 0x000000070f600000| Untracked 
|  87|0x000000070f800000, 0x000000070f800000, 0x000000070fa00000|  0%| F|  |TAMS 0x000000070f800000| PB 0x000000070f800000| Untracked 
|  88|0x000000070fa00000, 0x000000070fa00000, 0x000000070fc00000|  0%| F|  |TAMS 0x000000070fa00000| PB 0x000000070fa00000| Untracked 
|  89|0x000000070fc00000, 0x000000070fc00000, 0x000000070fe00000|  0%| F|  |TAMS 0x000000070fc00000| PB 0x000000070fc00000| Untracked 
|  90|0x000000070fe00000, 0x000000070fe00000, 0x0000000710000000|  0%| F|  |TAMS 0x000000070fe00000| PB 0x000000070fe00000| Untracked 
|  91|0x0000000710000000, 0x0000000710000000, 0x0000000710200000|  0%| F|  |TAMS 0x0000000710000000| PB 0x0000000710000000| Untracked 
|  92|0x0000000710200000, 0x0000000710200000, 0x0000000710400000|  0%| F|  |TAMS 0x0000000710200000| PB 0x0000000710200000| Untracked 
|  93|0x0000000710400000, 0x0000000710400000, 0x0000000710600000|  0%| F|  |TAMS 0x0000000710400000| PB 0x0000000710400000| Untracked 
|  94|0x0000000710600000, 0x0000000710600000, 0x0000000710800000|  0%| F|  |TAMS 0x0000000710600000| PB 0x0000000710600000| Untracked 
|  95|0x0000000710800000, 0x0000000710800000, 0x0000000710a00000|  0%| F|  |TAMS 0x0000000710800000| PB 0x0000000710800000| Untracked 
|  96|0x0000000710a00000, 0x0000000710a00000, 0x0000000710c00000|  0%| F|  |TAMS 0x0000000710a00000| PB 0x0000000710a00000| Untracked 
|  97|0x0000000710c00000, 0x0000000710c00000, 0x0000000710e00000|  0%| F|  |TAMS 0x0000000710c00000| PB 0x0000000710c00000| Untracked 
|  98|0x0000000710e00000, 0x0000000710f49a48, 0x0000000711000000| 64%| S|CS|TAMS 0x0000000710e00000| PB 0x0000000710e00000| Complete 
|  99|0x0000000711000000, 0x0000000711200000, 0x0000000711200000|100%| S|CS|TAMS 0x0000000711000000| PB 0x0000000711000000| Complete 
| 100|0x0000000711200000, 0x0000000711400000, 0x0000000711400000|100%| S|CS|TAMS 0x0000000711200000| PB 0x0000000711200000| Complete 
| 101|0x0000000711400000, 0x0000000711600000, 0x0000000711600000|100%| S|CS|TAMS 0x0000000711400000| PB 0x0000000711400000| Complete 
| 102|0x0000000711600000, 0x0000000711800000, 0x0000000711800000|100%| S|CS|TAMS 0x0000000711600000| PB 0x0000000711600000| Complete 
| 103|0x0000000711800000, 0x0000000711800000, 0x0000000711a00000|  0%| F|  |TAMS 0x0000000711800000| PB 0x0000000711800000| Untracked 
| 104|0x0000000711a00000, 0x0000000711a00000, 0x0000000711c00000|  0%| F|  |TAMS 0x0000000711a00000| PB 0x0000000711a00000| Untracked 
| 105|0x0000000711c00000, 0x0000000711c00000, 0x0000000711e00000|  0%| F|  |TAMS 0x0000000711c00000| PB 0x0000000711c00000| Untracked 
| 106|0x0000000711e00000, 0x0000000711e00000, 0x0000000712000000|  0%| F|  |TAMS 0x0000000711e00000| PB 0x0000000711e00000| Untracked 
| 107|0x0000000712000000, 0x0000000712000000, 0x0000000712200000|  0%| F|  |TAMS 0x0000000712000000| PB 0x0000000712000000| Untracked 
| 108|0x0000000712200000, 0x0000000712200000, 0x0000000712400000|  0%| F|  |TAMS 0x0000000712200000| PB 0x0000000712200000| Untracked 
| 109|0x0000000712400000, 0x0000000712400000, 0x0000000712600000|  0%| F|  |TAMS 0x0000000712400000| PB 0x0000000712400000| Untracked 
| 110|0x0000000712600000, 0x0000000712600000, 0x0000000712800000|  0%| F|  |TAMS 0x0000000712600000| PB 0x0000000712600000| Untracked 
| 111|0x0000000712800000, 0x0000000712800000, 0x0000000712a00000|  0%| F|  |TAMS 0x0000000712800000| PB 0x0000000712800000| Untracked 
| 112|0x0000000712a00000, 0x0000000712a00000, 0x0000000712c00000|  0%| F|  |TAMS 0x0000000712a00000| PB 0x0000000712a00000| Untracked 
| 113|0x0000000712c00000, 0x0000000712c00000, 0x0000000712e00000|  0%| F|  |TAMS 0x0000000712c00000| PB 0x0000000712c00000| Untracked 
| 114|0x0000000712e00000, 0x0000000712e00000, 0x0000000713000000|  0%| F|  |TAMS 0x0000000712e00000| PB 0x0000000712e00000| Untracked 
| 115|0x0000000713000000, 0x0000000713000000, 0x0000000713200000|  0%| F|  |TAMS 0x0000000713000000| PB 0x0000000713000000| Untracked 
| 116|0x0000000713200000, 0x0000000713200000, 0x0000000713400000|  0%| F|  |TAMS 0x0000000713200000| PB 0x0000000713200000| Untracked 
| 117|0x0000000713400000, 0x0000000713400000, 0x0000000713600000|  0%| F|  |TAMS 0x0000000713400000| PB 0x0000000713400000| Untracked 
| 118|0x0000000713600000, 0x0000000713600000, 0x0000000713800000|  0%| F|  |TAMS 0x0000000713600000| PB 0x0000000713600000| Untracked 
| 119|0x0000000713800000, 0x0000000713800000, 0x0000000713a00000|  0%| F|  |TAMS 0x0000000713800000| PB 0x0000000713800000| Untracked 
| 120|0x0000000713a00000, 0x0000000713a00000, 0x0000000713c00000|  0%| F|  |TAMS 0x0000000713a00000| PB 0x0000000713a00000| Untracked 
| 121|0x0000000713c00000, 0x0000000713c00000, 0x0000000713e00000|  0%| F|  |TAMS 0x0000000713c00000| PB 0x0000000713c00000| Untracked 
| 122|0x0000000713e00000, 0x0000000713e00000, 0x0000000714000000|  0%| F|  |TAMS 0x0000000713e00000| PB 0x0000000713e00000| Untracked 
| 123|0x0000000714000000, 0x0000000714000000, 0x0000000714200000|  0%| F|  |TAMS 0x0000000714000000| PB 0x0000000714000000| Untracked 
| 124|0x0000000714200000, 0x0000000714200000, 0x0000000714400000|  0%| F|  |TAMS 0x0000000714200000| PB 0x0000000714200000| Untracked 
| 125|0x0000000714400000, 0x0000000714400000, 0x0000000714600000|  0%| F|  |TAMS 0x0000000714400000| PB 0x0000000714400000| Untracked 
| 126|0x0000000714600000, 0x0000000714600000, 0x0000000714800000|  0%| F|  |TAMS 0x0000000714600000| PB 0x0000000714600000| Untracked 
| 127|0x0000000714800000, 0x0000000714800000, 0x0000000714a00000|  0%| F|  |TAMS 0x0000000714800000| PB 0x0000000714800000| Untracked 
| 128|0x0000000714a00000, 0x0000000714a00000, 0x0000000714c00000|  0%| F|  |TAMS 0x0000000714a00000| PB 0x0000000714a00000| Untracked 
| 129|0x0000000714c00000, 0x0000000714c00000, 0x0000000714e00000|  0%| F|  |TAMS 0x0000000714c00000| PB 0x0000000714c00000| Untracked 
| 130|0x0000000714e00000, 0x0000000714e00000, 0x0000000715000000|  0%| F|  |TAMS 0x0000000714e00000| PB 0x0000000714e00000| Untracked 
| 131|0x0000000715000000, 0x0000000715000000, 0x0000000715200000|  0%| F|  |TAMS 0x0000000715000000| PB 0x0000000715000000| Untracked 
| 132|0x0000000715200000, 0x0000000715200000, 0x0000000715400000|  0%| F|  |TAMS 0x0000000715200000| PB 0x0000000715200000| Untracked 
| 133|0x0000000715400000, 0x0000000715400000, 0x0000000715600000|  0%| F|  |TAMS 0x0000000715400000| PB 0x0000000715400000| Untracked 
| 134|0x0000000715600000, 0x0000000715600000, 0x0000000715800000|  0%| F|  |TAMS 0x0000000715600000| PB 0x0000000715600000| Untracked 
| 135|0x0000000715800000, 0x0000000715800000, 0x0000000715a00000|  0%| F|  |TAMS 0x0000000715800000| PB 0x0000000715800000| Untracked 
| 136|0x0000000715a00000, 0x0000000715a00000, 0x0000000715c00000|  0%| F|  |TAMS 0x0000000715a00000| PB 0x0000000715a00000| Untracked 
| 137|0x0000000715c00000, 0x0000000715c00000, 0x0000000715e00000|  0%| F|  |TAMS 0x0000000715c00000| PB 0x0000000715c00000| Untracked 
| 138|0x0000000715e00000, 0x0000000715e00000, 0x0000000716000000|  0%| F|  |TAMS 0x0000000715e00000| PB 0x0000000715e00000| Untracked 
| 139|0x0000000716000000, 0x0000000716000000, 0x0000000716200000|  0%| F|  |TAMS 0x0000000716000000| PB 0x0000000716000000| Untracked 
| 140|0x0000000716200000, 0x0000000716300000, 0x0000000716400000| 50%| E|  |TAMS 0x0000000716200000| PB 0x0000000716200000| Complete 
| 141|0x0000000716400000, 0x0000000716600000, 0x0000000716600000|100%| E|CS|TAMS 0x0000000716400000| PB 0x0000000716400000| Complete 
| 142|0x0000000716600000, 0x0000000716800000, 0x0000000716800000|100%| E|CS|TAMS 0x0000000716600000| PB 0x0000000716600000| Complete 
| 143|0x0000000716800000, 0x0000000716a00000, 0x0000000716a00000|100%| E|CS|TAMS 0x0000000716800000| PB 0x0000000716800000| Complete 
| 144|0x0000000716a00000, 0x0000000716c00000, 0x0000000716c00000|100%| E|CS|TAMS 0x0000000716a00000| PB 0x0000000716a00000| Complete 
| 145|0x0000000716c00000, 0x0000000716e00000, 0x0000000716e00000|100%| E|CS|TAMS 0x0000000716c00000| PB 0x0000000716c00000| Complete 
| 146|0x0000000716e00000, 0x0000000717000000, 0x0000000717000000|100%| E|CS|TAMS 0x0000000716e00000| PB 0x0000000716e00000| Complete 
| 147|0x0000000717000000, 0x0000000717200000, 0x0000000717200000|100%| E|CS|TAMS 0x0000000717000000| PB 0x0000000717000000| Complete 
| 148|0x0000000717200000, 0x0000000717400000, 0x0000000717400000|100%| E|CS|TAMS 0x0000000717200000| PB 0x0000000717200000| Complete 
| 149|0x0000000717400000, 0x0000000717600000, 0x0000000717600000|100%| E|CS|TAMS 0x0000000717400000| PB 0x0000000717400000| Complete 
| 150|0x0000000717600000, 0x0000000717800000, 0x0000000717800000|100%| E|CS|TAMS 0x0000000717600000| PB 0x0000000717600000| Complete 
| 151|0x0000000717800000, 0x0000000717a00000, 0x0000000717a00000|100%| E|CS|TAMS 0x0000000717800000| PB 0x0000000717800000| Complete 
| 152|0x0000000717a00000, 0x0000000717c00000, 0x0000000717c00000|100%| E|CS|TAMS 0x0000000717a00000| PB 0x0000000717a00000| Complete 
| 153|0x0000000717c00000, 0x0000000717e00000, 0x0000000717e00000|100%| E|CS|TAMS 0x0000000717c00000| PB 0x0000000717c00000| Complete 
| 154|0x0000000717e00000, 0x0000000718000000, 0x0000000718000000|100%| E|CS|TAMS 0x0000000717e00000| PB 0x0000000717e00000| Complete 
| 155|0x0000000718000000, 0x0000000718200000, 0x0000000718200000|100%| E|CS|TAMS 0x0000000718000000| PB 0x0000000718000000| Complete 
| 156|0x0000000718200000, 0x0000000718400000, 0x0000000718400000|100%| E|CS|TAMS 0x0000000718200000| PB 0x0000000718200000| Complete 
| 157|0x0000000718400000, 0x0000000718600000, 0x0000000718600000|100%| E|CS|TAMS 0x0000000718400000| PB 0x0000000718400000| Complete 
| 158|0x0000000718600000, 0x0000000718800000, 0x0000000718800000|100%| E|CS|TAMS 0x0000000718600000| PB 0x0000000718600000| Complete 
| 159|0x0000000718800000, 0x0000000718a00000, 0x0000000718a00000|100%| E|CS|TAMS 0x0000000718800000| PB 0x0000000718800000| Complete 
| 160|0x0000000718a00000, 0x0000000718c00000, 0x0000000718c00000|100%| E|CS|TAMS 0x0000000718a00000| PB 0x0000000718a00000| Complete 
| 161|0x0000000718c00000, 0x0000000718e00000, 0x0000000718e00000|100%| E|CS|TAMS 0x0000000718c00000| PB 0x0000000718c00000| Complete 
| 162|0x0000000718e00000, 0x0000000719000000, 0x0000000719000000|100%| E|CS|TAMS 0x0000000718e00000| PB 0x0000000718e00000| Complete 
| 163|0x0000000719000000, 0x0000000719200000, 0x0000000719200000|100%| E|CS|TAMS 0x0000000719000000| PB 0x0000000719000000| Complete 
| 164|0x0000000719200000, 0x0000000719400000, 0x0000000719400000|100%| E|CS|TAMS 0x0000000719200000| PB 0x0000000719200000| Complete 
| 165|0x0000000719400000, 0x0000000719600000, 0x0000000719600000|100%| E|CS|TAMS 0x0000000719400000| PB 0x0000000719400000| Complete 
| 166|0x0000000719600000, 0x0000000719800000, 0x0000000719800000|100%| E|CS|TAMS 0x0000000719600000| PB 0x0000000719600000| Complete 
| 167|0x0000000719800000, 0x0000000719a00000, 0x0000000719a00000|100%| E|CS|TAMS 0x0000000719800000| PB 0x0000000719800000| Complete 
| 168|0x0000000719a00000, 0x0000000719c00000, 0x0000000719c00000|100%| E|CS|TAMS 0x0000000719a00000| PB 0x0000000719a00000| Complete 
| 169|0x0000000719c00000, 0x0000000719e00000, 0x0000000719e00000|100%| E|CS|TAMS 0x0000000719c00000| PB 0x0000000719c00000| Complete 
| 170|0x0000000719e00000, 0x000000071a000000, 0x000000071a000000|100%| E|CS|TAMS 0x0000000719e00000| PB 0x0000000719e00000| Complete 
| 171|0x000000071a000000, 0x000000071a200000, 0x000000071a200000|100%| E|CS|TAMS 0x000000071a000000| PB 0x000000071a000000| Complete 
| 172|0x000000071a200000, 0x000000071a400000, 0x000000071a400000|100%| E|CS|TAMS 0x000000071a200000| PB 0x000000071a200000| Complete 
| 173|0x000000071a400000, 0x000000071a600000, 0x000000071a600000|100%| E|CS|TAMS 0x000000071a400000| PB 0x000000071a400000| Complete 
| 174|0x000000071a600000, 0x000000071a800000, 0x000000071a800000|100%| E|CS|TAMS 0x000000071a600000| PB 0x000000071a600000| Complete 
| 175|0x000000071a800000, 0x000000071aa00000, 0x000000071aa00000|100%| E|CS|TAMS 0x000000071a800000| PB 0x000000071a800000| Complete 
| 176|0x000000071aa00000, 0x000000071ac00000, 0x000000071ac00000|100%| E|CS|TAMS 0x000000071aa00000| PB 0x000000071aa00000| Complete 
| 177|0x000000071ac00000, 0x000000071ae00000, 0x000000071ae00000|100%| E|CS|TAMS 0x000000071ac00000| PB 0x000000071ac00000| Complete 
| 178|0x000000071ae00000, 0x000000071b000000, 0x000000071b000000|100%| E|CS|TAMS 0x000000071ae00000| PB 0x000000071ae00000| Complete 
| 179|0x000000071b000000, 0x000000071b200000, 0x000000071b200000|100%| E|CS|TAMS 0x000000071b000000| PB 0x000000071b000000| Complete 
| 180|0x000000071b200000, 0x000000071b400000, 0x000000071b400000|100%| E|CS|TAMS 0x000000071b200000| PB 0x000000071b200000| Complete 
| 181|0x000000071b400000, 0x000000071b600000, 0x000000071b600000|100%| E|CS|TAMS 0x000000071b400000| PB 0x000000071b400000| Complete 
| 182|0x000000071b600000, 0x000000071b800000, 0x000000071b800000|100%| E|CS|TAMS 0x000000071b600000| PB 0x000000071b600000| Complete 
| 183|0x000000071b800000, 0x000000071ba00000, 0x000000071ba00000|100%| E|CS|TAMS 0x000000071b800000| PB 0x000000071b800000| Complete 
| 184|0x000000071ba00000, 0x000000071bc00000, 0x000000071bc00000|100%| E|CS|TAMS 0x000000071ba00000| PB 0x000000071ba00000| Complete 
| 185|0x000000071bc00000, 0x000000071be00000, 0x000000071be00000|100%| E|CS|TAMS 0x000000071bc00000| PB 0x000000071bc00000| Complete 
| 186|0x000000071be00000, 0x000000071c000000, 0x000000071c000000|100%| E|CS|TAMS 0x000000071be00000| PB 0x000000071be00000| Complete 
| 187|0x000000071c000000, 0x000000071c200000, 0x000000071c200000|100%| E|CS|TAMS 0x000000071c000000| PB 0x000000071c000000| Complete 
| 188|0x000000071c200000, 0x000000071c400000, 0x000000071c400000|100%| E|CS|TAMS 0x000000071c200000| PB 0x000000071c200000| Complete 
| 189|0x000000071c400000, 0x000000071c600000, 0x000000071c600000|100%| E|CS|TAMS 0x000000071c400000| PB 0x000000071c400000| Complete 
| 190|0x000000071c600000, 0x000000071c800000, 0x000000071c800000|100%| E|CS|TAMS 0x000000071c600000| PB 0x000000071c600000| Complete 
| 191|0x000000071c800000, 0x000000071ca00000, 0x000000071ca00000|100%| E|CS|TAMS 0x000000071c800000| PB 0x000000071c800000| Complete 
| 192|0x000000071ca00000, 0x000000071cc00000, 0x000000071cc00000|100%| E|CS|TAMS 0x000000071ca00000| PB 0x000000071ca00000| Complete 
| 193|0x000000071cc00000, 0x000000071ce00000, 0x000000071ce00000|100%| E|CS|TAMS 0x000000071cc00000| PB 0x000000071cc00000| Complete 
| 194|0x000000071ce00000, 0x000000071d000000, 0x000000071d000000|100%| E|CS|TAMS 0x000000071ce00000| PB 0x000000071ce00000| Complete 
| 195|0x000000071d000000, 0x000000071d200000, 0x000000071d200000|100%| E|CS|TAMS 0x000000071d000000| PB 0x000000071d000000| Complete 
| 196|0x000000071d200000, 0x000000071d400000, 0x000000071d400000|100%| E|CS|TAMS 0x000000071d200000| PB 0x000000071d200000| Complete 
| 197|0x000000071d400000, 0x000000071d600000, 0x000000071d600000|100%| E|CS|TAMS 0x000000071d400000| PB 0x000000071d400000| Complete 
| 198|0x000000071d600000, 0x000000071d800000, 0x000000071d800000|100%| E|CS|TAMS 0x000000071d600000| PB 0x000000071d600000| Complete 
| 199|0x000000071d800000, 0x000000071da00000, 0x000000071da00000|100%| E|CS|TAMS 0x000000071d800000| PB 0x000000071d800000| Complete 
| 200|0x000000071da00000, 0x000000071dc00000, 0x000000071dc00000|100%| E|CS|TAMS 0x000000071da00000| PB 0x000000071da00000| Complete 
| 201|0x000000071dc00000, 0x000000071de00000, 0x000000071de00000|100%| E|CS|TAMS 0x000000071dc00000| PB 0x000000071dc00000| Complete 
| 202|0x000000071de00000, 0x000000071e000000, 0x000000071e000000|100%| E|CS|TAMS 0x000000071de00000| PB 0x000000071de00000| Complete 
| 203|0x000000071e000000, 0x000000071e200000, 0x000000071e200000|100%| E|CS|TAMS 0x000000071e000000| PB 0x000000071e000000| Complete 
| 204|0x000000071e200000, 0x000000071e400000, 0x000000071e400000|100%| E|CS|TAMS 0x000000071e200000| PB 0x000000071e200000| Complete 
| 205|0x000000071e400000, 0x000000071e600000, 0x000000071e600000|100%| E|CS|TAMS 0x000000071e400000| PB 0x000000071e400000| Complete 
| 206|0x000000071e600000, 0x000000071e800000, 0x000000071e800000|100%| E|CS|TAMS 0x000000071e600000| PB 0x000000071e600000| Complete 
| 207|0x000000071e800000, 0x000000071ea00000, 0x000000071ea00000|100%| E|CS|TAMS 0x000000071e800000| PB 0x000000071e800000| Complete 
| 208|0x000000071ea00000, 0x000000071ec00000, 0x000000071ec00000|100%| E|CS|TAMS 0x000000071ea00000| PB 0x000000071ea00000| Complete 
| 209|0x000000071ec00000, 0x000000071ee00000, 0x000000071ee00000|100%| E|CS|TAMS 0x000000071ec00000| PB 0x000000071ec00000| Complete 
| 210|0x000000071ee00000, 0x000000071f000000, 0x000000071f000000|100%| E|CS|TAMS 0x000000071ee00000| PB 0x000000071ee00000| Complete 
| 211|0x000000071f000000, 0x000000071f200000, 0x000000071f200000|100%| E|CS|TAMS 0x000000071f000000| PB 0x000000071f000000| Complete 
| 212|0x000000071f200000, 0x000000071f400000, 0x000000071f400000|100%| E|CS|TAMS 0x000000071f200000| PB 0x000000071f200000| Complete 
| 213|0x000000071f400000, 0x000000071f600000, 0x000000071f600000|100%| E|CS|TAMS 0x000000071f400000| PB 0x000000071f400000| Complete 
| 214|0x000000071f600000, 0x000000071f800000, 0x000000071f800000|100%| E|CS|TAMS 0x000000071f600000| PB 0x000000071f600000| Complete 
| 215|0x000000071f800000, 0x000000071fa00000, 0x000000071fa00000|100%| E|CS|TAMS 0x000000071f800000| PB 0x000000071f800000| Complete 
| 216|0x000000071fa00000, 0x000000071fc00000, 0x000000071fc00000|100%| E|CS|TAMS 0x000000071fa00000| PB 0x000000071fa00000| Complete 
| 217|0x000000071fc00000, 0x000000071fe00000, 0x000000071fe00000|100%| E|CS|TAMS 0x000000071fc00000| PB 0x000000071fc00000| Complete 
| 218|0x000000071fe00000, 0x0000000720000000, 0x0000000720000000|100%| E|CS|TAMS 0x000000071fe00000| PB 0x000000071fe00000| Complete 
| 219|0x0000000720000000, 0x0000000720200000, 0x0000000720200000|100%| E|CS|TAMS 0x0000000720000000| PB 0x0000000720000000| Complete 
| 220|0x0000000720200000, 0x0000000720400000, 0x0000000720400000|100%| E|CS|TAMS 0x0000000720200000| PB 0x0000000720200000| Complete 
| 221|0x0000000720400000, 0x0000000720600000, 0x0000000720600000|100%| E|CS|TAMS 0x0000000720400000| PB 0x0000000720400000| Complete 
| 222|0x0000000720600000, 0x0000000720800000, 0x0000000720800000|100%| E|CS|TAMS 0x0000000720600000| PB 0x0000000720600000| Complete 
| 223|0x0000000720800000, 0x0000000720a00000, 0x0000000720a00000|100%| E|CS|TAMS 0x0000000720800000| PB 0x0000000720800000| Complete 
| 224|0x0000000720a00000, 0x0000000720c00000, 0x0000000720c00000|100%| E|CS|TAMS 0x0000000720a00000| PB 0x0000000720a00000| Complete 
| 225|0x0000000720c00000, 0x0000000720e00000, 0x0000000720e00000|100%| E|CS|TAMS 0x0000000720c00000| PB 0x0000000720c00000| Complete 
| 226|0x0000000720e00000, 0x0000000721000000, 0x0000000721000000|100%| E|CS|TAMS 0x0000000720e00000| PB 0x0000000720e00000| Complete 
| 227|0x0000000721000000, 0x0000000721200000, 0x0000000721200000|100%| E|CS|TAMS 0x0000000721000000| PB 0x0000000721000000| Complete 
| 228|0x0000000721200000, 0x0000000721400000, 0x0000000721400000|100%| E|CS|TAMS 0x0000000721200000| PB 0x0000000721200000| Complete 
| 229|0x0000000721400000, 0x0000000721600000, 0x0000000721600000|100%| E|CS|TAMS 0x0000000721400000| PB 0x0000000721400000| Complete 
| 230|0x0000000721600000, 0x0000000721800000, 0x0000000721800000|100%| E|CS|TAMS 0x0000000721600000| PB 0x0000000721600000| Complete 
| 231|0x0000000721800000, 0x0000000721a00000, 0x0000000721a00000|100%| E|CS|TAMS 0x0000000721800000| PB 0x0000000721800000| Complete 
| 232|0x0000000721a00000, 0x0000000721c00000, 0x0000000721c00000|100%| E|CS|TAMS 0x0000000721a00000| PB 0x0000000721a00000| Complete 
| 233|0x0000000721c00000, 0x0000000721e00000, 0x0000000721e00000|100%| E|CS|TAMS 0x0000000721c00000| PB 0x0000000721c00000| Complete 
| 234|0x0000000721e00000, 0x0000000722000000, 0x0000000722000000|100%| E|CS|TAMS 0x0000000721e00000| PB 0x0000000721e00000| Complete 
| 235|0x0000000722000000, 0x0000000722200000, 0x0000000722200000|100%| E|CS|TAMS 0x0000000722000000| PB 0x0000000722000000| Complete 
| 236|0x0000000722200000, 0x0000000722400000, 0x0000000722400000|100%| E|CS|TAMS 0x0000000722200000| PB 0x0000000722200000| Complete 
| 237|0x0000000722400000, 0x0000000722600000, 0x0000000722600000|100%| E|CS|TAMS 0x0000000722400000| PB 0x0000000722400000| Complete 
| 238|0x0000000722600000, 0x0000000722800000, 0x0000000722800000|100%| E|CS|TAMS 0x0000000722600000| PB 0x0000000722600000| Complete 
| 239|0x0000000722800000, 0x0000000722a00000, 0x0000000722a00000|100%| E|CS|TAMS 0x0000000722800000| PB 0x0000000722800000| Complete 
| 240|0x0000000722a00000, 0x0000000722c00000, 0x0000000722c00000|100%| E|CS|TAMS 0x0000000722a00000| PB 0x0000000722a00000| Complete 
| 241|0x0000000722c00000, 0x0000000722e00000, 0x0000000722e00000|100%| E|CS|TAMS 0x0000000722c00000| PB 0x0000000722c00000| Complete 
| 242|0x0000000722e00000, 0x0000000723000000, 0x0000000723000000|100%| E|CS|TAMS 0x0000000722e00000| PB 0x0000000722e00000| Complete 
| 243|0x0000000723000000, 0x0000000723200000, 0x0000000723200000|100%| E|CS|TAMS 0x0000000723000000| PB 0x0000000723000000| Complete 
| 244|0x0000000723200000, 0x0000000723400000, 0x0000000723400000|100%| E|CS|TAMS 0x0000000723200000| PB 0x0000000723200000| Complete 
| 245|0x0000000723400000, 0x0000000723600000, 0x0000000723600000|100%| E|CS|TAMS 0x0000000723400000| PB 0x0000000723400000| Complete 
| 246|0x0000000723600000, 0x0000000723800000, 0x0000000723800000|100%| E|CS|TAMS 0x0000000723600000| PB 0x0000000723600000| Complete 
| 247|0x0000000723800000, 0x0000000723a00000, 0x0000000723a00000|100%| E|CS|TAMS 0x0000000723800000| PB 0x0000000723800000| Complete 
| 248|0x0000000723a00000, 0x0000000723c00000, 0x0000000723c00000|100%| E|CS|TAMS 0x0000000723a00000| PB 0x0000000723a00000| Complete 
| 249|0x0000000723c00000, 0x0000000723e00000, 0x0000000723e00000|100%| E|CS|TAMS 0x0000000723c00000| PB 0x0000000723c00000| Complete 
| 250|0x0000000723e00000, 0x0000000724000000, 0x0000000724000000|100%| E|CS|TAMS 0x0000000723e00000| PB 0x0000000723e00000| Complete 
| 251|0x0000000724000000, 0x0000000724200000, 0x0000000724200000|100%| E|CS|TAMS 0x0000000724000000| PB 0x0000000724000000| Complete 
|2005|0x00000007ff400000, 0x00000007ff600000, 0x00000007ff600000|100%| O|  |TAMS 0x00000007ff400000| PB 0x00000007ff400000| Untracked 
|2006|0x00000007ff600000, 0x00000007ff800000, 0x00000007ff800000|100%| O|  |TAMS 0x00000007ff600000| PB 0x00000007ff600000| Untracked 
|2007|0x00000007ff800000, 0x00000007ffa00000, 0x00000007ffa00000|100%| O|  |TAMS 0x00000007ff800000| PB 0x00000007ff800000| Untracked 
|2008|0x00000007ffa00000, 0x00000007ffc00000, 0x00000007ffc00000|100%| O|  |TAMS 0x00000007ffa00000| PB 0x00000007ffa00000| Untracked 
|2009|0x00000007ffc00000, 0x00000007ffe00000, 0x00000007ffe00000|100%| O|  |TAMS 0x00000007ffc00000| PB 0x00000007ffc00000| Untracked 
|2010|0x00000007ffe00000, 0x0000000800000000, 0x0000000800000000|100%| O|  |TAMS 0x00000007ffe00000| PB 0x00000007ffe00000| Untracked 

Card table byte_map: [0x000002b7fc2e0000,0x000002b7fcac0000] _byte_map_base: 0x000002b7f8abb000

Marking Bits: (CMBitMap*) 0x000002b7e3e53720
 Bits: [0x000002b780000000, 0x000002b783ed8000)

Polling page: 0x000002b7e1fb0000

Metaspace:

Usage:
  Non-class:     30.23 MB used.
      Class:      3.57 MB used.
       Both:     33.79 MB used.

Virtual space:
  Non-class space:       64.00 MB reserved,      30.50 MB ( 48%) committed,  1 nodes.
      Class space:        1.00 GB reserved,       3.81 MB ( <1%) committed,  1 nodes.
             Both:        1.06 GB reserved,      34.31 MB (  3%) committed. 

Chunk freelists:
   Non-Class:  1.53 MB
       Class:  11.88 MB
        Both:  13.41 MB

MaxMetaspaceSize: unlimited
CompressedClassSpaceSize: 1.00 GB
Initial GC threshold: 21.00 MB
Current GC threshold: 51.69 MB
CDS: on
 - commit_granule_bytes: 65536.
 - commit_granule_words: 8192.
 - virtual_space_node_default_size: 8388608.
 - enlarge_chunks_in_place: 1.
 - use_allocation_guard: 0.


Internal statistics:

num_allocs_failed_limit: 3.
num_arena_births: 662.
num_arena_deaths: 0.
num_vsnodes_births: 2.
num_vsnodes_deaths: 0.
num_space_committed: 550.
num_space_uncommitted: 0.
num_chunks_returned_to_freelist: 3.
num_chunks_taken_from_freelist: 2030.
num_chunk_merges: 3.
num_chunk_splits: 1391.
num_chunks_enlarged: 1011.
num_inconsistent_stats: 0.

CodeHeap 'non-profiled nmethods': size=119168Kb used=10303Kb max_used=10303Kb free=108864Kb
 bounds [0x000002b7f3e20000, 0x000002b7f4830000, 0x000002b7fb280000]
CodeHeap 'profiled nmethods': size=119104Kb used=29625Kb max_used=29625Kb free=89478Kb
 bounds [0x000002b7ec280000, 0x000002b7edf70000, 0x000002b7f36d0000]
CodeHeap 'non-nmethods': size=7488Kb used=2751Kb max_used=3406Kb free=4736Kb
 bounds [0x000002b7f36d0000, 0x000002b7f3a30000, 0x000002b7f3e20000]
 total_blobs=12314 nmethods=11766 adapters=450
 compilation: enabled
              stopped_count=0, restarted_count=0
 full_count=0

Compilation events (20 events):
Event: 9.649 Thread 0x000002b7c90b9520 12681       3       com.sun.tools.javac.comp.Check::checkClassOverrideEqualsAndHashIfNeeded (119 bytes)
Event: 9.649 Thread 0x000002b7ffa6ea70 12682   !   3       com.sun.tools.javac.comp.Check::checkFunctionalInterface (128 bytes)
Event: 9.649 Thread 0x000002b7c958daf0 12683       3       com.sun.tools.javac.comp.Check::checkLeaksNotAccessible (90 bytes)
Event: 9.650 Thread 0x000002b7c958daf0 nmethod 12683 0x000002b7edf53090 code [0x000002b7edf532a0, 0x000002b7edf53750]
Event: 9.650 Thread 0x000002b7ffa6ea70 nmethod 12682 0x000002b7edf53990 code [0x000002b7edf53c20, 0x000002b7edf54a48]
Event: 9.650 Thread 0x000002b7c90b9520 nmethod 12681 0x000002b7edf55090 code [0x000002b7edf55360, 0x000002b7edf564d8]
Event: 9.659 Thread 0x000002b7c966f370 12688       3       com.sun.tools.javac.code.Types$10::visitType (5 bytes)
Event: 9.659 Thread 0x000002b7ffa6ea70 12687       3       com.sun.tools.javac.code.Types$10::visitType (10 bytes)
Event: 9.659 Thread 0x000002b7c966f370 nmethod 12688 0x000002b7edf56a10 code [0x000002b7edf56bc0, 0x000002b7edf56d50]
Event: 9.659 Thread 0x000002b7ffa6ea70 nmethod 12687 0x000002b7edf56e10 code [0x000002b7edf56fc0, 0x000002b7edf572b0]
Event: 9.661 Thread 0x000002b7ffa6ea70 12689       3       com.sun.tools.javac.comp.Infer$InferenceStep$1::solve (13 bytes)
Event: 9.661 Thread 0x000002b7ffa6ea70 nmethod 12689 0x000002b7edf57390 code [0x000002b7edf57540, 0x000002b7edf57800]
Event: 9.664 Thread 0x000002b7ffa6ea70 12690       3       com.sun.tools.javac.comp.LambdaToMethod$LambdaSymbolKind::values (10 bytes)
Event: 9.664 Thread 0x000002b7ffa6ea70 nmethod 12690 0x000002b7edf57910 code [0x000002b7edf57ac0, 0x000002b7edf57d68]
Event: 9.664 Thread 0x000002b7ffa6ea70 12691       1       com.sun.tools.javac.code.Symbol$MethodSymbol$1::baseSymbol (5 bytes)
Event: 9.664 Thread 0x000002b7c958daf0 12692       3       java.util.stream.SpinedBuffer::capacity (38 bytes)
Event: 9.664 Thread 0x000002b7ffa6ea70 nmethod 12691 0x000002b7f482a390 code [0x000002b7f482a520, 0x000002b7f482a5f0]
Event: 9.664 Thread 0x000002b7c958daf0 nmethod 12692 0x000002b7edf57e10 code [0x000002b7edf57fc0, 0x000002b7edf581c8]
Event: 9.665 Thread 0x000002b7c958daf0 12693       3       com.sun.tools.javac.jvm.ClassWriter::writePosition (448 bytes)
Event: 10.660 Thread 0x000002b7c958daf0 nmethod 12693 0x000002b7edf58310 code [0x000002b7edf587e0, 0x000002b7edf5a750]

GC Heap History (20 events):
Event: 6.152 GC heap before
{Heap before GC invocations=11 (full 0):
 garbage-first heap   total 204800K, used 175964K [0x0000000704a00000, 0x0000000800000000)
  region size 2048K, 50 young (102400K), 1 survivors (2048K)
 Metaspace       used 31479K, committed 32000K, reserved 1114112K
  class space    used 3389K, committed 3648K, reserved 1048576K
}
Event: 6.159 GC heap after
{Heap after GC invocations=12 (full 0):
 garbage-first heap   total 204800K, used 81920K [0x0000000704a00000, 0x0000000800000000)
  region size 2048K, 4 young (8192K), 4 survivors (8192K)
 Metaspace       used 31479K, committed 32000K, reserved 1114112K
  class space    used 3389K, committed 3648K, reserved 1048576K
}
Event: 6.332 GC heap before
{Heap before GC invocations=12 (full 0):
 garbage-first heap   total 204800K, used 178176K [0x0000000704a00000, 0x0000000800000000)
  region size 2048K, 51 young (104448K), 4 survivors (8192K)
 Metaspace       used 31630K, committed 32192K, reserved 1114112K
  class space    used 3409K, committed 3648K, reserved 1048576K
}
Event: 6.339 GC heap after
{Heap after GC invocations=13 (full 0):
 garbage-first heap   total 204800K, used 85541K [0x0000000704a00000, 0x0000000800000000)
  region size 2048K, 6 young (12288K), 6 survivors (12288K)
 Metaspace       used 31630K, committed 32192K, reserved 1114112K
  class space    used 3409K, committed 3648K, reserved 1048576K
}
Event: 6.477 GC heap before
{Heap before GC invocations=13 (full 0):
 garbage-first heap   total 204800K, used 179749K [0x0000000704a00000, 0x0000000800000000)
  region size 2048K, 52 young (106496K), 6 survivors (12288K)
 Metaspace       used 31721K, committed 32256K, reserved 1114112K
  class space    used 3414K, committed 3648K, reserved 1048576K
}
Event: 6.489 GC heap after
{Heap after GC invocations=14 (full 0):
 garbage-first heap   total 204800K, used 89789K [0x0000000704a00000, 0x0000000800000000)
  region size 2048K, 5 young (10240K), 5 survivors (10240K)
 Metaspace       used 31721K, committed 32256K, reserved 1114112K
  class space    used 3414K, committed 3648K, reserved 1048576K
}
Event: 6.618 GC heap before
{Heap before GC invocations=14 (full 0):
 garbage-first heap   total 204800K, used 186045K [0x0000000704a00000, 0x0000000800000000)
  region size 2048K, 51 young (104448K), 5 survivors (10240K)
 Metaspace       used 31771K, committed 32384K, reserved 1114112K
  class space    used 3415K, committed 3712K, reserved 1048576K
}
Event: 6.629 GC heap after
{Heap after GC invocations=15 (full 0):
 garbage-first heap   total 204800K, used 96681K [0x0000000704a00000, 0x0000000800000000)
  region size 2048K, 6 young (12288K), 6 survivors (12288K)
 Metaspace       used 31771K, committed 32384K, reserved 1114112K
  class space    used 3415K, committed 3712K, reserved 1048576K
}
Event: 6.725 GC heap before
{Heap before GC invocations=15 (full 0):
 garbage-first heap   total 204800K, used 180649K [0x0000000704a00000, 0x0000000800000000)
  region size 2048K, 47 young (96256K), 6 survivors (12288K)
 Metaspace       used 31787K, committed 32384K, reserved 1114112K
  class space    used 3415K, committed 3712K, reserved 1048576K
}
Event: 6.736 GC heap after
{Heap after GC invocations=16 (full 0):
 garbage-first heap   total 321536K, used 101726K [0x0000000704a00000, 0x0000000800000000)
  region size 2048K, 5 young (10240K), 5 survivors (10240K)
 Metaspace       used 31787K, committed 32384K, reserved 1114112K
  class space    used 3415K, committed 3712K, reserved 1048576K
}
Event: 6.946 GC heap before
{Heap before GC invocations=16 (full 0):
 garbage-first heap   total 321536K, used 283998K [0x0000000704a00000, 0x0000000800000000)
  region size 2048K, 94 young (192512K), 5 survivors (10240K)
 Metaspace       used 31828K, committed 32448K, reserved 1114112K
  class space    used 3416K, committed 3712K, reserved 1048576K
}
Event: 6.956 GC heap after
{Heap after GC invocations=17 (full 0):
 garbage-first heap   total 321536K, used 109380K [0x0000000704a00000, 0x0000000800000000)
  region size 2048K, 9 young (18432K), 9 survivors (18432K)
 Metaspace       used 31828K, committed 32448K, reserved 1114112K
  class space    used 3416K, committed 3712K, reserved 1048576K
}
Event: 7.207 GC heap before
{Heap before GC invocations=17 (full 0):
 garbage-first heap   total 321536K, used 283460K [0x0000000704a00000, 0x0000000800000000)
  region size 2048K, 94 young (192512K), 9 survivors (18432K)
 Metaspace       used 31878K, committed 32448K, reserved 1114112K
  class space    used 3420K, committed 3712K, reserved 1048576K
}
Event: 7.224 GC heap after
{Heap after GC invocations=18 (full 0):
 garbage-first heap   total 321536K, used 119117K [0x0000000704a00000, 0x0000000800000000)
  region size 2048K, 11 young (22528K), 11 survivors (22528K)
 Metaspace       used 31878K, committed 32448K, reserved 1114112K
  class space    used 3420K, committed 3712K, reserved 1048576K
}
Event: 7.469 GC heap before
{Heap before GC invocations=18 (full 0):
 garbage-first heap   total 321536K, used 278861K [0x0000000704a00000, 0x0000000800000000)
  region size 2048K, 89 young (182272K), 11 survivors (22528K)
 Metaspace       used 31890K, committed 32448K, reserved 1114112K
  class space    used 3420K, committed 3712K, reserved 1048576K
}
Event: 7.477 GC heap after
{Heap after GC invocations=19 (full 0):
 garbage-first heap   total 321536K, used 113410K [0x0000000704a00000, 0x0000000800000000)
  region size 2048K, 3 young (6144K), 3 survivors (6144K)
 Metaspace       used 31890K, committed 32448K, reserved 1114112K
  class space    used 3420K, committed 3712K, reserved 1048576K
}
Event: 7.688 GC heap before
{Heap before GC invocations=19 (full 0):
 garbage-first heap   total 321536K, used 291586K [0x0000000704a00000, 0x0000000800000000)
  region size 2048K, 90 young (184320K), 3 survivors (6144K)
 Metaspace       used 31921K, committed 32512K, reserved 1114112K
  class space    used 3420K, committed 3712K, reserved 1048576K
}
Event: 7.696 GC heap after
{Heap after GC invocations=20 (full 0):
 garbage-first heap   total 528384K, used 117734K [0x0000000704a00000, 0x0000000800000000)
  region size 2048K, 5 young (10240K), 5 survivors (10240K)
 Metaspace       used 31921K, committed 32512K, reserved 1114112K
  class space    used 3420K, committed 3712K, reserved 1048576K
}
Event: 8.082 GC heap before
{Heap before GC invocations=20 (full 0):
 garbage-first heap   total 528384K, used 422886K [0x0000000704a00000, 0x0000000800000000)
  region size 2048K, 154 young (315392K), 5 survivors (10240K)
 Metaspace       used 31970K, committed 32512K, reserved 1114112K
  class space    used 3420K, committed 3712K, reserved 1048576K
}
Event: 8.093 GC heap after
{Heap after GC invocations=21 (full 0):
 garbage-first heap   total 528384K, used 117231K [0x0000000704a00000, 0x0000000800000000)
  region size 2048K, 5 young (10240K), 5 survivors (10240K)
 Metaspace       used 31970K, committed 32512K, reserved 1114112K
  class space    used 3420K, committed 3712K, reserved 1048576K
}

Dll operation events (8 events):
Event: 0.005 Loaded shared library C:\Program Files\Java\jdk-21\bin\java.dll
Event: 0.026 Loaded shared library C:\Program Files\Java\jdk-21\bin\jsvml.dll
Event: 0.038 Loaded shared library C:\Program Files\Java\jdk-21\bin\net.dll
Event: 0.041 Loaded shared library C:\Program Files\Java\jdk-21\bin\nio.dll
Event: 0.044 Loaded shared library C:\Program Files\Java\jdk-21\bin\zip.dll
Event: 0.171 Loaded shared library C:\Program Files\Java\jdk-21\bin\jimage.dll
Event: 0.172 Loaded shared library E:\CSE441_Android\apache-maven-3.9.11-bin\apache-maven-3.9.11\lib\jansi-native\Windows\x86_64\jansi.dll
Event: 0.180 Loaded shared library C:\Program Files\Java\jdk-21\bin\verify.dll

Deoptimization events (20 events):
Event: 9.349 Thread 0x000002b7e3def470 Uncommon trap: trap_request=0xffffffde fr.pc=0x000002b7f479a7dc relative=0x000000000000297c
Event: 9.349 Thread 0x000002b7e3def470 Uncommon trap: reason=class_check action=maybe_recompile pc=0x000002b7f479a7dc method=com.sun.tools.javac.jvm.ClassWriter$StackMapTableFrame.isInt(Lcom/sun/tools/javac/code/Type;)Z @ 1 c2
Event: 9.349 Thread 0x000002b7e3def470 DEOPT PACKING pc=0x000002b7f479a7dc sp=0x000000d67a5fcfa0
Event: 9.349 Thread 0x000002b7e3def470 DEOPT UNPACKING pc=0x000002b7f3727da2 sp=0x000000d67a5fcd78 mode 2
Event: 9.351 Thread 0x000002b7e3def470 Uncommon trap: trap_request=0xffffffc6 fr.pc=0x000002b7f47ab28c relative=0x0000000000000eac
Event: 9.351 Thread 0x000002b7e3def470 Uncommon trap: reason=bimorphic_or_optimized_type_check action=maybe_recompile pc=0x000002b7f47ab28c method=com.sun.tools.javac.jvm.ClassWriter.writeStackMapType(Lcom/sun/tools/javac/code/Type;)V @ 35 c2
Event: 9.352 Thread 0x000002b7e3def470 DEOPT PACKING pc=0x000002b7f47ab28c sp=0x000000d67a5fd270
Event: 9.352 Thread 0x000002b7e3def470 DEOPT UNPACKING pc=0x000002b7f3727da2 sp=0x000000d67a5fd240 mode 2
Event: 9.551 Thread 0x000002b7e3def470 Uncommon trap: trap_request=0xffffff76 fr.pc=0x000002b7f4804df8 relative=0x0000000000000338
Event: 9.551 Thread 0x000002b7e3def470 Uncommon trap: reason=predicate action=maybe_recompile pc=0x000002b7f4804df8 method=com.sun.tools.javac.util.Name.compareTo(Lcom/sun/tools/javac/util/Name;)I @ 36 c2
Event: 9.551 Thread 0x000002b7e3def470 DEOPT PACKING pc=0x000002b7f4804df8 sp=0x000000d67a5faf60
Event: 9.551 Thread 0x000002b7e3def470 DEOPT UNPACKING pc=0x000002b7f3727da2 sp=0x000000d67a5faeb8 mode 2
Event: 9.560 Thread 0x000002b7e3def470 Uncommon trap: trap_request=0xffffffc6 fr.pc=0x000002b7f47ab28c relative=0x0000000000000eac
Event: 9.560 Thread 0x000002b7e3def470 Uncommon trap: reason=bimorphic_or_optimized_type_check action=maybe_recompile pc=0x000002b7f47ab28c method=com.sun.tools.javac.jvm.ClassWriter.writeStackMapType(Lcom/sun/tools/javac/code/Type;)V @ 35 c2
Event: 9.561 Thread 0x000002b7e3def470 DEOPT PACKING pc=0x000002b7f47ab28c sp=0x000000d67a5fd270
Event: 9.561 Thread 0x000002b7e3def470 DEOPT UNPACKING pc=0x000002b7f3727da2 sp=0x000000d67a5fd240 mode 2
Event: 9.665 Thread 0x000002b7e3def470 Uncommon trap: trap_request=0xffffffc6 fr.pc=0x000002b7f47ab28c relative=0x0000000000000eac
Event: 9.665 Thread 0x000002b7e3def470 Uncommon trap: reason=bimorphic_or_optimized_type_check action=maybe_recompile pc=0x000002b7f47ab28c method=com.sun.tools.javac.jvm.ClassWriter.writeStackMapType(Lcom/sun/tools/javac/code/Type;)V @ 35 c2
Event: 9.665 Thread 0x000002b7e3def470 DEOPT PACKING pc=0x000002b7f47ab28c sp=0x000000d67a5fd270
Event: 9.665 Thread 0x000002b7e3def470 DEOPT UNPACKING pc=0x000002b7f3727da2 sp=0x000000d67a5fd240 mode 2

Classes loaded (20 events):
Event: 8.288 Loading class java/util/EnumMap$EnumMapIterator done
Event: 8.288 Loading class java/util/EnumMap$EntryIterator done
Event: 8.288 Loading class java/util/EnumMap$EntryIterator$Entry
Event: 8.289 Loading class java/util/EnumMap$EntryIterator$Entry done
Event: 8.447 Loading class java/util/stream/ReduceOps$2
Event: 8.447 Loading class java/util/stream/ReduceOps$2 done
Event: 8.447 Loading class java/util/stream/ReduceOps$2ReducingSink
Event: 8.450 Loading class java/util/stream/ReduceOps$2ReducingSink done
Event: 8.458 Loading class java/util/stream/ReferencePipeline$4
Event: 8.459 Loading class java/util/stream/ReferencePipeline$4 done
Event: 8.459 Loading class java/util/stream/Nodes$IntFixedNodeBuilder
Event: 8.462 Loading class java/util/stream/Node$Builder$OfInt
Event: 8.463 Loading class java/util/stream/Node$Builder$OfInt done
Event: 8.463 Loading class java/util/stream/Nodes$IntArrayNode
Event: 8.466 Loading class java/util/stream/Nodes$IntArrayNode done
Event: 8.466 Loading class java/util/stream/Nodes$IntFixedNodeBuilder done
Event: 8.466 Loading class java/util/stream/ReferencePipeline$4$1
Event: 8.466 Loading class java/util/stream/ReferencePipeline$4$1 done
Event: 8.573 Loading class java/io/DataOutputStream
Event: 8.575 Loading class java/io/DataOutputStream done

Classes unloaded (0 events):
No events

Classes redefined (0 events):
No events

Internal exceptions (20 events):
Event: 9.643 Thread 0x000002b7e3def470 Exception <a 'sun/nio/fs/WindowsException'{0x0000000716c11090}> (0x0000000716c11090) 
thrown [s\open\src\hotspot\share\prims\jni.cpp, line 520]
Event: 9.643 Thread 0x000002b7e3def470 Exception <a 'sun/nio/fs/WindowsException'{0x0000000716c118a0}> (0x0000000716c118a0) 
thrown [s\open\src\hotspot\share\prims\jni.cpp, line 520]
Event: 9.647 Thread 0x000002b7e3def470 Exception <a 'sun/nio/fs/WindowsException'{0x0000000716cce2b0}> (0x0000000716cce2b0) 
thrown [s\open\src\hotspot\share\prims\jni.cpp, line 520]
Event: 9.647 Thread 0x000002b7e3def470 Exception <a 'sun/nio/fs/WindowsException'{0x0000000716cce9a8}> (0x0000000716cce9a8) 
thrown [s\open\src\hotspot\share\prims\jni.cpp, line 520]
Event: 9.647 Thread 0x000002b7e3def470 Exception <a 'sun/nio/fs/WindowsException'{0x0000000716ccf318}> (0x0000000716ccf318) 
thrown [s\open\src\hotspot\share\prims\jni.cpp, line 520]
Event: 9.648 Thread 0x000002b7e3def470 Exception <a 'sun/nio/fs/WindowsException'{0x0000000716d02278}> (0x0000000716d02278) 
thrown [s\open\src\hotspot\share\prims\jni.cpp, line 520]
Event: 9.648 Thread 0x000002b7e3def470 Exception <a 'sun/nio/fs/WindowsException'{0x0000000716d02930}> (0x0000000716d02930) 
thrown [s\open\src\hotspot\share\prims\jni.cpp, line 520]
Event: 9.648 Thread 0x000002b7e3def470 Exception <a 'sun/nio/fs/WindowsException'{0x0000000716d03140}> (0x0000000716d03140) 
thrown [s\open\src\hotspot\share\prims\jni.cpp, line 520]
Event: 9.655 Thread 0x000002b7e3def470 Exception <a 'sun/nio/fs/WindowsException'{0x0000000716b21198}> (0x0000000716b21198) 
thrown [s\open\src\hotspot\share\prims\jni.cpp, line 520]
Event: 9.655 Thread 0x000002b7e3def470 Exception <a 'sun/nio/fs/WindowsException'{0x0000000716b21888}> (0x0000000716b21888) 
thrown [s\open\src\hotspot\share\prims\jni.cpp, line 520]
Event: 9.655 Thread 0x000002b7e3def470 Exception <a 'sun/nio/fs/WindowsException'{0x0000000716b221c0}> (0x0000000716b221c0) 
thrown [s\open\src\hotspot\share\prims\jni.cpp, line 520]
Event: 9.656 Thread 0x000002b7e3def470 Exception <a 'sun/nio/fs/WindowsException'{0x0000000716bb8d78}> (0x0000000716bb8d78) 
thrown [s\open\src\hotspot\share\prims\jni.cpp, line 520]
Event: 9.656 Thread 0x000002b7e3def470 Exception <a 'sun/nio/fs/WindowsException'{0x0000000716bb9430}> (0x0000000716bb9430) 
thrown [s\open\src\hotspot\share\prims\jni.cpp, line 520]
Event: 9.657 Thread 0x000002b7e3def470 Exception <a 'sun/nio/fs/WindowsException'{0x0000000716bb9c40}> (0x0000000716bb9c40) 
thrown [s\open\src\hotspot\share\prims\jni.cpp, line 520]
Event: 9.665 Thread 0x000002b7e3def470 Exception <a 'sun/nio/fs/WindowsException'{0x000000071661a298}> (0x000000071661a298) 
thrown [s\open\src\hotspot\share\prims\jni.cpp, line 520]
Event: 9.665 Thread 0x000002b7e3def470 Exception <a 'sun/nio/fs/WindowsException'{0x000000071661a938}> (0x000000071661a938) 
thrown [s\open\src\hotspot\share\prims\jni.cpp, line 520]
Event: 9.665 Thread 0x000002b7e3def470 Exception <a 'sun/nio/fs/WindowsException'{0x000000071661b0a0}> (0x000000071661b0a0) 
thrown [s\open\src\hotspot\share\prims\jni.cpp, line 520]
Event: 9.666 Thread 0x000002b7e3def470 Exception <a 'sun/nio/fs/WindowsException'{0x0000000716673d08}> (0x0000000716673d08) 
thrown [s\open\src\hotspot\share\prims\jni.cpp, line 520]
Event: 9.666 Thread 0x000002b7e3def470 Exception <a 'sun/nio/fs/WindowsException'{0x00000007166743b0}> (0x00000007166743b0) 
thrown [s\open\src\hotspot\share\prims\jni.cpp, line 520]
Event: 9.666 Thread 0x000002b7e3def470 Exception <a 'sun/nio/fs/WindowsException'{0x0000000716674b68}> (0x0000000716674b68) 
thrown [s\open\src\hotspot\share\prims\jni.cpp, line 520]

ZGC Phase Switch (0 events):
No events

VM Operations (20 events):
Event: 8.377 Executing VM operation: ICBufferFull
Event: 8.377 Executing VM operation: ICBufferFull done
Event: 8.456 Executing VM operation: ICBufferFull
Event: 8.456 Executing VM operation: ICBufferFull done
Event: 8.529 Executing VM operation: ICBufferFull
Event: 8.529 Executing VM operation: ICBufferFull done
Event: 8.601 Executing VM operation: ICBufferFull
Event: 8.601 Executing VM operation: ICBufferFull done
Event: 8.682 Executing VM operation: ICBufferFull
Event: 8.682 Executing VM operation: ICBufferFull done
Event: 8.737 Executing VM operation: ICBufferFull
Event: 8.737 Executing VM operation: ICBufferFull done
Event: 9.024 Executing VM operation: ICBufferFull
Event: 9.024 Executing VM operation: ICBufferFull done
Event: 9.191 Executing VM operation: ICBufferFull
Event: 9.192 Executing VM operation: ICBufferFull done
Event: 9.299 Executing VM operation: ICBufferFull
Event: 9.299 Executing VM operation: ICBufferFull done
Event: 9.664 Executing VM operation: ICBufferFull
Event: 9.664 Executing VM operation: ICBufferFull done

Events (20 events):
Event: 5.825 Thread 0x000002b7ffa445d0 flushing nmethod 0x000002b7ecc9ca10
Event: 5.825 Thread 0x000002b7ffa445d0 flushing nmethod 0x000002b7ecd82410
Event: 5.825 Thread 0x000002b7ffa445d0 flushing nmethod 0x000002b7ecd9b190
Event: 5.825 Thread 0x000002b7ffa445d0 flushing nmethod 0x000002b7ecd9c310
Event: 5.825 Thread 0x000002b7ffa445d0 flushing nmethod 0x000002b7ecd9ca10
Event: 5.825 Thread 0x000002b7ffa445d0 flushing nmethod 0x000002b7ecddf310
Event: 5.825 Thread 0x000002b7ffa445d0 flushing nmethod 0x000002b7ecde1510
Event: 5.825 Thread 0x000002b7ffa445d0 flushing nmethod 0x000002b7ecdf2b90
Event: 5.825 Thread 0x000002b7ffa445d0 flushing nmethod 0x000002b7ecdf3010
Event: 5.825 Thread 0x000002b7ffa445d0 flushing nmethod 0x000002b7ecdf5310
Event: 5.825 Thread 0x000002b7ffa445d0 flushing nmethod 0x000002b7ecdfd490
Event: 5.825 Thread 0x000002b7ffa445d0 flushing nmethod 0x000002b7ecdfdb10
Event: 5.825 Thread 0x000002b7ffa445d0 flushing nmethod 0x000002b7eceb9910
Event: 5.825 Thread 0x000002b7ffa445d0 flushing nmethod 0x000002b7eceffc90
Event: 5.825 Thread 0x000002b7ffa445d0 flushing nmethod 0x000002b7ecf12610
Event: 5.825 Thread 0x000002b7ffa445d0 flushing nmethod 0x000002b7ecf12d10
Event: 5.825 Thread 0x000002b7ffa445d0 flushing nmethod 0x000002b7ecf14710
Event: 5.825 Thread 0x000002b7ffa445d0 flushing nmethod 0x000002b7ecf16390
Event: 5.825 Thread 0x000002b7ffa445d0 flushing nmethod 0x000002b7ecf8ac10
Event: 10.660 Thread 0x000002b7c966f370 Thread exited: 0x000002b7c966f370


Dynamic libraries:
0x00007ff6dccc0000 - 0x00007ff6dccd0000 	C:\Program Files\Java\jdk-21\bin\java.exe
0x00007ff85f9a0000 - 0x00007ff85fc07000 	C:\WINDOWS\SYSTEM32\ntdll.dll
0x00007ff85f400000 - 0x00007ff85f4c9000 	C:\WINDOWS\System32\KERNEL32.DLL
0x00007ff85c580000 - 0x00007ff85c974000 	C:\WINDOWS\System32\KERNELBASE.dll
0x00007ff85d5e0000 - 0x00007ff85d72b000 	C:\WINDOWS\System32\ucrtbase.dll
0x00007ff859670000 - 0x00007ff859689000 	C:\Program Files\Java\jdk-21\bin\jli.dll
0x00007ff859650000 - 0x00007ff85966b000 	C:\Program Files\Java\jdk-21\bin\VCRUNTIME140.dll
0x00007ff85f740000 - 0x00007ff85f7f6000 	C:\WINDOWS\System32\ADVAPI32.dll
0x00007ff85ece0000 - 0x00007ff85ed89000 	C:\WINDOWS\System32\msvcrt.dll
0x00007ff85d830000 - 0x00007ff85d8d7000 	C:\WINDOWS\System32\sechost.dll
0x00007ff85f620000 - 0x00007ff85f738000 	C:\WINDOWS\System32\RPCRT4.dll
0x00007ff85e060000 - 0x00007ff85e225000 	C:\WINDOWS\System32\USER32.dll
0x00007ff83e800000 - 0x00007ff83ea93000 	C:\WINDOWS\WinSxS\amd64_microsoft.windows.common-controls_6595b64144ccf1df_6.0.26100.8115_none_3e075c82e3354f9c\COMCTL32.dll
0x00007ff85c270000 - 0x00007ff85c297000 	C:\WINDOWS\System32\win32u.dll
0x00007ff85ee10000 - 0x00007ff85ee3b000 	C:\WINDOWS\System32\GDI32.dll
0x00007ff85d3f0000 - 0x00007ff85d51b000 	C:\WINDOWS\System32\gdi32full.dll
0x00007ff85c2a0000 - 0x00007ff85c343000 	C:\WINDOWS\System32\msvcp_win.dll
0x00007ff852a00000 - 0x00007ff852a0b000 	C:\WINDOWS\SYSTEM32\VERSION.dll
0x00007ff85f5e0000 - 0x00007ff85f612000 	C:\WINDOWS\System32\IMM32.DLL
0x00007ff859640000 - 0x00007ff85964c000 	C:\Program Files\Java\jdk-21\bin\vcruntime140_1.dll
0x00007ff8595b0000 - 0x00007ff85963e000 	C:\Program Files\Java\jdk-21\bin\msvcp140.dll
0x00007fff9a100000 - 0x00007fff9ae1a000 	C:\Program Files\Java\jdk-21\bin\server\jvm.dll
0x00007ff85f550000 - 0x00007ff85f5d0000 	C:\WINDOWS\System32\WS2_32.dll
0x00007ff85bf20000 - 0x00007ff85bf7e000 	C:\WINDOWS\SYSTEM32\POWRPROF.dll
0x00007ff84f9c0000 - 0x00007ff84f9f6000 	C:\WINDOWS\SYSTEM32\WINMM.dll
0x00007ff85bf00000 - 0x00007ff85bf14000 	C:\WINDOWS\SYSTEM32\UMPDC.dll
0x00007ff85afc0000 - 0x00007ff85afdb000 	C:\WINDOWS\SYSTEM32\kernel.appcore.dll
0x00007ff8595a0000 - 0x00007ff8595aa000 	C:\Program Files\Java\jdk-21\bin\jimage.dll
0x00007ff859ee0000 - 0x00007ff85a122000 	C:\WINDOWS\SYSTEM32\DBGHELP.DLL
0x00007ff85f070000 - 0x00007ff85f3f2000 	C:\WINDOWS\System32\combase.dll
0x00007ff85e9a0000 - 0x00007ff85ea78000 	C:\WINDOWS\System32\OLEAUT32.dll
0x00007ff82f210000 - 0x00007ff82f24b000 	C:\WINDOWS\SYSTEM32\dbgcore.DLL
0x00007ff85c4d0000 - 0x00007ff85c575000 	C:\WINDOWS\System32\bcryptPrimitives.dll
0x00007ff8580c0000 - 0x00007ff8580df000 	C:\Program Files\Java\jdk-21\bin\java.dll
0x00007ff85d8f0000 - 0x00007ff85e057000 	C:\WINDOWS\System32\SHELL32.dll
0x00007ff85c980000 - 0x00007ff85caea000 	C:\WINDOWS\System32\wintypes.dll
0x00007ff85caf0000 - 0x00007ff85d358000 	C:\WINDOWS\System32\windows.storage.dll
0x00007ff85d730000 - 0x00007ff85d828000 	C:\WINDOWS\System32\SHCORE.dll
0x00007ff85ed90000 - 0x00007ff85edf6000 	C:\WINDOWS\System32\shlwapi.dll
0x00007ff85c190000 - 0x00007ff85c1b9000 	C:\WINDOWS\SYSTEM32\profapi.dll
0x00007ff853b50000 - 0x00007ff853c27000 	C:\Program Files\Java\jdk-21\bin\jsvml.dll
0x00007ff859590000 - 0x00007ff8595a0000 	C:\Program Files\Java\jdk-21\bin\net.dll
0x00007ff854000000 - 0x00007ff85412d000 	C:\WINDOWS\SYSTEM32\WINHTTP.dll
0x00007ff85b520000 - 0x00007ff85b58c000 	C:\WINDOWS\system32\mswsock.dll
0x00007ff8580a0000 - 0x00007ff8580b6000 	C:\Program Files\Java\jdk-21\bin\nio.dll
0x00007ff858080000 - 0x00007ff858098000 	C:\Program Files\Java\jdk-21\bin\zip.dll
0x00007ff83c810000 - 0x00007ff83c834000 	E:\CSE441_Android\apache-maven-3.9.11-bin\apache-maven-3.9.11\lib\jansi-native\Windows\x86_64\jansi.dll
0x00007ff83e6b0000 - 0x00007ff83e6c0000 	C:\Program Files\Java\jdk-21\bin\verify.dll

dbghelp: loaded successfully - version: 4.0.5 - missing functions: none
symbol engine: initialized successfully - sym options: 0x614 - pdb path: .;C:\Program Files\Java\jdk-21\bin;C:\WINDOWS\SYSTEM32;C:\WINDOWS\WinSxS\amd64_microsoft.windows.common-controls_6595b64144ccf1df_6.0.26100.8115_none_3e075c82e3354f9c;C:\Program Files\Java\jdk-21\bin\server;E:\CSE441_Android\apache-maven-3.9.11-bin\apache-maven-3.9.11\lib\jansi-native\Windows\x86_64

VM Arguments:
jvm_args: --enable-native-access=ALL-UNNAMED -Dclassworlds.conf=E:\CSE441_Android\apache-maven-3.9.11-bin\apache-maven-3.9.11\bin\m2.conf -Dmaven.home=E:\CSE441_Android\apache-maven-3.9.11-bin\apache-maven-3.9.11 -Dlibrary.jansi.path=E:\CSE441_Android\apache-maven-3.9.11-bin\apache-maven-3.9.11\lib\jansi-native -Dmaven.multiModuleProjectDirectory=E:\DO_AN_GIF\backend 
java_command: org.codehaus.plexus.classworlds.launcher.Launcher clean compile
java_class_path (initial): E:\CSE441_Android\apache-maven-3.9.11-bin\apache-maven-3.9.11\boot\plexus-classworlds-2.9.0.jar
Launcher Type: SUN_STANDARD

[Global flags]
     intx CICompilerCount                          = 12                                        {product} {ergonomic}
     uint ConcGCThreads                            = 3                                         {product} {ergonomic}
     uint G1ConcRefinementThreads                  = 13                                        {product} {ergonomic}
   size_t G1HeapRegionSize                         = 2097152                                   {product} {ergonomic}
    uintx GCDrainStackTargetSize                   = 64                                        {product} {ergonomic}
   size_t InitialHeapSize                          = 264241152                                 {product} {ergonomic}
   size_t MarkStackSize                            = 4194304                                   {product} {ergonomic}
   size_t MaxHeapSize                              = 4217372672                                {product} {ergonomic}
   size_t MaxNewSize                               = 2529165312                                {product} {ergonomic}
   size_t MinHeapDeltaBytes                        = 2097152                                   {product} {ergonomic}
   size_t MinHeapSize                              = 8388608                                   {product} {ergonomic}
    uintx NonNMethodCodeHeapSize                   = 7602480                                {pd product} {ergonomic}
    uintx NonProfiledCodeHeapSize                  = 122027880                              {pd product} {ergonomic}
    uintx ProfiledCodeHeapSize                     = 122027880                              {pd product} {ergonomic}
    uintx ReservedCodeCacheSize                    = 251658240                              {pd product} {ergonomic}
     bool SegmentedCodeCache                       = true                                      {product} {ergonomic}
   size_t SoftMaxHeapSize                          = 4217372672                             {manageable} {ergonomic}
     bool UseCompressedOops                        = true                           {product lp64_product} {ergonomic}
     bool UseG1GC                                  = true                                      {product} {ergonomic}
     bool UseLargePagesIndividualAllocation        = false                                  {pd product} {ergonomic}

Logging:
Log output configuration:
 #0: stdout all=warning uptime,level,tags foldmultilines=false
 #1: stderr all=off uptime,level,tags foldmultilines=false

Environment Variables:
JAVA_HOME=C:\Program Files\Java\jdk-21
PATH=C:\Program Files\Common Files\Oracle\Java\javapath;C:\Windows\system32;C:\Windows;C:\Windows\System32\Wbem;C:\Windows\System32\WindowsPowerShell\v1.0\;C:\Windows\System32\OpenSSH\;C:\WINDOWS\system32;C:\WINDOWS;C:\WINDOWS\System32\Wbem;C:\WINDOWS\System32\WindowsPowerShell\v1.0\;C:\WINDOWS\System32\OpenSSH\;C:\Program Files\Microsoft SQL Server\Client SDK\ODBC\170\Tools\Binn\;C:\Program Files (x86)\NVIDIA Corporation\PhysX\Common;E:\Git\cmd;C:\Program Files (x86)\Microsoft SQL Server\160\Tools\Binn\;C:\Program Files\Microsoft SQL Server\160\Tools\Binn\;C:\Program Files\Microsoft SQL Server\160\DTS\Binn\;C:\Program Files (x86)\Microsoft SQL Server\160\DTS\Binn\;C:\WINDOWS\system32;C:\WINDOWS;C:\WINDOWS\System32\Wbem;C:\WINDOWS\System32\WindowsPowerShell\v1.0\;C:\WINDOWS\System32\OpenSSH\;C:\7-Zip;E:\CSE485Web\laragon\bin\php\php-8.4.1;E:\CSE485Web\laragon;C:\Program Files\Microsoft SQL Server\130\Tools\Binn\;C:\Program Files\Microsoft SQL Server\150\Tools\Binn\;C:\Program Files\dotnet\;c:\Users\QUANG HIEU\AppData\Local\Programs\cursor\resources\app\bin;E:\CSE441_Android\apache-maven-3.9.11-bin\apache-maven-3.9.11\bin;E:\CSE441_Android\flutter_windows_3.32.8-stable\flutter\bin;C:\Program Files\Java\jdk-21\bin;D:\exercism-3.5.7-windows-64bit;C:\Program Files (x86)\Windows Kits\10\Windows Performance Toolkit\;C:\Program Files\NVIDIA Corporation\NVIDIA App\NvDLISR;C:\Program Files\nodejs\;C:\Program Files\Docker\Docker\resources\bin;C:\Users\QUANG HIEU\AppData\Local\Python\bin;E:\flutter\bin;C:\Users\QUANG HIEU\AppData\Local\Programs\Python\Launcher\;C:\Users\QUANG HIEU\AppData\Local\Yarn\config\global\node_modules\.bin;C:\Users\QUANG HIEU\AppData\Roaming\Composer\vendor\bin;E:\CSE485Web\laragon\bin;E:\CSE485Web\laragon\bin\apache\httpd-2.4.54-win64-VS16\bin;E:\CSE485Web\laragon\bin\composer;E:\CSE485Web\laragon\bin\git\bin;E:\CSE485Web\laragon\bin\git\cmd;E:\CSE485Web\laragon\bin\git\mingw64\bin;E:\CSE485Web\laragon\bin\git\usr\bin;E:\CSE485Web\laragon\bin\laragon\utils;E:\CSE485Web\laragon\bin\mysql\mysql-8.0.30-winx64\bin;E:\CSE485Web\laragon\bin\nginx\nginx-1.22.0;E:\CSE485Web\laragon\bin\ngrok;E:\CSE485Web\laragon\bin\nodejs\node-v18;E:\CSE485Web\laragon\bin\notepad++;E:\CSE485Web\laragon\bin\php\php-8.1.10-Win32-vs16-x64;E:\CSE485Web\laragon\bin\python\python-3.10;E:\CSE485Web\laragon\bin\python\python-3.10\Scripts;E:\CSE485Web\laragon\bin\redis\redis-x64-5.0.14.1;E:\CSE485Web\laragon\bin\telnet;E:\CSE485Web\laragon\usr\bin;C:\Users\QUANG HIE;C:\Users\QUANG HIEU\AppData\Local\Programs\Microsoft VS Code\bin;C:\Users\QUANG HIEU\.dotnet\tools;E:\Trash;C:\Users\QUANG HIEU\IntelliJ IDEA 2025.2.1\bin;C:\Users\QUANG HIEU\AppData\Roaming\npm;C:\Users\QUANG HIEU\AppData\Local\JetBrains\Toolbox\scripts;D:\Antigravity\bin
USERNAME=QUANG HIEU
OS=Windows_NT
PROCESSOR_IDENTIFIER=Intel64 Family 6 Model 141 Stepping 1, GenuineIntel
TMP=C:\Users\QUANGH~1\AppData\Local\Temp
TEMP=C:\Users\QUANGH~1\AppData\Local\Temp




Periodic native trim disabled

---------------  S Y S T E M  ---------------

OS:
 Windows 11 , 64 bit Build 26100 (10.0.26100.8246)
OS uptime: 0 days 19:09 hours
Hyper-V role detected

CPU: total 16 (initial active 16) (8 cores per cpu, 2 threads per core) family 6 model 141 stepping 1 microcode 0x26, cx8, cmov, fxsr, ht, mmx, 3dnowpref, sse, sse2, sse3, ssse3, sse4.1, sse4.2, popcnt, lzcnt, tsc, tscinvbit, avx, avx2, aes, erms, clmul, bmi1, bmi2, adx, avx512f, avx512dq, avx512cd, avx512bw, avx512vl, sha, fma, vzeroupper, avx512_vpopcntdq, avx512_vpclmulqdq, avx512_vaes, avx512_vnni, clflush, clflushopt, clwb, avx512_vbmi2, avx512_vbmi, hv, rdtscp, rdpid, fsrm, gfni, avx512_bitalg, f16c, cet_ibt, cet_ss, avx512_ifma
Processor Information for all 16 processors :
  Max Mhz: 2301, Current Mhz: 2301, Mhz Limit: 2301

Memory: 4k page, system-wide physical 16085M (994M free)
TotalPageFile size 32469M (AvailPageFile size 50M)
current process WorkingSet (physical memory assigned to process): 710M, peak: 757M
current process commit charge ("private bytes"): 766M, peak: 805M

vm_info: Java HotSpot(TM) 64-Bit Server VM (21.0.7+8-LTS-245) for windows-amd64 JRE (21.0.7+8-LTS-245), built on 2025-02-21T05:11:27Z by "mach5one" with MS VC++ 17.6 (VS2022)

END.
